2025-04-11 17:00:00,276 - INFO - 开始对接 240 个分子...
2025-04-11 17:25:31,928 - INFO - 已完成 50/240 分子对接，中间结果已保存
2025-04-11 17:52:49,128 - WARNING - 对接失败: CC#CCOc1ccc(N2C(=O)N(Cc3ccc(Cl)c(Cl)c3)C3(CC3)C2=O)nn1
2025-04-11 17:54:49,873 - WARNING - 对接失败: C#CCOCC(O)CC1COC2(COCC[NH+](CNc3cccc(F)c3)C2)C1
2025-04-11 18:01:22,665 - INFO - 已完成 100/240 分子对接，中间结果已保存
2025-04-11 18:44:25,574 - INFO - 已完成 150/240 分子对接，中间结果已保存
2025-04-11 19:28:09,735 - INFO - 已完成 200/240 分子对接，中间结果已保存
2025-04-11 19:33:09,138 - WARNING - 对接失败: Cc1nnn(CC[S](O)c2ccc3ccccc3c2)c1CCC[C@@H]1C[C@H]1O
2025-04-11 19:35:58,167 - WARNING - 对接失败: CCOC[C@@H](CN)n1nncc1C[N+](C)(C)Cc1cccc2ccccc12
2025-04-11 19:41:04,400 - WARNING - 对接失败: CCc1nnn(CCSSCCO)c1C[N+](C)(C)Cc1ccccc1
2025-04-11 19:43:04,817 - WARNING - 对接失败: C#CCOCC(C#N)CC1COC2(COCC[NH+](CNc3cccc(F)c3)C2)C1
2025-04-11 19:45:05,543 - WARNING - 对接失败: COCn1cc(Cc2c(C)nnn2CCCOc2ccc(Oc3ccccc3)cc2)cn1
2025-04-11 19:48:20,430 - WARNING - 对接失败: CC=C(C)C(=O)NCc1cccc(CSCCN=[N+]=[N-])c1F
2025-04-11 19:57:59,945 - WARNING - 对接失败: C#CC[N+](C)(C)Cc1cccc(OCC(=O)O[C@@H]2CC[C@@H]3CCC[C@H]32)c1
2025-04-11 20:04:22,077 - WARNING - 对接失败: C#CCOc1ccc2ccccc2c1CNC(C)C(=O)NC[C@H]1C[C@H]1C(=O)O
2025-04-11 20:08:41,150 - WARNING - 对接失败: CC[C@H](C)C(=O)NCc1cccc(CSCCN=[N+]=[N-])c1F
2025-04-11 20:17:59,583 - WARNING - 对接失败: COc1ccnc(F)c1C#CC[N+](C)(C)Cc1cccc(OCC(=O)O)c1
2025-04-11 20:20:00,016 - WARNING - 对接失败: [N-]=[N+]=NCCOCCCN(CCc1cncnc1)Cc1ccccc1
2025-04-11 20:22:00,714 - WARNING - 对接失败: CCc1nnn(-c2ccccc2CO[C@H](C)C(=O)OC)c1C[N+](C)(C)Cc1ccccc1
2025-04-11 20:24:01,322 - WARNING - 对接失败: C#CCOCC(=O)NC1CC2CCC1[NH+]2CC(C#N)COc1ccccc1F
2025-04-11 20:27:16,980 - WARNING - 对接失败: Cc1nnn(CCCOc2ccc(C(F)(F)F)cc2)c1CCCN(C)[C@H](C)C#N
2025-04-11 20:29:17,665 - WARNING - 对接失败: C=CCCCNC(=O)c1c(C)nnn1CCSCc1cccc(-c2ccccn2)c1F
2025-04-11 20:32:09,802 - INFO - 对接完成。成功率: 223/240 (92.9%)。结果保存至 /data1/ytg/GA_llm/output/docking_results/generation_0_docked.smi
