2025-04-15 06:39:53,259 - INFO - 开始对接 872 个分子...
2025-04-15 07:07:10,451 - INFO - 已完成 50/872 分子对接，中间结果已保存
2025-04-15 07:37:19,028 - WARNING - 对接失败: [N-]=[N+]=NCCCOc1ccc(Oc2ccccc2)cc1
2025-04-15 07:41:42,827 - INFO - 已完成 100/872 分子对接，中间结果已保存
2025-04-15 09:07:11,911 - INFO - 开始对接 773 个分子...
2025-04-15 09:50:43,012 - INFO - 已完成 50/773 分子对接，中间结果已保存
2025-04-15 10:37:57,695 - INFO - 已完成 100/773 分子对接，中间结果已保存
2025-04-15 11:16:02,450 - WARNING - 对接失败: C=C(F)CC(=O)CC(C(=O)N1CCCCC1COC(=O)N(C)C)c1ccccc1
2025-04-15 11:31:50,090 - INFO - 已完成 150/773 分子对接，中间结果已保存
2025-04-15 11:48:28,444 - WARNING - 对接失败: CCc1nnn(CC2(C#N)CCCCC2)c1C[N+](C)(C)Cc1ccccc1
2025-04-15 11:50:29,150 - WARNING - 对接失败: C#CCOc1ccc2ccccc2c1CN(C(=O)c1ccccc1)C(C)C(=O)C#N
2025-04-15 11:53:51,009 - WARNING - 对接失败: Cc1nnn(CC2(OC(=O)CCCl)COC2)c1C[N+](C)(C)Cc1ccccc1
2025-04-15 11:57:33,116 - WARNING - 对接失败: C#CCSCCNC(=O)C(=O)C1CN(C(=O)OC)c2ccccc2O1
2025-04-15 12:07:29,770 - WARNING - 对接失败: C#CCOc1cccc(COC(=O)C2COCCN2C(=O)OCc2ccccc2)c1
2025-04-15 12:16:27,759 - WARNING - 对接失败: C#CCOc1ccc2ccccc2c1C[NH2+]CCC(SC)c1nnc2ccccn12
2025-04-15 12:20:29,849 - WARNING - 对接失败: C#CCOCCNC(=O)c1ccc2c(=O)n(-c3ccccc3F)c(=S)[nH]c2c1
2025-04-15 12:23:51,979 - WARNING - 对接失败: CC#CCSc1nnc(-c2ccc(C(C)(C)C)cc2)n1Cc1ccco1
2025-04-15 12:26:30,464 - WARNING - 对接失败: C#CCOc1ccc2ccccc2c1CNCc1ccccc1OC
2025-04-15 12:27:29,835 - INFO - 已完成 200/773 分子对接，中间结果已保存
2025-04-15 12:50:50,089 - WARNING - 对接失败: COC(=O)c1ccccc1CS(=O)(=O)NC(c1ccccc1)c1ccncc1
2025-04-15 13:25:49,557 - INFO - 已完成 250/773 分子对接，中间结果已保存
2025-04-15 14:15:46,698 - INFO - 已完成 300/773 分子对接，中间结果已保存
2025-04-15 14:36:54,333 - WARNING - 对接失败: C#CCOc1cccc(COC(=O)C2COCCN2C(=O)OCc2ccccc2)c1
2025-04-15 14:58:54,396 - INFO - 已完成 350/773 分子对接，中间结果已保存
2025-04-15 15:20:09,117 - WARNING - 对接失败: C#CC[N+](C)(C)Cc1ncnn1CCN(c1ccccc1)C(C)C=O
2025-04-15 15:28:24,362 - WARNING - 对接失败: [N-]=[N+]=NCCCOc1ccc(OCCOc2ccccc2)cc1
2025-04-15 15:54:22,342 - INFO - 已完成 400/773 分子对接，中间结果已保存
2025-04-15 16:32:34,602 - WARNING - 对接失败: COCC(c1cccc(NC(=O)C(CCN)OC(C)(C)C)c1)N1CCCC1
2025-04-15 16:47:36,720 - WARNING - 对接失败: COc1ccc(NC(=O)NCCSCc2ccc(C[NH+](C)C)o2)cc1
2025-04-15 16:55:08,203 - WARNING - 对接失败: Cc1c(C[N+](C)(C)Cc2ccccc2)n(CC2(OCc3ccccc3)COC2)nn1
2025-04-15 16:57:31,446 - INFO - 已完成 450/773 分子对接，中间结果已保存
2025-04-15 17:13:48,687 - WARNING - 对接失败: [N-]=[N+]=NCCCOc1ccc(CCCN2CCCC2=O)c(OC(F)(F)F)c1
2025-04-15 17:15:49,148 - WARNING - 对接失败: C#CCOc1cccc(COC(=O)C2COCCN2C(=O)OCc2ccccc2)c1
2025-04-15 17:39:41,030 - WARNING - 对接失败: CC#CCOc1cccc(CNCCN(C)Cc2ccccc2)c1
2025-04-15 17:41:41,483 - WARNING - 对接失败: C#CCOc1ccc2ccccc2c1CNC(=O)NC1CCOC(c2ccncc2)C1
2025-04-15 17:51:21,040 - WARNING - 对接失败: [N-]=[N+]=NCC(O)COCCCCCCOCc1ccc(C2CC2)cc1
2025-04-15 17:59:17,330 - WARNING - 对接失败: [N-]=[N+]=NCCSCc1cccc(N2CCN(CCc3ccccc3)CC2)c1F
2025-04-15 17:59:17,331 - INFO - 已完成 500/773 分子对接，中间结果已保存
2025-04-15 18:02:19,177 - WARNING - 对接失败: CC#CCOc1cccc(CN(Cc2ccco2)C(=O)C2CC(O)=NC(C)C2)c1
2025-04-15 18:05:37,196 - WARNING - 对接失败: C#CC[N+](C)(C)Cc1ncnn1CCN(C(C)C=O)C(C)(C)c1ccccn1
2025-04-15 18:12:45,149 - WARNING - 对接失败: [N-]=[N+]=NCCCOc1ccc(OCCOc2ccccc2Cl)cc1
2025-04-15 18:23:12,091 - WARNING - 对接失败: NC(=O)c1ccc(CN2CCN(C(=O)c3cccc(-c4cocc4)c3)CC2)cc1
2025-04-15 18:54:22,790 - WARNING - 对接失败: COCCOC(CN=[N+]=N)N(C)CC(=O)c1ccc2ccccc2c1
2025-04-15 18:59:39,158 - WARNING - 对接失败: C=C(F)CC(=O)CC(C(=O)OCN1CCCCC1C(=O)OCC)c1ccccc1
2025-04-15 19:03:01,113 - INFO - 已完成 550/773 分子对接，中间结果已保存
2025-04-15 19:08:00,585 - WARNING - 对接失败: COCC(c1cccc(NC(=O)C(CCN)Oc2ccc(Cl)c(C)c2)c1)N1CCCC1
2025-04-15 19:13:57,449 - WARNING - 对接失败: CN1CCC(OCCOC(C)(C#CCO)OCCOC2CCN(C)C2)C1
2025-04-15 19:19:44,648 - WARNING - 对接失败: COc1ccc(NC(=O)NCCSCc2ccc(C[NH+]3CCOCC3)o2)cc1
2025-04-15 19:27:00,075 - WARNING - 对接失败: Cc1c(CC[N+](C)(C)Cc2cccc3ccccc23)nnn1[C@H]1CCC=CCC[C@H]1O
2025-04-15 19:34:07,288 - WARNING - 无法生成3D构象: C[C@]12C=C[C@@H](CC1)[C@@H]2n1nncc1COC(=O)Cc1cccc2ccccc12
2025-04-15 19:44:24,774 - WARNING - 对接失败: CC[C@@H](C)[C@H](C)N[C@@H](C)c1cnnn1CC#C[C@@](C)(O)c1ccc2ccccc2c1
2025-04-15 19:47:40,212 - WARNING - 对接失败: C=C(C)C=C=CC(C)(C)OC[C@@H](O)CO[C@@](C)(C#CCO)c1ccc2ccccc2c1
2025-04-15 19:52:11,314 - WARNING - 对接失败: C=C[C@H](O)CNCCCC=C(CN=[N+]=N)c1ccc2ccccc2c1
2025-04-15 19:59:42,666 - WARNING - 无法生成3D构象: CC(=O)N(C(=O)[C@@H]1C[C@@H]2CC[C@@H]1C2)c1ccc(N=[N+]=N)c2ccccc12
2025-04-15 20:03:59,147 - WARNING - 对接失败: C#CCO[C@H](Cc1cn(CCCOc2ccc(Oc3ccccc3)cc2)nn1)C(C)C
2025-04-15 20:08:50,610 - WARNING - 对接失败: C#CC(C#C)OCC(=O)NCc1cccc(CSCCN=[N+]=[N-])c1F
2025-04-15 20:08:50,611 - INFO - 已完成 600/773 分子对接，中间结果已保存
2025-04-15 20:14:59,661 - WARNING - 对接失败: CCN(C[C@@H](C)N)C(CN=[N+]=N)c1ccc(-c2ccccc2)cc1
2025-04-15 20:17:00,320 - WARNING - 对接失败: C#CCOc1ccc2ccccc2c1CN(C1CCCC1)S(=O)(=O)C[C@@H](C)CC
2025-04-15 20:21:38,707 - WARNING - 对接失败: O=C(CCF)OCCCc1cn(CCCOc2ccc(Oc3ccccc3)cc2)nn1
2025-04-15 20:41:16,636 - WARNING - 对接失败: C#C[C@@H](CC(C)C)OCc1ccccc1-n1cc(CC(O)(n2cccc2)C(C)(C)C)nn1
2025-04-15 20:43:17,107 - WARNING - 对接失败: N=[N+]=NCC(NCCCC(F)F)c1ccc(-c2ccccc2)cc1
2025-04-15 20:45:17,624 - WARNING - 对接失败: Cc1cccc(CNC(=O)NCCOc2cccc3ccccc23)c1
2025-04-15 20:48:19,469 - WARNING - 对接失败: C#CCOc1cc2ccccc2cc1C(=O)Sc1cc(N=C=O)cc2[nH]cnc12
2025-04-15 20:53:15,152 - WARNING - 无法生成3D构象: O=C(NCCCOc1cccc2ccccc12)[C@@H]1[C@@H]2CCO[C@H]21
2025-04-15 21:03:02,013 - WARNING - 对接失败: C=CC(=O)NCCOC1(Cn2nnc(C)c2C[N+](C)(C)Cc2ccccc2)COC1
2025-04-15 21:18:33,260 - INFO - 已完成 650/773 分子对接，中间结果已保存
2025-04-15 21:58:23,390 - WARNING - 对接失败: CC(OCCCC(=O)Oc1ccc(C(O)[C@H]2C[C@H](C)CO2)cc1)C1CCOC1
2025-04-15 22:02:11,978 - WARNING - 对接失败: [H]C#CC([H])([H])Oc1c([H])c([H])c2c([H])c([H])c([H])c([H])c2c1C([H])([H])N(C([H])([H])C(=O)OCCN(C)CC)C([H])(C([H])([H])[H])C([H])([H])[H]
2025-04-15 22:04:24,327 - WARNING - 对接失败: Cc1c(C[N+](C)(C)Cc2ccccc2)nnn1CC(C)(C)OCC(=O)N1CC[C@@H]2C[C@H]2C1
2025-04-15 22:09:32,652 - WARNING - 对接失败: CCCC(C)OCCNCCOc1ccccc1-c1ccccc1[S@](C)=O
2025-04-15 22:16:32,267 - WARNING - 对接失败: COCc1ccc(C#CCOc2ccc(C(=O)N3CCOCC4(CCOCC4)C3)cc2)cc1
2025-04-15 22:20:20,626 - WARNING - 对接失败: [N-]=[N+]=NCC(O)COc1ccc(-c2ccc(CN3CC(F)C3)cc2F)cc1
2025-04-15 22:20:50,208 - INFO - 已完成 700/773 分子对接，中间结果已保存
2025-04-15 22:32:12,326 - WARNING - 对接失败: CC(O)(C#CCO)c1ccc(OCC2CC(F)(F)C2)cc1OCc1ccccc1
2025-04-15 22:34:12,920 - WARNING - 对接失败: CCO[C@H](CF)Cn1c(C(=O)N2CCCC(OC(=O)N(C)C)C2)ccc1-c1ccccc1
2025-04-15 22:36:13,404 - WARNING - 对接失败: CC#CCOc1cccc(CN(CCOC)C(=O)[C@@]2(C)CCCCO2)c1
2025-04-15 22:38:13,830 - WARNING - 对接失败: C[N+](C)(Cc1cc2cccc(Cl)c2o1)Cc1ncnn1CC(=O)c1ccccc1
2025-04-15 22:40:14,459 - WARNING - 对接失败: Cc1nnn(CC(F)(F)CO)c1C[N+](C)(C)Cc1ccccc1N1CCCCC1
2025-04-15 22:40:14,460 - WARNING - 连续失败 5 次，请检查对接配置
2025-04-15 22:42:14,900 - WARNING - 对接失败: [H]c1c([H])c(C(=O)OCCC#CCC)c(F)c(C([H])([H])SC([H])([H])C([H])([H])N=[N+]=[N-])c1[H]
2025-04-15 22:59:22,911 - WARNING - 对接失败: CON=Cc1ccc(NCC(O)COc2ccc(-c3ccccc3)cc2)nc1
2025-04-15 23:06:09,411 - WARNING - 对接失败: C[C@H](C=Cc1cc(F)cc(Cc2cn(COCCS)nn2)c1)COC[C@@H]1CCO1
2025-04-15 23:14:04,015 - WARNING - 对接失败: C=CC(=O)OCn1nnc(C2CC2CCCc2cn([C@@H](C)[C@H]3CC[C@@H]3F)nn2)c1C
2025-04-15 23:21:38,693 - WARNING - 对接失败: CC(C#CCn1cc(Cc2cccc(F)c2F)nn1)(N=[N+]=[N-])c1cccc(F)c1F
2025-04-15 23:23:39,608 - WARNING - 对接失败: CCCC(C)OCCNCCOc1ccccc1/C=C/c1ccnc(-c2cccnc2)n1
2025-04-15 23:27:57,906 - WARNING - 对接失败: CC#CCOCC(O)(c1ccc(OC)cc1)c1nc(CN)ccc1C
2025-04-15 23:33:45,120 - WARNING - 对接失败: C=CCCn1nncc1COc1ccc2ccccc2c1CNCc1ccccc1OC
2025-04-15 23:35:41,725 - INFO - 已完成 750/773 分子对接，中间结果已保存
2025-04-15 23:38:42,818 - WARNING - 对接失败: Cc1cnc(-c2ccc(COc3cc(Cl)ccc3C(C)(O)C#CCO)cc2)c(N)c1
2025-04-15 23:40:43,583 - WARNING - 对接失败: C#CC[N+](C)(C)Cc1ncnn1CC(=O)Sc1ccc(OCCC)c(C)c1
2025-04-15 23:44:05,382 - WARNING - 无法生成3D构象: CC#CC[N+](C)(C)Cc1ccccc1C(C)(O)[C@H]1[C@@H]2CC[C@H](C2)[C@@H]1O
2025-04-15 23:46:05,745 - WARNING - 对接失败: NCC(O)COCCCCCCOCc1ccc(C2CC2)cc1
2025-04-15 23:50:55,515 - WARNING - 对接失败: CC[C@@](CO)(OCC#CC(C)(O)OCc1ccccc1)c1cncc(Br)c1
2025-04-15 23:52:55,904 - WARNING - 对接失败: CC(C#CCO)(OC[C@H](O)c1ccc(OC(F)(F)F)cc1)C1CC1
2025-04-15 23:54:56,495 - WARNING - 对接失败: O=C(OCCNC1CCCC1)c1nnn(-c2ccc(F)cc2)c1-c1ccc(F)cc1
2025-04-16 00:01:50,842 - WARNING - 对接失败: CCCc1ccc(OC(=O)N(CC(C)C)Cn2cncc2C(COC)N2CCCC2)cc1
2025-04-16 00:05:51,458 - WARNING - 对接失败: CC(OCCCC(=O)Oc1cccc(O[C@H]2CC[C@@H](C#N)C2)c1)C1CCOC1
2025-04-16 00:08:30,499 - WARNING - 对接失败: CC1=CCN(CCCc2cn(CNS(=O)(=O)CCCO[C@H](C)CCl)nn2)CC1
2025-04-16 00:14:06,480 - WARNING - 对接失败: C#CCOc1ccc2ccccc2c1CNCCN([C@H](C)c1ccsc1)S(C)(=O)=O
2025-04-16 00:17:34,653 - WARNING - 对接失败: C[C@@H](CNc1ccc(OCCNC(=O)Nc2cccc(F)c2Cl)cc1)N(C)C
2025-04-16 00:17:34,656 - INFO - 对接完成。成功率: 693/773 (89.7%)。
2025-04-16 00:17:34,656 - INFO - 种群平均对接得分: -8.02 kcal/mol
2025-04-16 00:17:34,656 - INFO - 结果保存至 /data1/ytg/GA_llm/output/generation_2/remaining_docked.smi
