2025-05-06 15:07:12,100 - INFO - 开始第0代(对初始种群进行处理后对接)
2025-05-06 15:07:12,100 - INFO - 开始第 0 代进化
2025-05-06 15:07:12,100 - INFO - Generation 0: 对初始文件进行处理后进行对接
2025-05-06 15:07:12,100 - INFO - 开始分子分解: /data1/tgy/GA_llm/datasets/source_compounds/naphthalene_smiles.smi
2025-05-06 15:07:12,567 - INFO - 分子分解完成，生成文件: /data1/tgy/GA_llm/datasets/decompose/decompose_results/truncated_frags_gen0.smi
2025-05-06 15:07:12,567 - INFO - 开始GPT生成: /data1/tgy/GA_llm/datasets/decompose/decompose_results/truncated_frags_gen0.smi
2025-05-06 15:08:34,847 - INFO - GPT生成完成,输出文件: /data1/tgy/GA_llm/fragment_GPT/output/crossovered0_frags_new_0.smi
2025-05-06 15:08:34,847 - INFO - 开始分子过滤: /data1/tgy/GA_llm/datasets/source_compounds/naphthalene_smiles.smi
2025-05-06 15:08:34,848 - INFO - 执行过滤命令: python /data1/tgy/GA_llm/operations/filter/filter_demo.py --input /data1/tgy/GA_llm/datasets/source_compounds/naphthalene_smiles.smi --output /data1/tgy/GA_llm/output_finetune/generation_0/generation_0_filtered.smi --LipinskiStrictFilter
2025-05-06 15:08:37,975 - INFO - 分子过滤完成，生成文件: /data1/tgy/GA_llm/output_finetune/generation_0/generation_0_filtered.smi
2025-05-06 15:08:37,976 - INFO - 开始分子对接: /data1/tgy/GA_llm/output_finetune/generation_0/generation_0_filtered.smi, 处理器数量: -1, 模式: multithreading
2025-05-06 15:08:37,976 - INFO - 自动设置使用所有可用的CPU核心: 128
2025-05-06 15:08:37,976 - INFO - 使用并行模式进行对接，处理器数量: 128
2025-05-06 15:08:37,976 - INFO - 共有 115 个分子需要对接
2025-05-06 15:08:37,977 - INFO - 将 115 个分子分为 115 批进行处理，每批大约 1 个分子
2025-05-06 15:08:37,977 - INFO - 使用多线程模式，线程数: 128
2025-05-06 15:09:19,563 - INFO - 已完成: 5/115 (4.3%), 成功: 5/5 (100.0% 成功率), 耗时: 41.6秒, 预计剩余: 914.9秒
2025-05-06 15:09:25,831 - INFO - 已完成: 10/115 (8.7%), 成功: 10/10 (100.0% 成功率), 耗时: 47.9秒, 预计剩余: 502.5秒
2025-05-06 15:09:27,698 - INFO - 已完成: 15/115 (13.0%), 成功: 15/15 (100.0% 成功率), 耗时: 49.7秒, 预计剩余: 331.5秒
2025-05-06 15:09:28,704 - INFO - 已完成: 20/115 (17.4%), 成功: 20/20 (100.0% 成功率), 耗时: 50.7秒, 预计剩余: 241.0秒
2025-05-06 15:09:30,271 - INFO - 已完成: 25/115 (21.7%), 成功: 25/25 (100.0% 成功率), 耗时: 52.3秒, 预计剩余: 188.3秒
2025-05-06 15:09:32,357 - INFO - 已完成: 30/115 (26.1%), 成功: 30/30 (100.0% 成功率), 耗时: 54.4秒, 预计剩余: 154.1秒
2025-05-06 15:09:33,623 - INFO - 已完成: 35/115 (30.4%), 成功: 35/35 (100.0% 成功率), 耗时: 55.6秒, 预计剩余: 127.2秒
2025-05-06 15:09:35,714 - INFO - 已完成: 40/115 (34.8%), 成功: 40/40 (100.0% 成功率), 耗时: 57.7秒, 预计剩余: 108.3秒
2025-05-06 15:09:38,513 - INFO - 已完成: 45/115 (39.1%), 成功: 45/45 (100.0% 成功率), 耗时: 60.5秒, 预计剩余: 94.2秒
2025-05-06 15:09:38,979 - INFO - 已完成: 50/115 (43.5%), 成功: 50/50 (100.0% 成功率), 耗时: 61.0秒, 预计剩余: 79.3秒
2025-05-06 15:09:40,075 - INFO - 已完成: 55/115 (47.8%), 成功: 55/55 (100.0% 成功率), 耗时: 62.1秒, 预计剩余: 67.7秒
2025-05-06 15:09:40,922 - INFO - 已完成: 60/115 (52.2%), 成功: 60/60 (100.0% 成功率), 耗时: 62.9秒, 预计剩余: 57.7秒
2025-05-06 15:09:41,989 - INFO - 已完成: 65/115 (56.5%), 成功: 65/65 (100.0% 成功率), 耗时: 64.0秒, 预计剩余: 49.2秒
2025-05-06 15:09:43,458 - INFO - 已完成: 70/115 (60.9%), 成功: 70/70 (100.0% 成功率), 耗时: 65.5秒, 预计剩余: 42.1秒
2025-05-06 15:09:44,581 - INFO - 已完成: 75/115 (65.2%), 成功: 75/75 (100.0% 成功率), 耗时: 66.6秒, 预计剩余: 35.5秒
2025-05-06 15:09:46,104 - INFO - 已完成: 80/115 (69.6%), 成功: 80/80 (100.0% 成功率), 耗时: 68.1秒, 预计剩余: 29.8秒
2025-05-06 15:09:47,239 - INFO - 已完成: 85/115 (73.9%), 成功: 85/85 (100.0% 成功率), 耗时: 69.3秒, 预计剩余: 24.4秒
2025-05-06 15:09:49,328 - INFO - 已完成: 90/115 (78.3%), 成功: 90/90 (100.0% 成功率), 耗时: 71.4秒, 预计剩余: 19.8秒
2025-05-06 15:09:50,151 - INFO - 已完成: 95/115 (82.6%), 成功: 95/95 (100.0% 成功率), 耗时: 72.2秒, 预计剩余: 15.2秒
2025-05-06 15:09:52,086 - INFO - 已完成: 100/115 (87.0%), 成功: 100/100 (100.0% 成功率), 耗时: 74.1秒, 预计剩余: 11.1秒
2025-05-06 15:09:52,875 - INFO - 已完成: 105/115 (91.3%), 成功: 105/105 (100.0% 成功率), 耗时: 74.9秒, 预计剩余: 7.1秒
2025-05-06 15:09:53,768 - INFO - 已完成: 110/115 (95.7%), 成功: 110/110 (100.0% 成功率), 耗时: 75.8秒, 预计剩余: 3.4秒
2025-05-06 15:09:58,712 - INFO - 已完成: 115/115 (100.0%), 成功: 115/115 (100.0% 成功率), 耗时: 80.7秒, 预计剩余: 0.0秒
2025-05-06 15:09:58,721 - INFO - 对接计算完成，总耗时: 80.74秒，平均每个分子: 0.70秒，总成功率: 100.0%
2025-05-06 15:09:58,722 - INFO - 并行对接完成，成功对接 115/115 个分子，结果保存至: /data1/tgy/GA_llm/output_finetune/generation_0/generation_0_docked.smi
2025-05-06 15:09:58,734 - INFO - 开始对接结果分析: /data1/tgy/GA_llm/output_finetune/generation_0/generation_0_docked.smi
2025-05-06 15:09:58,861 - INFO - 对接结果分析完成，结果保存至: /data1/tgy/GA_llm/output_finetune/generation_0/generation_0_stats.txt
2025-05-06 15:09:58,863 - INFO - 
==================== Generation 0 统计信息 ====================
总分子数: 115
所有分子得分均值: -7.9443
Top1得分: -11.0000
Top10得分均值: -9.4000
Top20得分均值: -9.0400
Top50得分均值: -8.5660
Top100得分均值: -8.1070
========================================================================

2025-05-06 15:09:58,863 - INFO - 第 0 代完成
2025-05-06 15:09:58,863 - INFO - 第0代完成,耗时: 166.76秒
2025-05-06 15:09:58,864 - INFO - 开始第 1 代进化
2025-05-06 15:09:58,864 - INFO - 开始第 1 代进化
2025-05-06 15:09:58,864 - INFO - 第 1 代种子设置: 基于适应度选择 10 个, 基于多样性选择 10 个
2025-05-06 15:09:58,865 - INFO - 选择种子分子: 根据适应度选择 10 个, 根据多样性选择 10 个
2025-05-06 15:09:58,865 - INFO - 使用选择器: Roulette_Selector
2025-05-06 15:09:59,101 - INFO - 已选择 20 个种子分子，保存至: /data1/tgy/GA_llm/output_finetune/generation_1/generation_1_seeds.smi
2025-05-06 15:09:59,101 - INFO - 开始分子分解: /data1/tgy/GA_llm/output_finetune/generation_1/generation_1_seeds.smi
2025-05-06 15:09:59,466 - INFO - 分子分解完成，生成文件: /data1/tgy/GA_llm/datasets/decompose/decompose_results/truncated_frags_gen1.smi
2025-05-06 15:09:59,466 - INFO - 开始GPT生成: /data1/tgy/GA_llm/datasets/decompose/decompose_results/truncated_frags_gen1.smi
2025-05-06 15:10:24,683 - INFO - GPT生成完成,输出文件: /data1/tgy/GA_llm/fragment_GPT/output/crossovered1_frags_new_1.smi
2025-05-06 15:10:24,683 - INFO - 开始分子交叉: 使用 20 个种子分子生成 50 个新分子
2025-05-06 15:10:27,818 - INFO - 分子交叉完成，生成文件: /data1/tgy/GA_llm/output_finetune/generation_1/generation_1_crossover.smi
2025-05-06 15:10:27,819 - INFO - 开始分子变异: 使用 20 个种子分子生成 50 个新分子
2025-05-06 15:10:38,961 - INFO - 分子变异完成，生成文件: /data1/tgy/GA_llm/output_finetune/generation_1/generation_1_mutation.smi
2025-05-06 15:10:38,961 - INFO - 合并交叉和变异结果: 交叉 50 个, 变异 50 个
2025-05-06 15:10:38,961 - INFO - 开始分子过滤: /data1/tgy/GA_llm/output_finetune/generation_1/generation_1_merged.smi
2025-05-06 15:10:38,961 - INFO - 执行过滤命令: python /data1/tgy/GA_llm/operations/filter/filter_demo.py --input /data1/tgy/GA_llm/output_finetune/generation_1/generation_1_merged.smi --output /data1/tgy/GA_llm/output_finetune/generation_1/generation_1_filtered.smi --LipinskiStrictFilter
2025-05-06 15:10:41,706 - INFO - 分子过滤完成，生成文件: /data1/tgy/GA_llm/output_finetune/generation_1/generation_1_filtered.smi
2025-05-06 15:10:41,707 - INFO - 开始分子对接: /data1/tgy/GA_llm/output_finetune/generation_1/generation_1_filtered.smi, 处理器数量: -1, 模式: multithreading
2025-05-06 15:10:41,707 - INFO - 自动设置使用所有可用的CPU核心: 128
2025-05-06 15:10:41,707 - INFO - 使用并行模式进行对接，处理器数量: 128
2025-05-06 15:10:41,708 - INFO - 共有 86 个分子需要对接
2025-05-06 15:10:41,708 - INFO - 将 86 个分子分为 86 批进行处理，每批大约 1 个分子
2025-05-06 15:10:41,709 - INFO - 使用多线程模式，线程数: 128
2025-05-06 15:11:19,945 - INFO - 已完成: 4/86 (4.7%), 成功: 4/4 (100.0% 成功率), 耗时: 38.2秒, 预计剩余: 783.8秒
2025-05-06 15:11:21,634 - INFO - 已完成: 8/86 (9.3%), 成功: 8/8 (100.0% 成功率), 耗时: 39.9秒, 预计剩余: 389.3秒
2025-05-06 15:11:23,175 - INFO - 已完成: 12/86 (14.0%), 成功: 12/12 (100.0% 成功率), 耗时: 41.5秒, 预计剩余: 255.7秒
2025-05-06 15:11:25,906 - INFO - 已完成: 16/86 (18.6%), 成功: 16/16 (100.0% 成功率), 耗时: 44.2秒, 预计剩余: 193.4秒
2025-05-06 15:11:28,090 - INFO - 已完成: 20/86 (23.3%), 成功: 20/20 (100.0% 成功率), 耗时: 46.4秒, 预计剩余: 153.1秒
2025-05-06 15:11:29,864 - INFO - 已完成: 24/86 (27.9%), 成功: 24/24 (100.0% 成功率), 耗时: 48.2秒, 预计剩余: 124.4秒
2025-05-06 15:11:31,874 - INFO - 已完成: 28/86 (32.6%), 成功: 28/28 (100.0% 成功率), 耗时: 50.2秒, 预计剩余: 103.9秒
2025-05-06 15:11:34,586 - INFO - 已完成: 32/86 (37.2%), 成功: 32/32 (100.0% 成功率), 耗时: 52.9秒, 预计剩余: 89.2秒
2025-05-06 15:11:36,546 - INFO - 已完成: 36/86 (41.9%), 成功: 36/36 (100.0% 成功率), 耗时: 54.8秒, 预计剩余: 76.2秒
2025-05-06 15:11:41,283 - INFO - 已完成: 40/86 (46.5%), 成功: 40/40 (100.0% 成功率), 耗时: 59.6秒, 预计剩余: 68.5秒
2025-05-06 15:11:42,279 - INFO - 已完成: 44/86 (51.2%), 成功: 44/44 (100.0% 成功率), 耗时: 60.6秒, 预计剩余: 57.8秒
2025-05-06 15:11:44,829 - INFO - 已完成: 48/86 (55.8%), 成功: 48/48 (100.0% 成功率), 耗时: 63.1秒, 预计剩余: 50.0秒
2025-05-06 15:11:46,238 - INFO - 已完成: 52/86 (60.5%), 成功: 52/52 (100.0% 成功率), 耗时: 64.5秒, 预计剩余: 42.2秒
2025-05-06 15:11:47,722 - INFO - 已完成: 56/86 (65.1%), 成功: 56/56 (100.0% 成功率), 耗时: 66.0秒, 预计剩余: 35.4秒
2025-05-06 15:11:50,191 - INFO - 已完成: 60/86 (69.8%), 成功: 60/60 (100.0% 成功率), 耗时: 68.5秒, 预计剩余: 29.7秒
2025-05-06 15:11:52,340 - INFO - 已完成: 64/86 (74.4%), 成功: 64/64 (100.0% 成功率), 耗时: 70.6秒, 预计剩余: 24.3秒
2025-05-06 15:11:53,246 - INFO - 已完成: 68/86 (79.1%), 成功: 68/68 (100.0% 成功率), 耗时: 71.5秒, 预计剩余: 18.9秒
2025-05-06 15:11:57,766 - INFO - 已完成: 72/86 (83.7%), 成功: 72/72 (100.0% 成功率), 耗时: 76.1秒, 预计剩余: 14.8秒
2025-05-06 15:11:59,963 - INFO - 已完成: 76/86 (88.4%), 成功: 76/76 (100.0% 成功率), 耗时: 78.3秒, 预计剩余: 10.3秒
2025-05-06 15:12:02,784 - INFO - 已完成: 80/86 (93.0%), 成功: 80/80 (100.0% 成功率), 耗时: 81.1秒, 预计剩余: 6.1秒
2025-05-06 15:12:05,530 - INFO - 已完成: 84/86 (97.7%), 成功: 84/84 (100.0% 成功率), 耗时: 83.8秒, 预计剩余: 2.0秒
2025-05-06 15:12:13,641 - INFO - 已完成: 86/86 (100.0%), 成功: 86/86 (100.0% 成功率), 耗时: 91.9秒, 预计剩余: 0.0秒
2025-05-06 15:12:13,648 - INFO - 对接计算完成，总耗时: 91.94秒，平均每个分子: 1.07秒，总成功率: 100.0%
2025-05-06 15:12:13,648 - INFO - 并行对接完成，成功对接 86/86 个分子，结果保存至: /data1/tgy/GA_llm/output_finetune/generation_1/generation_1_docked.smi
2025-05-06 15:12:13,653 - INFO - 开始对接结果分析: /data1/tgy/GA_llm/output_finetune/generation_1/generation_1_docked.smi
2025-05-06 15:12:13,816 - INFO - 对接结果分析完成，结果保存至: /data1/tgy/GA_llm/output_finetune/generation_1/generation_1_stats.txt
2025-05-06 15:12:13,817 - INFO - 
==================== Generation 1 统计信息 ====================
总分子数: 86
所有分子得分均值: -8.0849
Top1得分: -10.9000
Top10得分均值: -9.5200
Top20得分均值: -9.1400
Top50得分均值: -8.6020
Top100得分均值: -8.0849
========================================================================

2025-05-06 15:12:13,817 - INFO - 第 1 代进化完成
2025-05-06 15:12:13,818 - INFO - 第 1 代进化完成，耗时: 134.95秒
2025-05-06 15:12:13,818 - INFO - 结果保存至: /data1/tgy/GA_llm/output_finetune/generation_1/generation_1_docked.smi
2025-05-06 15:12:13,819 - INFO - 开始第 2 代进化
2025-05-06 15:12:13,819 - INFO - 开始第 2 代进化
2025-05-06 15:12:13,819 - INFO - 第 2 代种子设置: 基于适应度选择 10 个, 基于多样性选择 8 个
2025-05-06 15:12:13,819 - INFO - 选择种子分子: 根据适应度选择 10 个, 根据多样性选择 8 个
2025-05-06 15:12:13,820 - INFO - 使用选择器: Roulette_Selector
2025-05-06 15:12:13,886 - INFO - 已选择 18 个种子分子，保存至: /data1/tgy/GA_llm/output_finetune/generation_2/generation_2_seeds.smi
2025-05-06 15:12:13,886 - INFO - 开始分子分解: /data1/tgy/GA_llm/output_finetune/generation_2/generation_2_seeds.smi
2025-05-06 15:12:14,220 - INFO - 分子分解完成，生成文件: /data1/tgy/GA_llm/datasets/decompose/decompose_results/truncated_frags_gen2.smi
2025-05-06 15:12:14,220 - INFO - 开始GPT生成: /data1/tgy/GA_llm/datasets/decompose/decompose_results/truncated_frags_gen2.smi
2025-05-06 15:12:37,962 - INFO - GPT生成完成,输出文件: /data1/tgy/GA_llm/fragment_GPT/output/crossovered2_frags_new_2.smi
2025-05-06 15:12:37,962 - INFO - 开始分子交叉: 使用 18 个种子分子生成 50 个新分子
2025-05-06 15:12:41,315 - INFO - 分子交叉完成，生成文件: /data1/tgy/GA_llm/output_finetune/generation_2/generation_2_crossover.smi
2025-05-06 15:12:41,315 - INFO - 开始分子变异: 使用 18 个种子分子生成 50 个新分子
2025-05-06 15:12:56,412 - INFO - 分子变异完成，生成文件: /data1/tgy/GA_llm/output_finetune/generation_2/generation_2_mutation.smi
2025-05-06 15:12:56,413 - INFO - 合并交叉和变异结果: 交叉 50 个, 变异 50 个
2025-05-06 15:12:56,413 - INFO - 开始分子过滤: /data1/tgy/GA_llm/output_finetune/generation_2/generation_2_merged.smi
2025-05-06 15:12:56,413 - INFO - 执行过滤命令: python /data1/tgy/GA_llm/operations/filter/filter_demo.py --input /data1/tgy/GA_llm/output_finetune/generation_2/generation_2_merged.smi --output /data1/tgy/GA_llm/output_finetune/generation_2/generation_2_filtered.smi --LipinskiStrictFilter
2025-05-06 15:12:59,443 - INFO - 分子过滤完成，生成文件: /data1/tgy/GA_llm/output_finetune/generation_2/generation_2_filtered.smi
2025-05-06 15:12:59,444 - INFO - 开始分子对接: /data1/tgy/GA_llm/output_finetune/generation_2/generation_2_filtered.smi, 处理器数量: -1, 模式: multithreading
2025-05-06 15:12:59,444 - INFO - 自动设置使用所有可用的CPU核心: 128
2025-05-06 15:12:59,444 - INFO - 使用并行模式进行对接，处理器数量: 128
2025-05-06 15:12:59,445 - INFO - 共有 89 个分子需要对接
2025-05-06 15:12:59,445 - INFO - 将 89 个分子分为 89 批进行处理，每批大约 1 个分子
2025-05-06 15:12:59,445 - INFO - 使用多线程模式，线程数: 128
2025-05-06 15:13:50,364 - INFO - 已完成: 4/89 (4.5%), 成功: 4/4 (100.0% 成功率), 耗时: 50.9秒, 预计剩余: 1082.0秒
2025-05-06 15:13:52,293 - INFO - 已完成: 8/89 (9.0%), 成功: 8/8 (100.0% 成功率), 耗时: 52.8秒, 预计剩余: 535.1秒
2025-05-06 15:13:55,033 - INFO - 已完成: 12/89 (13.5%), 成功: 12/12 (100.0% 成功率), 耗时: 55.6秒, 预计剩余: 356.7秒
2025-05-06 15:13:57,594 - INFO - 已完成: 16/89 (18.0%), 成功: 16/16 (100.0% 成功率), 耗时: 58.1秒, 预计剩余: 265.3秒
2025-05-06 15:14:00,766 - INFO - 已完成: 20/89 (22.5%), 成功: 20/20 (100.0% 成功率), 耗时: 61.3秒, 预计剩余: 211.6秒
2025-05-06 15:14:01,767 - INFO - 已完成: 24/89 (27.0%), 成功: 24/24 (100.0% 成功率), 耗时: 62.3秒, 预计剩余: 168.8秒
2025-05-06 15:14:05,951 - INFO - 已完成: 28/89 (31.5%), 成功: 28/28 (100.0% 成功率), 耗时: 66.5秒, 预计剩余: 144.9秒
2025-05-06 15:14:10,771 - INFO - 已完成: 32/89 (36.0%), 成功: 32/32 (100.0% 成功率), 耗时: 71.3秒, 预计剩余: 127.0秒
2025-05-06 15:14:13,464 - INFO - 已完成: 36/89 (40.4%), 成功: 36/36 (100.0% 成功率), 耗时: 74.0秒, 预计剩余: 109.0秒
2025-05-06 15:14:18,248 - INFO - 已完成: 40/89 (44.9%), 成功: 40/40 (100.0% 成功率), 耗时: 78.8秒, 预计剩余: 96.5秒
2025-05-06 15:14:19,286 - INFO - 已完成: 44/89 (49.4%), 成功: 44/44 (100.0% 成功率), 耗时: 79.8秒, 预计剩余: 81.7秒
2025-05-06 15:14:22,588 - INFO - 已完成: 48/89 (53.9%), 成功: 48/48 (100.0% 成功率), 耗时: 83.1秒, 预计剩余: 71.0秒
2025-05-06 15:14:24,443 - INFO - 已完成: 52/89 (58.4%), 成功: 52/52 (100.0% 成功率), 耗时: 85.0秒, 预计剩余: 60.5秒
2025-05-06 15:14:27,821 - INFO - 已完成: 56/89 (62.9%), 成功: 56/56 (100.0% 成功率), 耗时: 88.4秒, 预计剩余: 52.1秒
2025-05-06 15:14:30,269 - INFO - 已完成: 60/89 (67.4%), 成功: 60/60 (100.0% 成功率), 耗时: 90.8秒, 预计剩余: 43.9秒
2025-05-06 15:14:33,000 - INFO - 已完成: 64/89 (71.9%), 成功: 64/64 (100.0% 成功率), 耗时: 93.6秒, 预计剩余: 36.5秒
2025-05-06 15:14:38,882 - INFO - 已完成: 68/89 (76.4%), 成功: 68/68 (100.0% 成功率), 耗时: 99.4秒, 预计剩余: 30.7秒
2025-05-06 15:14:41,591 - INFO - 已完成: 72/89 (80.9%), 成功: 72/72 (100.0% 成功率), 耗时: 102.1秒, 预计剩余: 24.1秒
2025-05-06 15:14:43,523 - INFO - 已完成: 76/89 (85.4%), 成功: 76/76 (100.0% 成功率), 耗时: 104.1秒, 预计剩余: 17.8秒
2025-05-06 15:14:44,989 - INFO - 已完成: 80/89 (89.9%), 成功: 80/80 (100.0% 成功率), 耗时: 105.5秒, 预计剩余: 11.9秒
2025-05-06 15:14:48,581 - INFO - 已完成: 84/89 (94.4%), 成功: 84/84 (100.0% 成功率), 耗时: 109.1秒, 预计剩余: 6.5秒
2025-05-06 15:14:52,844 - INFO - 已完成: 88/89 (98.9%), 成功: 88/88 (100.0% 成功率), 耗时: 113.4秒, 预计剩余: 1.3秒
2025-05-06 15:14:53,982 - INFO - 已完成: 89/89 (100.0%), 成功: 89/89 (100.0% 成功率), 耗时: 114.5秒, 预计剩余: 0.0秒
2025-05-06 15:14:53,990 - INFO - 对接计算完成，总耗时: 114.54秒，平均每个分子: 1.29秒，总成功率: 100.0%
2025-05-06 15:14:53,990 - INFO - 并行对接完成，成功对接 89/89 个分子，结果保存至: /data1/tgy/GA_llm/output_finetune/generation_2/generation_2_docked.smi
2025-05-06 15:14:54,000 - INFO - 开始对接结果分析: /data1/tgy/GA_llm/output_finetune/generation_2/generation_2_docked.smi
2025-05-06 15:14:54,160 - INFO - 对接结果分析完成，结果保存至: /data1/tgy/GA_llm/output_finetune/generation_2/generation_2_stats.txt
2025-05-06 15:14:54,161 - INFO - 
==================== Generation 2 统计信息 ====================
总分子数: 89
所有分子得分均值: -8.1865
Top1得分: -10.9000
Top10得分均值: -9.7000
Top20得分均值: -9.3850
Top50得分均值: -8.7760
Top100得分均值: -8.1865
========================================================================

2025-05-06 15:14:54,161 - INFO - 第 2 代进化完成
2025-05-06 15:14:54,161 - INFO - 第 2 代进化完成，耗时: 160.34秒
2025-05-06 15:14:54,161 - INFO - 结果保存至: /data1/tgy/GA_llm/output_finetune/generation_2/generation_2_docked.smi
2025-05-06 15:14:54,162 - INFO - 开始第 3 代进化
2025-05-06 15:14:54,162 - INFO - 开始第 3 代进化
2025-05-06 15:14:54,162 - INFO - 第 3 代种子设置: 基于适应度选择 10 个, 基于多样性选择 6 个
2025-05-06 15:14:54,163 - INFO - 选择种子分子: 根据适应度选择 10 个, 根据多样性选择 6 个
2025-05-06 15:14:54,163 - INFO - 使用选择器: Roulette_Selector
2025-05-06 15:14:54,231 - INFO - 已选择 16 个种子分子，保存至: /data1/tgy/GA_llm/output_finetune/generation_3/generation_3_seeds.smi
2025-05-06 15:14:54,231 - INFO - 开始分子分解: /data1/tgy/GA_llm/output_finetune/generation_3/generation_3_seeds.smi
2025-05-06 15:14:54,565 - INFO - 分子分解完成，生成文件: /data1/tgy/GA_llm/datasets/decompose/decompose_results/truncated_frags_gen3.smi
2025-05-06 15:14:54,565 - INFO - 开始GPT生成: /data1/tgy/GA_llm/datasets/decompose/decompose_results/truncated_frags_gen3.smi
2025-05-06 15:15:13,043 - INFO - GPT生成完成,输出文件: /data1/tgy/GA_llm/fragment_GPT/output/crossovered3_frags_new_3.smi
2025-05-06 15:15:13,044 - INFO - 开始分子交叉: 使用 16 个种子分子生成 50 个新分子
2025-05-06 15:15:16,335 - INFO - 分子交叉完成，生成文件: /data1/tgy/GA_llm/output_finetune/generation_3/generation_3_crossover.smi
2025-05-06 15:15:16,335 - INFO - 开始分子变异: 使用 16 个种子分子生成 50 个新分子
2025-05-06 15:15:29,011 - INFO - 分子变异完成，生成文件: /data1/tgy/GA_llm/output_finetune/generation_3/generation_3_mutation.smi
2025-05-06 15:15:29,012 - INFO - 合并交叉和变异结果: 交叉 50 个, 变异 50 个
2025-05-06 15:15:29,013 - INFO - 开始分子过滤: /data1/tgy/GA_llm/output_finetune/generation_3/generation_3_merged.smi
2025-05-06 15:15:29,013 - INFO - 执行过滤命令: python /data1/tgy/GA_llm/operations/filter/filter_demo.py --input /data1/tgy/GA_llm/output_finetune/generation_3/generation_3_merged.smi --output /data1/tgy/GA_llm/output_finetune/generation_3/generation_3_filtered.smi --LipinskiStrictFilter
2025-05-06 15:15:31,098 - INFO - 分子过滤完成，生成文件: /data1/tgy/GA_llm/output_finetune/generation_3/generation_3_filtered.smi
2025-05-06 15:15:31,099 - INFO - 开始分子对接: /data1/tgy/GA_llm/output_finetune/generation_3/generation_3_filtered.smi, 处理器数量: -1, 模式: multithreading
2025-05-06 15:15:31,099 - INFO - 自动设置使用所有可用的CPU核心: 128
2025-05-06 15:15:31,099 - INFO - 使用并行模式进行对接，处理器数量: 128
2025-05-06 15:15:31,099 - INFO - 共有 81 个分子需要对接
2025-05-06 15:15:31,100 - INFO - 将 81 个分子分为 81 批进行处理，每批大约 1 个分子
2025-05-06 15:15:31,100 - INFO - 使用多线程模式，线程数: 128
2025-05-06 15:16:22,543 - INFO - 已完成: 4/81 (4.9%), 成功: 4/4 (100.0% 成功率), 耗时: 51.4秒, 预计剩余: 990.3秒
2025-05-06 15:16:24,811 - INFO - 已完成: 8/81 (9.9%), 成功: 8/8 (100.0% 成功率), 耗时: 53.7秒, 预计剩余: 490.1秒
2025-05-06 15:16:27,001 - INFO - 已完成: 12/81 (14.8%), 成功: 12/12 (100.0% 成功率), 耗时: 55.9秒, 预计剩余: 321.4秒
2025-05-06 15:16:30,944 - INFO - 已完成: 16/81 (19.8%), 成功: 16/16 (100.0% 成功率), 耗时: 59.8秒, 预计剩余: 243.1秒
2025-05-06 15:16:35,507 - INFO - 已完成: 20/81 (24.7%), 成功: 20/20 (100.0% 成功率), 耗时: 64.4秒, 预计剩余: 196.4秒
2025-05-06 15:16:38,795 - INFO - 已完成: 24/81 (29.6%), 成功: 24/24 (100.0% 成功率), 耗时: 67.7秒, 预计剩余: 160.8秒
2025-05-06 15:16:46,105 - INFO - 已完成: 28/81 (34.6%), 成功: 28/28 (100.0% 成功率), 耗时: 75.0秒, 预计剩余: 142.0秒
2025-05-06 15:16:49,787 - INFO - 已完成: 32/81 (39.5%), 成功: 32/32 (100.0% 成功率), 耗时: 78.7秒, 预计剩余: 120.5秒
2025-05-06 15:16:57,105 - INFO - 已完成: 36/81 (44.4%), 成功: 36/36 (100.0% 成功率), 耗时: 86.0秒, 预计剩余: 107.5秒
2025-05-06 15:16:59,760 - INFO - 已完成: 40/81 (49.4%), 成功: 40/40 (100.0% 成功率), 耗时: 88.7秒, 预计剩余: 90.9秒
2025-05-06 15:17:04,622 - INFO - 已完成: 44/81 (54.3%), 成功: 44/44 (100.0% 成功率), 耗时: 93.5秒, 预计剩余: 78.6秒
2025-05-06 15:17:13,910 - INFO - 已完成: 48/81 (59.3%), 成功: 48/48 (100.0% 成功率), 耗时: 102.8秒, 预计剩余: 70.7秒
2025-05-06 15:17:17,999 - INFO - 已完成: 52/81 (64.2%), 成功: 52/52 (100.0% 成功率), 耗时: 106.9秒, 预计剩余: 59.6秒
2025-05-06 15:17:21,713 - INFO - 已完成: 56/81 (69.1%), 成功: 56/56 (100.0% 成功率), 耗时: 110.6秒, 预计剩余: 49.4秒
2025-05-06 15:17:26,761 - INFO - 已完成: 60/81 (74.1%), 成功: 60/60 (100.0% 成功率), 耗时: 115.7秒, 预计剩余: 40.5秒
2025-05-06 15:17:31,861 - INFO - 已完成: 64/81 (79.0%), 成功: 64/64 (100.0% 成功率), 耗时: 120.8秒, 预计剩余: 32.1秒
2025-05-06 15:17:33,340 - INFO - 已完成: 68/81 (84.0%), 成功: 68/68 (100.0% 成功率), 耗时: 122.2秒, 预计剩余: 23.4秒
2025-05-06 15:17:39,173 - INFO - 已完成: 72/81 (88.9%), 成功: 72/72 (100.0% 成功率), 耗时: 128.1秒, 预计剩余: 16.0秒
2025-05-06 15:17:41,026 - INFO - 已完成: 76/81 (93.8%), 成功: 76/76 (100.0% 成功率), 耗时: 129.9秒, 预计剩余: 8.5秒
2025-05-06 15:17:51,350 - INFO - 已完成: 80/81 (98.8%), 成功: 80/80 (100.0% 成功率), 耗时: 140.3秒, 预计剩余: 1.8秒
2025-05-06 15:17:52,229 - INFO - 已完成: 81/81 (100.0%), 成功: 81/81 (100.0% 成功率), 耗时: 141.1秒, 预计剩余: 0.0秒
2025-05-06 15:17:52,236 - INFO - 对接计算完成，总耗时: 141.14秒，平均每个分子: 1.74秒，总成功率: 100.0%
2025-05-06 15:17:52,237 - INFO - 并行对接完成，成功对接 81/81 个分子，结果保存至: /data1/tgy/GA_llm/output_finetune/generation_3/generation_3_docked.smi
2025-05-06 15:17:52,246 - INFO - 开始对接结果分析: /data1/tgy/GA_llm/output_finetune/generation_3/generation_3_docked.smi
2025-05-06 15:17:52,422 - INFO - 对接结果分析完成，结果保存至: /data1/tgy/GA_llm/output_finetune/generation_3/generation_3_stats.txt
2025-05-06 15:17:52,423 - INFO - 
==================== Generation 3 统计信息 ====================
总分子数: 81
所有分子得分均值: -8.1951
Top1得分: -10.9000
Top10得分均值: -9.8100
Top20得分均值: -9.3450
Top50得分均值: -8.7520
Top100得分均值: -8.1951
========================================================================

2025-05-06 15:17:52,423 - INFO - 第 3 代进化完成
2025-05-06 15:17:52,423 - INFO - 第 3 代进化完成，耗时: 178.26秒
2025-05-06 15:17:52,423 - INFO - 结果保存至: /data1/tgy/GA_llm/output_finetune/generation_3/generation_3_docked.smi
2025-05-06 15:17:52,424 - INFO - 开始第 4 代进化
2025-05-06 15:17:52,424 - INFO - 开始第 4 代进化
2025-05-06 15:17:52,424 - INFO - 第 4 代种子设置: 基于适应度选择 10 个, 基于多样性选择 4 个
2025-05-06 15:17:52,424 - INFO - 选择种子分子: 根据适应度选择 10 个, 根据多样性选择 4 个
2025-05-06 15:17:52,424 - INFO - 使用选择器: Roulette_Selector
2025-05-06 15:17:52,458 - INFO - 已选择 14 个种子分子，保存至: /data1/tgy/GA_llm/output_finetune/generation_4/generation_4_seeds.smi
2025-05-06 15:17:52,459 - INFO - 开始分子分解: /data1/tgy/GA_llm/output_finetune/generation_4/generation_4_seeds.smi
2025-05-06 15:17:52,840 - INFO - 分子分解完成，生成文件: /data1/tgy/GA_llm/datasets/decompose/decompose_results/truncated_frags_gen4.smi
2025-05-06 15:17:52,840 - INFO - 开始GPT生成: /data1/tgy/GA_llm/datasets/decompose/decompose_results/truncated_frags_gen4.smi
2025-05-06 15:18:11,158 - INFO - GPT生成完成,输出文件: /data1/tgy/GA_llm/fragment_GPT/output/crossovered4_frags_new_4.smi
2025-05-06 15:18:11,158 - INFO - 开始分子交叉: 使用 14 个种子分子生成 50 个新分子
2025-05-06 15:18:15,508 - INFO - 分子交叉完成，生成文件: /data1/tgy/GA_llm/output_finetune/generation_4/generation_4_crossover.smi
2025-05-06 15:18:15,509 - INFO - 开始分子变异: 使用 14 个种子分子生成 50 个新分子
2025-05-06 15:18:39,528 - INFO - 分子变异完成，生成文件: /data1/tgy/GA_llm/output_finetune/generation_4/generation_4_mutation.smi
2025-05-06 15:18:39,528 - INFO - 合并交叉和变异结果: 交叉 50 个, 变异 50 个
2025-05-06 15:18:39,529 - INFO - 开始分子过滤: /data1/tgy/GA_llm/output_finetune/generation_4/generation_4_merged.smi
2025-05-06 15:18:39,529 - INFO - 执行过滤命令: python /data1/tgy/GA_llm/operations/filter/filter_demo.py --input /data1/tgy/GA_llm/output_finetune/generation_4/generation_4_merged.smi --output /data1/tgy/GA_llm/output_finetune/generation_4/generation_4_filtered.smi --LipinskiStrictFilter
2025-05-06 15:18:41,602 - INFO - 分子过滤完成，生成文件: /data1/tgy/GA_llm/output_finetune/generation_4/generation_4_filtered.smi
2025-05-06 15:18:41,603 - INFO - 开始分子对接: /data1/tgy/GA_llm/output_finetune/generation_4/generation_4_filtered.smi, 处理器数量: -1, 模式: multithreading
2025-05-06 15:18:41,603 - INFO - 自动设置使用所有可用的CPU核心: 128
2025-05-06 15:18:41,603 - INFO - 使用并行模式进行对接，处理器数量: 128
2025-05-06 15:18:41,604 - INFO - 共有 85 个分子需要对接
2025-05-06 15:18:41,604 - INFO - 将 85 个分子分为 85 批进行处理，每批大约 1 个分子
2025-05-06 15:18:41,604 - INFO - 使用多线程模式，线程数: 128
2025-05-06 15:19:18,183 - INFO - 已完成: 4/85 (4.7%), 成功: 3/4 (75.0% 成功率), 耗时: 36.6秒, 预计剩余: 740.7秒
2025-05-06 15:19:27,760 - INFO - 已完成: 8/85 (9.4%), 成功: 7/8 (87.5% 成功率), 耗时: 46.2秒, 预计剩余: 444.2秒
2025-05-06 15:19:35,697 - INFO - 已完成: 12/85 (14.1%), 成功: 11/12 (91.7% 成功率), 耗时: 54.1秒, 预计剩余: 329.1秒
2025-05-06 15:19:41,256 - INFO - 已完成: 16/85 (18.8%), 成功: 15/16 (93.8% 成功率), 耗时: 59.7秒, 预计剩余: 257.2秒
2025-05-06 15:19:47,692 - INFO - 已完成: 20/85 (23.5%), 成功: 19/20 (95.0% 成功率), 耗时: 66.1秒, 预计剩余: 214.8秒
2025-05-06 15:19:50,704 - INFO - 已完成: 24/85 (28.2%), 成功: 23/24 (95.8% 成功率), 耗时: 69.1秒, 预计剩余: 175.6秒
2025-05-06 15:19:58,929 - INFO - 已完成: 28/85 (32.9%), 成功: 27/28 (96.4% 成功率), 耗时: 77.3秒, 预计剩余: 157.4秒
2025-05-06 15:20:04,604 - INFO - 已完成: 32/85 (37.6%), 成功: 31/32 (96.9% 成功率), 耗时: 83.0秒, 预计剩余: 137.5秒
2025-05-06 15:20:08,470 - INFO - 已完成: 36/85 (42.4%), 成功: 35/36 (97.2% 成功率), 耗时: 86.9秒, 预计剩余: 118.2秒
2025-05-06 15:20:19,248 - INFO - 已完成: 40/85 (47.1%), 成功: 39/40 (97.5% 成功率), 耗时: 97.6秒, 预计剩余: 109.8秒
2025-05-06 15:20:23,546 - INFO - 已完成: 44/85 (51.8%), 成功: 43/44 (97.7% 成功率), 耗时: 101.9秒, 预计剩余: 95.0秒
2025-05-06 15:20:33,026 - INFO - 已完成: 48/85 (56.5%), 成功: 47/48 (97.9% 成功率), 耗时: 111.4秒, 预计剩余: 85.9秒
2025-05-06 15:20:36,399 - INFO - 已完成: 52/85 (61.2%), 成功: 51/52 (98.1% 成功率), 耗时: 114.8秒, 预计剩余: 72.9秒
2025-05-06 15:20:46,456 - INFO - 已完成: 56/85 (65.9%), 成功: 55/56 (98.2% 成功率), 耗时: 124.9秒, 预计剩余: 64.7秒
2025-05-06 15:20:53,350 - INFO - 已完成: 60/85 (70.6%), 成功: 59/60 (98.3% 成功率), 耗时: 131.7秒, 预计剩余: 54.9秒
2025-05-06 15:20:59,149 - INFO - 已完成: 64/85 (75.3%), 成功: 63/64 (98.4% 成功率), 耗时: 137.5秒, 预计剩余: 45.1秒
2025-05-06 15:21:01,089 - INFO - 已完成: 68/85 (80.0%), 成功: 67/68 (98.5% 成功率), 耗时: 139.5秒, 预计剩余: 34.9秒
2025-05-06 15:21:03,988 - INFO - 已完成: 72/85 (84.7%), 成功: 71/72 (98.6% 成功率), 耗时: 142.4秒, 预计剩余: 25.7秒
2025-05-06 15:21:06,400 - INFO - 已完成: 76/85 (89.4%), 成功: 75/76 (98.7% 成功率), 耗时: 144.8秒, 预计剩余: 17.1秒
2025-05-06 15:21:10,518 - INFO - 已完成: 80/85 (94.1%), 成功: 79/80 (98.8% 成功率), 耗时: 148.9秒, 预计剩余: 9.3秒
2025-05-06 15:21:13,528 - INFO - 已完成: 84/85 (98.8%), 成功: 83/84 (98.8% 成功率), 耗时: 151.9秒, 预计剩余: 1.8秒
2025-05-06 15:21:14,147 - INFO - 已完成: 85/85 (100.0%), 成功: 84/85 (98.8% 成功率), 耗时: 152.5秒, 预计剩余: 0.0秒
2025-05-06 15:21:14,154 - INFO - 对接计算完成，总耗时: 152.55秒，平均每个分子: 1.79秒，总成功率: 98.8%
2025-05-06 15:21:14,155 - INFO - 并行对接完成，成功对接 84/85 个分子，结果保存至: /data1/tgy/GA_llm/output_finetune/generation_4/generation_4_docked.smi
2025-05-06 15:21:14,165 - INFO - 开始对接结果分析: /data1/tgy/GA_llm/output_finetune/generation_4/generation_4_docked.smi
2025-05-06 15:21:14,321 - INFO - 对接结果分析完成，结果保存至: /data1/tgy/GA_llm/output_finetune/generation_4/generation_4_stats.txt
2025-05-06 15:21:14,321 - INFO - 
==================== Generation 4 统计信息 ====================
总分子数: 84
所有分子得分均值: -8.1226
Top1得分: -10.9000
Top10得分均值: -10.0500
Top20得分均值: -9.5950
Top50得分均值: -8.8320
Top100得分均值: -8.1226
========================================================================

2025-05-06 15:21:14,321 - INFO - 第 4 代进化完成
2025-05-06 15:21:14,322 - INFO - 第 4 代进化完成，耗时: 201.90秒
2025-05-06 15:21:14,322 - INFO - 结果保存至: /data1/tgy/GA_llm/output_finetune/generation_4/generation_4_docked.smi
2025-05-06 15:21:14,322 - INFO - 开始第 5 代进化
2025-05-06 15:21:14,322 - INFO - 开始第 5 代进化
2025-05-06 15:21:14,322 - INFO - 第 5 代种子设置: 基于适应度选择 10 个, 基于多样性选择 2 个
2025-05-06 15:21:14,322 - INFO - 选择种子分子: 根据适应度选择 10 个, 根据多样性选择 2 个
2025-05-06 15:21:14,322 - INFO - 使用选择器: Roulette_Selector
2025-05-06 15:21:14,354 - INFO - 已选择 12 个种子分子，保存至: /data1/tgy/GA_llm/output_finetune/generation_5/generation_5_seeds.smi
2025-05-06 15:21:14,354 - INFO - 开始分子分解: /data1/tgy/GA_llm/output_finetune/generation_5/generation_5_seeds.smi
2025-05-06 15:21:14,608 - INFO - 分子分解完成，生成文件: /data1/tgy/GA_llm/datasets/decompose/decompose_results/truncated_frags_gen5.smi
2025-05-06 15:21:14,608 - INFO - 开始GPT生成: /data1/tgy/GA_llm/datasets/decompose/decompose_results/truncated_frags_gen5.smi
2025-05-06 15:21:28,528 - INFO - GPT生成完成,输出文件: /data1/tgy/GA_llm/fragment_GPT/output/crossovered5_frags_new_5.smi
2025-05-06 15:21:28,528 - INFO - 开始分子交叉: 使用 12 个种子分子生成 50 个新分子
2025-05-06 15:21:33,147 - INFO - 分子交叉完成，生成文件: /data1/tgy/GA_llm/output_finetune/generation_5/generation_5_crossover.smi
2025-05-06 15:21:33,147 - INFO - 开始分子变异: 使用 12 个种子分子生成 50 个新分子
2025-05-06 15:21:50,794 - INFO - 分子变异完成，生成文件: /data1/tgy/GA_llm/output_finetune/generation_5/generation_5_mutation.smi
2025-05-06 15:21:50,795 - INFO - 合并交叉和变异结果: 交叉 50 个, 变异 50 个
2025-05-06 15:21:50,795 - INFO - 开始分子过滤: /data1/tgy/GA_llm/output_finetune/generation_5/generation_5_merged.smi
2025-05-06 15:21:50,796 - INFO - 执行过滤命令: python /data1/tgy/GA_llm/operations/filter/filter_demo.py --input /data1/tgy/GA_llm/output_finetune/generation_5/generation_5_merged.smi --output /data1/tgy/GA_llm/output_finetune/generation_5/generation_5_filtered.smi --LipinskiStrictFilter
2025-05-06 15:21:53,753 - INFO - 分子过滤完成，生成文件: /data1/tgy/GA_llm/output_finetune/generation_5/generation_5_filtered.smi
2025-05-06 15:21:53,753 - INFO - 开始分子对接: /data1/tgy/GA_llm/output_finetune/generation_5/generation_5_filtered.smi, 处理器数量: -1, 模式: multithreading
2025-05-06 15:21:53,754 - INFO - 自动设置使用所有可用的CPU核心: 128
2025-05-06 15:21:53,754 - INFO - 使用并行模式进行对接，处理器数量: 128
2025-05-06 15:21:53,754 - INFO - 共有 78 个分子需要对接
2025-05-06 15:21:53,755 - INFO - 将 78 个分子分为 78 批进行处理，每批大约 1 个分子
2025-05-06 15:21:53,755 - INFO - 使用多线程模式，线程数: 128
2025-05-06 15:22:30,786 - INFO - 已完成: 3/78 (3.8%), 成功: 3/3 (100.0% 成功率), 耗时: 37.0秒, 预计剩余: 925.8秒
2025-05-06 15:22:35,539 - INFO - 已完成: 6/78 (7.7%), 成功: 6/6 (100.0% 成功率), 耗时: 41.8秒, 预计剩余: 501.4秒
2025-05-06 15:22:37,934 - INFO - 已完成: 9/78 (11.5%), 成功: 9/9 (100.0% 成功率), 耗时: 44.2秒, 预计剩余: 338.7秒
2025-05-06 15:22:42,925 - INFO - 已完成: 12/78 (15.4%), 成功: 12/12 (100.0% 成功率), 耗时: 49.2秒, 预计剩余: 270.4秒
2025-05-06 15:22:46,053 - INFO - 已完成: 15/78 (19.2%), 成功: 15/15 (100.0% 成功率), 耗时: 52.3秒, 预计剩余: 219.7秒
2025-05-06 15:22:49,371 - INFO - 已完成: 18/78 (23.1%), 成功: 18/18 (100.0% 成功率), 耗时: 55.6秒, 预计剩余: 185.4秒
2025-05-06 15:22:55,672 - INFO - 已完成: 21/78 (26.9%), 成功: 21/21 (100.0% 成功率), 耗时: 61.9秒, 预计剩余: 168.1秒
2025-05-06 15:23:00,504 - INFO - 已完成: 24/78 (30.8%), 成功: 24/24 (100.0% 成功率), 耗时: 66.7秒, 预计剩余: 150.2秒
2025-05-06 15:23:04,222 - INFO - 已完成: 27/78 (34.6%), 成功: 27/27 (100.0% 成功率), 耗时: 70.5秒, 预计剩余: 133.1秒
2025-05-06 15:23:15,696 - INFO - 已完成: 30/78 (38.5%), 成功: 30/30 (100.0% 成功率), 耗时: 81.9秒, 预计剩余: 131.1秒
2025-05-06 15:23:17,746 - INFO - 已完成: 33/78 (42.3%), 成功: 33/33 (100.0% 成功率), 耗时: 84.0秒, 预计剩余: 114.5秒
2025-05-06 15:23:24,990 - INFO - 已完成: 36/78 (46.2%), 成功: 36/36 (100.0% 成功率), 耗时: 91.2秒, 预计剩余: 106.4秒
2025-05-06 15:23:29,367 - INFO - 已完成: 39/78 (50.0%), 成功: 39/39 (100.0% 成功率), 耗时: 95.6秒, 预计剩余: 95.6秒
2025-05-06 15:23:31,934 - INFO - 已完成: 42/78 (53.8%), 成功: 42/42 (100.0% 成功率), 耗时: 98.2秒, 预计剩余: 84.2秒
2025-05-06 15:23:34,183 - INFO - 已完成: 45/78 (57.7%), 成功: 45/45 (100.0% 成功率), 耗时: 100.4秒, 预计剩余: 73.6秒
2025-05-06 15:23:48,634 - INFO - 已完成: 48/78 (61.5%), 成功: 48/48 (100.0% 成功率), 耗时: 114.9秒, 预计剩余: 71.8秒
2025-05-06 15:23:54,437 - INFO - 已完成: 51/78 (65.4%), 成功: 51/51 (100.0% 成功率), 耗时: 120.7秒, 预计剩余: 63.9秒
2025-05-06 15:23:55,692 - INFO - 已完成: 54/78 (69.2%), 成功: 54/54 (100.0% 成功率), 耗时: 121.9秒, 预计剩余: 54.2秒
2025-05-06 15:23:59,142 - INFO - 已完成: 57/78 (73.1%), 成功: 57/57 (100.0% 成功率), 耗时: 125.4秒, 预计剩余: 46.2秒
2025-05-06 15:24:02,164 - INFO - 已完成: 60/78 (76.9%), 成功: 60/60 (100.0% 成功率), 耗时: 128.4秒, 预计剩余: 38.5秒
2025-05-06 15:24:04,601 - INFO - 已完成: 63/78 (80.8%), 成功: 63/63 (100.0% 成功率), 耗时: 130.8秒, 预计剩余: 31.2秒
2025-05-06 15:24:06,510 - INFO - 已完成: 66/78 (84.6%), 成功: 66/66 (100.0% 成功率), 耗时: 132.8秒, 预计剩余: 24.1秒
2025-05-06 15:24:07,234 - INFO - 已完成: 69/78 (88.5%), 成功: 69/69 (100.0% 成功率), 耗时: 133.5秒, 预计剩余: 17.4秒
2025-05-06 15:24:10,979 - INFO - 已完成: 72/78 (92.3%), 成功: 72/72 (100.0% 成功率), 耗时: 137.2秒, 预计剩余: 11.4秒
2025-05-06 15:24:12,762 - INFO - 已完成: 75/78 (96.2%), 成功: 75/75 (100.0% 成功率), 耗时: 139.0秒, 预计剩余: 5.6秒
2025-05-06 15:24:21,121 - INFO - 已完成: 78/78 (100.0%), 成功: 78/78 (100.0% 成功率), 耗时: 147.4秒, 预计剩余: 0.0秒
2025-05-06 15:24:21,129 - INFO - 对接计算完成，总耗时: 147.37秒，平均每个分子: 1.89秒，总成功率: 100.0%
2025-05-06 15:24:21,129 - INFO - 并行对接完成，成功对接 78/78 个分子，结果保存至: /data1/tgy/GA_llm/output_finetune/generation_5/generation_5_docked.smi
2025-05-06 15:24:21,138 - INFO - 开始对接结果分析: /data1/tgy/GA_llm/output_finetune/generation_5/generation_5_docked.smi
2025-05-06 15:24:21,343 - INFO - 对接结果分析完成，结果保存至: /data1/tgy/GA_llm/output_finetune/generation_5/generation_5_stats.txt
2025-05-06 15:24:21,344 - INFO - 
==================== Generation 5 统计信息 ====================
总分子数: 78
所有分子得分均值: -8.1859
Top1得分: -10.9000
Top10得分均值: -9.7600
Top20得分均值: -9.4250
Top50得分均值: -8.7740
Top100得分均值: -8.1859
========================================================================

2025-05-06 15:24:21,344 - INFO - 第 5 代进化完成
2025-05-06 15:24:21,345 - INFO - 第 5 代进化完成，耗时: 187.02秒
2025-05-06 15:24:21,345 - INFO - 结果保存至: /data1/tgy/GA_llm/output_finetune/generation_5/generation_5_docked.smi
