2025-04-14 21:27:15,707 - INFO - 开始对接 239 个分子...
2025-04-14 21:48:03,188 - INFO - 已完成 50/239 分子对接，中间结果已保存
2025-04-14 22:13:32,232 - WARNING - 对接失败: C#CCSCCNC(=O)C(=O)C1CCCCN1CN1CCCC1=O
2025-04-14 22:16:17,081 - WARNING - 对接失败: CC#CCOc1ccc(N2C(=O)N(Cc3ccc(Cl)c(Cl)c3)C3(CC3)C2=O)nn1
2025-04-14 22:18:17,765 - WARNING - 对接失败: C#CCOCC(O)CC1COC2(COCC[NH+](CNc3cccc(F)c3)C2)C1
2025-04-14 22:25:47,202 - WARNING - 对接失败: COC(=O)c1ccccc1CS(=O)(=O)NC(c1ccccc1)c1ccncc1
2025-04-14 22:25:47,203 - INFO - 已完成 100/239 分子对接，中间结果已保存
2025-04-14 22:29:17,327 - WARNING - 对接失败: C#CCOc1ccc(NC(=O)CCCC(O)c2ccccc2)cc1
2025-04-14 22:47:41,403 - WARNING - 对接失败: C#CCSCCNC(=O)C(=O)C1CCCCN1CN1CCCC1=O
2025-04-14 22:50:20,367 - WARNING - 对接失败: CC#CCOc1ccc(N2C(=O)N(Cc3ccc(Cl)c(Cl)c3)C3(CC3)C2=O)nn1
2025-04-14 22:52:21,088 - WARNING - 对接失败: C#CCOCC(O)CC1COC2(COCC[NH+](CNc3cccc(F)c3)C2)C1
2025-04-14 23:12:07,084 - WARNING - 对接失败: CC([NH+]=[N+]=[N-])c1cccc(C(F)F)c1NCc1ccc(OC(F)(F)F)cc1
2025-04-14 23:20:13,455 - WARNING - 对接失败: C#CCSCCNC(=O)C(=O)CN1CCCCC1n1cccn1
2025-04-14 23:22:43,976 - WARNING - 对接失败: C#CCOc1ccc2ccccc2c1CNCCCCCCN
2025-04-14 23:22:43,977 - INFO - 已完成 150/239 分子对接，中间结果已保存
2025-04-14 23:32:28,052 - WARNING - 对接失败: COCC(c1cnc(-c2cnccn2)c(-c2ccc(OC(F)(F)F)cc2)n1)N1CCCC1
2025-04-14 23:54:18,434 - WARNING - 对接失败: O=C(Cn1cc(CCOC(=O)Cc2cccc3ccccc23)nn1)NCc1ccccc1
2025-04-15 00:05:09,969 - WARNING - 对接失败: Cc1nnn(CCNC(=O)c2cccc3ccccc23)c1CCN1CC(C)(C#N)C1
2025-04-15 00:07:10,541 - WARNING - 对接失败: C=CCCCN(CC#C[C@@](C)(O)c1ccc2ccccc2c1)S(=O)(=O)CC#N
2025-04-15 00:11:23,506 - WARNING - 对接失败: C[C@@](C#CCO)(OC(=S)N[C@@H]1C[C@H]2C=C[C@@H]1C2)c1ccc2ccccc2c1
2025-04-15 00:16:47,721 - INFO - 已完成 200/239 分子对接，中间结果已保存
2025-04-15 00:22:07,256 - WARNING - 对接失败: C[C@@H](Cc1cn(CC[S](O)c2ccc3ccccc3c2)nn1)NCc1ccco1
2025-04-15 00:30:08,777 - WARNING - 对接失败: COCCc1c(C)ccnc1N(CCCOCCN=[N+]=[N-])Cc1ccccc1
2025-04-15 00:40:34,389 - ERROR - 配体转换失败 - 没有输出文件: C#CC[N+](C)(C)Cc1cccc(OCc2n~c3ncccc3n2-c2cnn(C)n2)c1
2025-04-15 00:43:45,359 - WARNING - 对接失败: C#CCOc1ccc2ccccc2c1CN(C(=O)OCC1CC1)C(C)C(=O)O
2025-04-15 00:48:16,249 - WARNING - 对接失败: CNC(=O)N(CC#CC(C)(O)c1ccccc1Br)C(=O)CN1CCC(C)(C)C1
2025-04-15 00:50:16,674 - WARNING - 对接失败: CCc1nnn(C(=O)C=Cc2ccc(C)cc2)c1COc1cccc(OC(F)(F)F)c1
2025-04-15 00:56:24,058 - WARNING - 对接失败: C#CCOCC(=O)NC1CC2CCC1[NH+]2CC(COc1ccccc1F)OC(C)=O
2025-04-15 00:58:24,424 - WARNING - 对接失败: C#CCOc1ccc2ccccc2c1CNCCCCCCN=C=S
2025-04-15 01:01:31,985 - WARNING - 对接失败: CC(C)(C)OC(=O)Cc1cn(CCCOc2ccc(OCCN3CCC(F)C3)cc2)nn1
2025-04-15 01:03:32,388 - WARNING - 对接失败: CC=CC=CC(=O)OCCc1cn(CCCOc2ccc(C(F)(F)F)cc2)nn1
2025-04-15 01:06:15,700 - WARNING - 对接失败: NCCNC(=O)c1ccc(Oc2ccc(Oc3ccc(C(F)(F)F)cc3)cc2)cc1
2025-04-15 01:13:15,426 - WARNING - 对接失败: C#CC[N+](C)(C)CC1NCN(C(=O)OC(CCl)CCl)N1CCCCCCCCC
2025-04-15 01:13:15,427 - INFO - 对接完成。成功率: 211/239 (88.3%)。
2025-04-15 01:13:15,427 - INFO - 种群平均对接得分: -7.99 kcal/mol
2025-04-15 01:13:15,427 - INFO - 结果保存至 /data1/ytg/GA_llm/output/generation_0/generation_0_docked.smi
