2025-04-25 22:20:43,565 - INFO - 开始第0代(对初始种群进行处理后对接)
2025-04-25 22:20:43,566 - INFO - 开始第 0 代进化
2025-04-25 22:20:43,566 - INFO - Generation 0: 对初始文件进行处理后进行对接
2025-04-25 22:20:43,566 - INFO - 开始分子过滤: /data1/tgy/GA_llm/datasets/source_compounds/naphthalene_smiles.smi
2025-04-25 22:20:43,566 - WARNING - 没有指定任何过滤器参数，将使用默认过滤器
2025-04-25 22:20:43,566 - INFO - 执行过滤命令: python /data1/tgy/GA_llm/operations/filter/filter_demo.py --input /data1/tgy/GA_llm/datasets/source_compounds/naphthalene_smiles.smi --output /data1/tgy/GA_llm/output_GA/generation_0/generation_0_filtered.smi
2025-04-25 22:20:46,504 - INFO - 分子过滤完成，生成文件: /data1/tgy/GA_llm/output_GA/generation_0/generation_0_filtered.smi
2025-04-25 22:20:46,504 - INFO - 开始分子对接: /data1/tgy/GA_llm/output_GA/generation_0/generation_0_filtered.smi, 处理器数量: -1, 模式: multithreading
2025-04-25 22:20:46,504 - INFO - 自动设置使用所有可用的CPU核心: 128
2025-04-25 22:20:46,504 - INFO - 使用并行模式进行对接，处理器数量: 128
2025-04-25 22:20:46,505 - INFO - 共有 115 个分子需要对接
2025-04-25 22:20:46,505 - INFO - 将 115 个分子分为 115 批进行处理，每批大约 1 个分子
2025-04-25 22:20:46,505 - INFO - 使用多线程模式，线程数: 128
2025-04-25 22:21:29,396 - INFO - 开始第0代(对初始种群进行处理后对接)
2025-04-25 22:21:29,396 - INFO - 开始第 0 代进化
2025-04-25 22:21:29,396 - INFO - Generation 0: 对初始文件进行处理后进行对接
2025-04-25 22:21:29,396 - INFO - 开始分子过滤: /data1/tgy/GA_llm/datasets/source_compounds/naphthalene_smiles.smi
2025-04-25 22:21:29,396 - INFO - 执行过滤命令: python /data1/tgy/GA_llm/operations/filter/filter_demo.py --input /data1/tgy/GA_llm/datasets/source_compounds/naphthalene_smiles.smi --output /data1/tgy/GA_llm/output_GA/generation_0/generation_0_filtered.smi --LipinskiLenientFilter
2025-04-25 22:21:32,345 - INFO - 分子过滤完成，生成文件: /data1/tgy/GA_llm/output_GA/generation_0/generation_0_filtered.smi
2025-04-25 22:21:32,345 - INFO - 开始分子对接: /data1/tgy/GA_llm/output_GA/generation_0/generation_0_filtered.smi, 处理器数量: -1, 模式: multithreading
2025-04-25 22:21:32,346 - INFO - 自动设置使用所有可用的CPU核心: 128
2025-04-25 22:21:32,346 - INFO - 使用并行模式进行对接，处理器数量: 128
2025-04-25 22:21:32,346 - INFO - 共有 115 个分子需要对接
2025-04-25 22:21:32,346 - INFO - 将 115 个分子分为 115 批进行处理，每批大约 1 个分子
2025-04-25 22:21:32,346 - INFO - 使用多线程模式，线程数: 128
2025-04-25 22:22:10,420 - INFO - 已完成: 5/115 (4.3%), 成功: 5/5 (100.0% 成功率), 耗时: 38.1秒, 预计剩余: 837.6秒
2025-04-25 22:22:15,742 - INFO - 已完成: 10/115 (8.7%), 成功: 10/10 (100.0% 成功率), 耗时: 43.4秒, 预计剩余: 455.7秒
2025-04-25 22:22:20,218 - INFO - 已完成: 15/115 (13.0%), 成功: 15/15 (100.0% 成功率), 耗时: 47.9秒, 预计剩余: 319.1秒
2025-04-25 22:22:22,401 - INFO - 已完成: 20/115 (17.4%), 成功: 20/20 (100.0% 成功率), 耗时: 50.1秒, 预计剩余: 237.8秒
2025-04-25 22:22:24,424 - INFO - 已完成: 25/115 (21.7%), 成功: 25/25 (100.0% 成功率), 耗时: 52.1秒, 预计剩余: 187.5秒
2025-04-25 22:22:27,167 - INFO - 已完成: 30/115 (26.1%), 成功: 30/30 (100.0% 成功率), 耗时: 54.8秒, 预计剩余: 155.3秒
2025-04-25 22:22:28,359 - INFO - 已完成: 35/115 (30.4%), 成功: 35/35 (100.0% 成功率), 耗时: 56.0秒, 预计剩余: 128.0秒
2025-04-25 22:22:29,640 - INFO - 已完成: 40/115 (34.8%), 成功: 40/40 (100.0% 成功率), 耗时: 57.3秒, 预计剩余: 107.4秒
2025-04-25 22:22:31,900 - INFO - 已完成: 45/115 (39.1%), 成功: 45/45 (100.0% 成功率), 耗时: 59.6秒, 预计剩余: 92.6秒
2025-04-25 22:22:32,511 - INFO - 已完成: 50/115 (43.5%), 成功: 50/50 (100.0% 成功率), 耗时: 60.2秒, 预计剩余: 78.2秒
2025-04-25 22:22:33,148 - INFO - 已完成: 55/115 (47.8%), 成功: 55/55 (100.0% 成功率), 耗时: 60.8秒, 预计剩余: 66.3秒
2025-04-25 22:22:33,628 - INFO - 已完成: 60/115 (52.2%), 成功: 60/60 (100.0% 成功率), 耗时: 61.3秒, 预计剩余: 56.2秒
2025-04-25 22:22:34,752 - INFO - 已完成: 65/115 (56.5%), 成功: 65/65 (100.0% 成功率), 耗时: 62.4秒, 预计剩余: 48.0秒
2025-04-25 22:22:35,147 - INFO - 已完成: 70/115 (60.9%), 成功: 70/70 (100.0% 成功率), 耗时: 62.8秒, 预计剩余: 40.4秒
2025-04-25 22:22:35,360 - INFO - 已完成: 75/115 (65.2%), 成功: 75/75 (100.0% 成功率), 耗时: 63.0秒, 预计剩余: 33.6秒
2025-04-25 22:22:37,685 - INFO - 已完成: 80/115 (69.6%), 成功: 80/80 (100.0% 成功率), 耗时: 65.3秒, 预计剩余: 28.6秒
2025-04-25 22:22:38,634 - INFO - 已完成: 85/115 (73.9%), 成功: 85/85 (100.0% 成功率), 耗时: 66.3秒, 预计剩余: 23.4秒
2025-04-25 22:22:40,623 - INFO - 已完成: 90/115 (78.3%), 成功: 90/90 (100.0% 成功率), 耗时: 68.3秒, 预计剩余: 19.0秒
2025-04-25 22:22:41,339 - INFO - 已完成: 95/115 (82.6%), 成功: 95/95 (100.0% 成功率), 耗时: 69.0秒, 预计剩余: 14.5秒
2025-04-25 22:22:42,277 - INFO - 已完成: 100/115 (87.0%), 成功: 100/100 (100.0% 成功率), 耗时: 69.9秒, 预计剩余: 10.5秒
2025-04-25 22:22:43,052 - INFO - 已完成: 105/115 (91.3%), 成功: 105/105 (100.0% 成功率), 耗时: 70.7秒, 预计剩余: 6.7秒
2025-04-25 22:22:44,872 - INFO - 已完成: 110/115 (95.7%), 成功: 110/110 (100.0% 成功率), 耗时: 72.5秒, 预计剩余: 3.3秒
2025-04-25 22:22:49,432 - INFO - 已完成: 115/115 (100.0%), 成功: 115/115 (100.0% 成功率), 耗时: 77.1秒, 预计剩余: 0.0秒
2025-04-25 22:22:49,442 - INFO - 对接计算完成，总耗时: 77.10秒，平均每个分子: 0.67秒，总成功率: 100.0%
2025-04-25 22:22:49,442 - INFO - 并行对接完成，成功对接 115/115 个分子，结果保存至: /data1/tgy/GA_llm/output_GA/generation_0/generation_0_docked.smi
2025-04-25 22:22:49,450 - INFO - 开始对接结果分析: /data1/tgy/GA_llm/output_GA/generation_0/generation_0_docked.smi
2025-04-25 22:22:49,577 - INFO - 对接结果分析完成，结果保存至: /data1/tgy/GA_llm/output_GA/generation_0/generation_0_stats.txt
2025-04-25 22:22:49,578 - INFO - 
==================== Generation 0 统计信息 ====================
总分子数: 115
所有分子得分均值: -7.9748
Top1得分: -10.9000
Top10得分均值: -9.4400
Top20得分均值: -9.0550
Top50得分均值: -8.5940
Top100得分均值: -8.1370
========================================================================

2025-04-25 22:22:49,578 - INFO - 第 0 代完成
2025-04-25 22:22:49,578 - INFO - 第0代完成,耗时: 80.18秒
2025-04-25 22:22:49,578 - INFO - 开始第 1 代进化
2025-04-25 22:22:49,578 - INFO - 开始第 1 代进化
2025-04-25 22:22:49,579 - INFO - 第 1 代种子设置: 基于适应度选择 50 个, 基于多样性选择 10 个
2025-04-25 22:22:49,579 - INFO - 选择种子分子: 根据适应度选择 50 个, 根据多样性选择 10 个
2025-04-25 22:22:49,715 - INFO - 已选择 60 个种子分子，保存至: /data1/tgy/GA_llm/output_GA/generation_1/generation_1_seeds.smi
2025-04-25 22:22:49,715 - INFO - 开始分子交叉: 使用 60 个种子分子生成 50 个新分子
2025-04-25 22:22:50,911 - ERROR - 分子交叉失败: usage: crossover_demo.py [-h] --source_compound_file SOURCE_COMPOUND_FILE
                         [--llm_generation_file LLM_GENERATION_FILE]
                         [--output_file OUTPUT_FILE]
                         [--crossover_rate CROSSOVER_RATE]
                         [--crossover_attempts CROSSOVER_ATTEMPTS]
crossover_demo.py: error: unrecognized arguments: --seed_file /data1/tgy/GA_llm/output_GA/generation_1/generation_1_crossover_seeds.smi

2025-04-25 22:22:50,911 - WARNING - 交叉操作失败: 分子交叉失败，使用上一代结果
2025-04-25 22:22:50,912 - INFO - 开始分子变异: 使用 60 个种子分子生成 50 个新分子
2025-04-25 22:22:52,089 - ERROR - 分子变异失败: usage: mutation_demo.py [-h] --input_file INPUT_FILE
                        [--llm_generation_file LLM_GENERATION_FILE]
                        [--output_file OUTPUT_FILE]
                        [--mutation_attempts MUTATION_ATTEMPTS]
                        [--max_mutations MAX_MUTATIONS]
mutation_demo.py: error: unrecognized arguments: --seed_file /data1/tgy/GA_llm/output_GA/generation_1/generation_1_mutation_seeds.smi

2025-04-25 22:22:52,089 - WARNING - 变异操作失败: 分子变异失败，使用上一代结果
2025-04-25 22:22:52,090 - INFO - 合并交叉和变异结果: 交叉 115 个, 变异 115 个
2025-04-25 22:22:52,090 - INFO - 开始分子过滤: /data1/tgy/GA_llm/output_GA/generation_1/generation_1_merged.smi
2025-04-25 22:22:52,090 - INFO - 执行过滤命令: python /data1/tgy/GA_llm/operations/filter/filter_demo.py --input /data1/tgy/GA_llm/output_GA/generation_1/generation_1_merged.smi --output /data1/tgy/GA_llm/output_GA/generation_1/generation_1_filtered.smi --LipinskiLenientFilter
2025-04-25 22:22:54,584 - INFO - 分子过滤完成，生成文件: /data1/tgy/GA_llm/output_GA/generation_1/generation_1_filtered.smi
2025-04-25 22:22:54,584 - INFO - 开始分子对接: /data1/tgy/GA_llm/output_GA/generation_1/generation_1_filtered.smi, 处理器数量: -1, 模式: multithreading
2025-04-25 22:22:54,584 - INFO - 自动设置使用所有可用的CPU核心: 128
2025-04-25 22:22:54,584 - INFO - 使用并行模式进行对接，处理器数量: 128
2025-04-25 22:22:54,584 - INFO - 共有 230 个分子需要对接
2025-04-25 22:22:54,585 - INFO - 将 230 个分子分为 230 批进行处理，每批大约 1 个分子
2025-04-25 22:22:54,585 - INFO - 使用多线程模式，线程数: 128
2025-04-25 22:23:40,744 - INFO - 已完成: 11/230 (4.8%), 成功: 11/11 (100.0% 成功率), 耗时: 46.2秒, 预计剩余: 919.0秒
2025-04-25 22:23:48,211 - INFO - 已完成: 22/230 (9.6%), 成功: 22/22 (100.0% 成功率), 耗时: 53.6秒, 预计剩余: 507.0秒
2025-04-25 22:23:52,164 - INFO - 已完成: 33/230 (14.3%), 成功: 33/33 (100.0% 成功率), 耗时: 57.6秒, 预计剩余: 343.7秒
2025-04-25 22:23:59,420 - INFO - 已完成: 44/230 (19.1%), 成功: 44/44 (100.0% 成功率), 耗时: 64.8秒, 预计剩余: 274.1秒
2025-04-25 22:24:03,597 - INFO - 已完成: 55/230 (23.9%), 成功: 55/55 (100.0% 成功率), 耗时: 69.0秒, 预计剩余: 219.6秒
2025-04-25 22:24:07,248 - INFO - 已完成: 66/230 (28.7%), 成功: 66/66 (100.0% 成功率), 耗时: 72.7秒, 预计剩余: 180.6秒
2025-04-25 22:24:11,797 - INFO - 已完成: 77/230 (33.5%), 成功: 77/77 (100.0% 成功率), 耗时: 77.2秒, 预计剩余: 153.4秒
2025-04-25 22:24:19,895 - INFO - 已完成: 88/230 (38.3%), 成功: 88/88 (100.0% 成功率), 耗时: 85.3秒, 预计剩余: 137.7秒
2025-04-25 22:24:28,734 - INFO - 已完成: 99/230 (43.0%), 成功: 99/99 (100.0% 成功率), 耗时: 94.1秒, 预计剩余: 124.6秒
2025-04-25 22:24:35,531 - INFO - 已完成: 110/230 (47.8%), 成功: 110/110 (100.0% 成功率), 耗时: 100.9秒, 预计剩余: 110.1秒
2025-04-25 22:24:45,429 - INFO - 已完成: 121/230 (52.6%), 成功: 121/121 (100.0% 成功率), 耗时: 110.8秒, 预计剩余: 99.9秒
2025-04-25 22:24:50,631 - INFO - 已完成: 132/230 (57.4%), 成功: 132/132 (100.0% 成功率), 耗时: 116.0秒, 预计剩余: 86.2秒
2025-04-25 22:24:55,503 - INFO - 已完成: 143/230 (62.2%), 成功: 143/143 (100.0% 成功率), 耗时: 120.9秒, 预计剩余: 73.6秒
2025-04-25 22:24:59,588 - INFO - 已完成: 154/230 (67.0%), 成功: 154/154 (100.0% 成功率), 耗时: 125.0秒, 预计剩余: 61.7秒
2025-04-25 22:25:02,613 - INFO - 已完成: 165/230 (71.7%), 成功: 165/165 (100.0% 成功率), 耗时: 128.0秒, 预计剩余: 50.4秒
2025-04-25 22:25:04,334 - INFO - 已完成: 176/230 (76.5%), 成功: 176/176 (100.0% 成功率), 耗时: 129.7秒, 预计剩余: 39.8秒
2025-04-25 22:25:08,600 - INFO - 已完成: 187/230 (81.3%), 成功: 187/187 (100.0% 成功率), 耗时: 134.0秒, 预计剩余: 30.8秒
2025-04-25 22:25:11,181 - INFO - 已完成: 198/230 (86.1%), 成功: 198/198 (100.0% 成功率), 耗时: 136.6秒, 预计剩余: 22.1秒
2025-04-25 22:25:15,119 - INFO - 已完成: 209/230 (90.9%), 成功: 209/209 (100.0% 成功率), 耗时: 140.5秒, 预计剩余: 14.1秒
2025-04-25 22:25:17,884 - INFO - 已完成: 220/230 (95.7%), 成功: 220/220 (100.0% 成功率), 耗时: 143.3秒, 预计剩余: 6.5秒
2025-04-25 22:25:22,216 - INFO - 已完成: 230/230 (100.0%), 成功: 230/230 (100.0% 成功率), 耗时: 147.6秒, 预计剩余: 0.0秒
2025-04-25 22:25:22,227 - INFO - 对接计算完成，总耗时: 147.64秒，平均每个分子: 0.64秒，总成功率: 100.0%
2025-04-25 22:25:22,228 - INFO - 并行对接完成，成功对接 230/230 个分子，结果保存至: /data1/tgy/GA_llm/output_GA/generation_1/generation_1_docked.smi
2025-04-25 22:25:22,253 - INFO - 开始对接结果分析: /data1/tgy/GA_llm/output_GA/generation_1/generation_1_docked.smi
2025-04-25 22:25:22,381 - INFO - 对接结果分析完成，结果保存至: /data1/tgy/GA_llm/output_GA/generation_1/generation_1_stats.txt
2025-04-25 22:25:22,383 - INFO - 
==================== Generation 1 统计信息 ====================
总分子数: 230
所有分子得分均值: -7.9570
Top1得分: -11.0000
Top10得分均值: -9.8800
Top20得分均值: -9.4350
Top50得分均值: -8.9340
Top100得分均值: -8.5730
========================================================================

2025-04-25 22:25:22,383 - INFO - 第 1 代进化完成
2025-04-25 22:25:22,383 - INFO - 第 1 代进化完成，耗时: 152.81秒
2025-04-25 22:25:22,384 - INFO - 结果保存至: /data1/tgy/GA_llm/output_GA/generation_1/generation_1_docked.smi
2025-04-25 23:03:09,761 - INFO - 开始第0代(对初始种群进行处理后对接)
2025-04-25 23:03:09,761 - INFO - 开始第 0 代进化
2025-04-25 23:03:09,762 - INFO - Generation 0: 对初始文件进行处理后进行对接
2025-04-25 23:03:09,762 - INFO - 开始分子过滤: /data1/tgy/GA_llm/datasets/source_compounds/naphthalene_smiles.smi
2025-04-25 23:03:09,762 - INFO - 执行过滤命令: python /data1/tgy/GA_llm/operations/filter/filter_demo.py --input /data1/tgy/GA_llm/datasets/source_compounds/naphthalene_smiles.smi --output /data1/tgy/GA_llm/output_GA/generation_0/generation_0_filtered.smi --LipinskiLenientFilter
2025-04-25 23:03:13,583 - INFO - 分子过滤完成，生成文件: /data1/tgy/GA_llm/output_GA/generation_0/generation_0_filtered.smi
2025-04-25 23:03:13,583 - INFO - 开始分子对接: /data1/tgy/GA_llm/output_GA/generation_0/generation_0_filtered.smi, 处理器数量: -1, 模式: multithreading
2025-04-25 23:03:13,584 - INFO - 自动设置使用所有可用的CPU核心: 128
2025-04-25 23:03:13,584 - INFO - 使用并行模式进行对接，处理器数量: 128
2025-04-25 23:03:13,584 - INFO - 共有 115 个分子需要对接
2025-04-25 23:03:13,584 - INFO - 将 115 个分子分为 115 批进行处理，每批大约 1 个分子
2025-04-25 23:03:13,584 - INFO - 使用多线程模式，线程数: 128
2025-04-25 23:04:14,115 - INFO - 已完成: 5/115 (4.3%), 成功: 5/5 (100.0% 成功率), 耗时: 60.5秒, 预计剩余: 1331.7秒
2025-04-25 23:04:22,764 - INFO - 已完成: 10/115 (8.7%), 成功: 10/10 (100.0% 成功率), 耗时: 69.2秒, 预计剩余: 726.4秒
2025-04-25 23:04:25,826 - INFO - 已完成: 15/115 (13.0%), 成功: 15/15 (100.0% 成功率), 耗时: 72.2秒, 预计剩余: 481.6秒
2025-04-25 23:04:28,753 - INFO - 已完成: 20/115 (17.4%), 成功: 20/20 (100.0% 成功率), 耗时: 75.2秒, 预计剩余: 357.1秒
2025-04-25 23:04:29,683 - INFO - 已完成: 25/115 (21.7%), 成功: 25/25 (100.0% 成功率), 耗时: 76.1秒, 预计剩余: 274.0秒
2025-04-25 23:04:31,150 - INFO - 已完成: 30/115 (26.1%), 成功: 30/30 (100.0% 成功率), 耗时: 77.6秒, 预计剩余: 219.8秒
2025-04-25 23:04:32,842 - INFO - 已完成: 35/115 (30.4%), 成功: 35/35 (100.0% 成功率), 耗时: 79.3秒, 预计剩余: 181.2秒
2025-04-25 23:04:33,911 - INFO - 已完成: 40/115 (34.8%), 成功: 40/40 (100.0% 成功率), 耗时: 80.3秒, 预计剩余: 150.6秒
2025-04-25 23:04:35,154 - INFO - 已完成: 45/115 (39.1%), 成功: 45/45 (100.0% 成功率), 耗时: 81.6秒, 预计剩余: 126.9秒
2025-04-25 23:04:35,804 - INFO - 已完成: 50/115 (43.5%), 成功: 50/50 (100.0% 成功率), 耗时: 82.2秒, 预计剩余: 106.9秒
2025-04-25 23:04:36,954 - INFO - 已完成: 55/115 (47.8%), 成功: 55/55 (100.0% 成功率), 耗时: 83.4秒, 预计剩余: 90.9秒
2025-04-25 23:04:38,875 - INFO - 已完成: 60/115 (52.2%), 成功: 60/60 (100.0% 成功率), 耗时: 85.3秒, 预计剩余: 78.2秒
2025-04-25 23:04:40,354 - INFO - 已完成: 65/115 (56.5%), 成功: 65/65 (100.0% 成功率), 耗时: 86.8秒, 预计剩余: 66.7秒
2025-04-25 23:04:41,397 - INFO - 已完成: 70/115 (60.9%), 成功: 70/70 (100.0% 成功率), 耗时: 87.8秒, 预计剩余: 56.5秒
2025-04-25 23:04:42,428 - INFO - 已完成: 75/115 (65.2%), 成功: 75/75 (100.0% 成功率), 耗时: 88.8秒, 预计剩余: 47.4秒
2025-04-25 23:04:43,180 - INFO - 已完成: 80/115 (69.6%), 成功: 80/80 (100.0% 成功率), 耗时: 89.6秒, 预计剩余: 39.2秒
2025-04-25 23:04:44,047 - INFO - 已完成: 85/115 (73.9%), 成功: 85/85 (100.0% 成功率), 耗时: 90.5秒, 预计剩余: 31.9秒
2025-04-25 23:04:46,209 - INFO - 已完成: 90/115 (78.3%), 成功: 90/90 (100.0% 成功率), 耗时: 92.6秒, 预计剩余: 25.7秒
2025-04-25 23:04:47,687 - INFO - 已完成: 95/115 (82.6%), 成功: 95/95 (100.0% 成功率), 耗时: 94.1秒, 预计剩余: 19.8秒
2025-04-25 23:04:48,696 - INFO - 已完成: 100/115 (87.0%), 成功: 100/100 (100.0% 成功率), 耗时: 95.1秒, 预计剩余: 14.3秒
2025-04-25 23:04:50,108 - INFO - 已完成: 105/115 (91.3%), 成功: 105/105 (100.0% 成功率), 耗时: 96.5秒, 预计剩余: 9.2秒
2025-04-25 23:04:51,442 - INFO - 已完成: 110/115 (95.7%), 成功: 110/110 (100.0% 成功率), 耗时: 97.9秒, 预计剩余: 4.4秒
2025-04-25 23:04:54,045 - INFO - 已完成: 115/115 (100.0%), 成功: 115/115 (100.0% 成功率), 耗时: 100.5秒, 预计剩余: 0.0秒
2025-04-25 23:04:54,053 - INFO - 对接计算完成，总耗时: 100.47秒，平均每个分子: 0.87秒，总成功率: 100.0%
2025-04-25 23:04:54,054 - INFO - 并行对接完成，成功对接 115/115 个分子，结果保存至: /data1/tgy/GA_llm/output_GA/generation_0/generation_0_docked.smi
2025-04-25 23:04:54,067 - INFO - 开始对接结果分析: /data1/tgy/GA_llm/output_GA/generation_0/generation_0_docked.smi
2025-04-25 23:04:54,193 - INFO - 对接结果分析完成，结果保存至: /data1/tgy/GA_llm/output_GA/generation_0/generation_0_stats.txt
2025-04-25 23:04:54,195 - INFO - 
==================== Generation 0 统计信息 ====================
总分子数: 115
所有分子得分均值: -7.9626
Top1得分: -11.0000
Top10得分均值: -9.4100
Top20得分均值: -9.0600
Top50得分均值: -8.5760
Top100得分均值: -8.1260
========================================================================

2025-04-25 23:04:54,195 - INFO - 第 0 代完成
2025-04-25 23:04:54,196 - INFO - 第0代完成,耗时: 104.43秒
2025-04-25 23:04:54,196 - INFO - 开始第 1 代进化
2025-04-25 23:04:54,196 - INFO - 开始第 1 代进化
2025-04-25 23:04:54,197 - INFO - 第 1 代种子设置: 基于适应度选择 50 个, 基于多样性选择 10 个
2025-04-25 23:04:54,197 - INFO - 选择种子分子: 根据适应度选择 50 个, 根据多样性选择 10 个
2025-04-25 23:04:54,423 - INFO - 已选择 60 个种子分子，保存至: /data1/tgy/GA_llm/output_GA/generation_1/generation_1_seeds.smi
2025-04-25 23:04:54,423 - INFO - 开始分子交叉: 使用 60 个种子分子生成 50 个新分子
2025-04-25 23:04:58,032 - INFO - 分子交叉完成，生成文件: /data1/tgy/GA_llm/output_GA/generation_1/generation_1_crossover.smi
2025-04-25 23:04:58,033 - INFO - 开始分子变异: 使用 60 个种子分子生成 50 个新分子
2025-04-25 23:05:01,060 - ERROR - 分子变异失败: Found local copy...

Processing mutations:   0%|          | 0/50 [00:00<?, ?it/s]
Processing mutations:   0%|          | 0/50 [00:00<?, ?it/s]
Traceback (most recent call last):
  File "/data1/tgy/GA_llm/operations/mutation/mutation_demo_GA.py", line 187, in <module>
    main()
  File "/data1/tgy/GA_llm/operations/mutation/mutation_demo_GA.py", line 125, in main
    result = click_chem.run_smiles_click2(parent)
AttributeError: 'SmilesClickChem' object has no attribute 'run_smiles_click2'

2025-04-25 23:05:01,061 - WARNING - 变异操作失败: 分子变异失败，使用上一代结果
2025-04-25 23:05:01,062 - INFO - 合并交叉和变异结果: 交叉 225 个, 变异 115 个
2025-04-25 23:05:01,062 - INFO - 开始分子过滤: /data1/tgy/GA_llm/output_GA/generation_1/generation_1_merged.smi
2025-04-25 23:05:01,063 - INFO - 执行过滤命令: python /data1/tgy/GA_llm/operations/filter/filter_demo.py --input /data1/tgy/GA_llm/output_GA/generation_1/generation_1_merged.smi --output /data1/tgy/GA_llm/output_GA/generation_1/generation_1_filtered.smi --LipinskiLenientFilter
2025-04-25 23:05:05,519 - INFO - 分子过滤完成，生成文件: /data1/tgy/GA_llm/output_GA/generation_1/generation_1_filtered.smi
2025-04-25 23:05:05,519 - INFO - 开始分子对接: /data1/tgy/GA_llm/output_GA/generation_1/generation_1_filtered.smi, 处理器数量: -1, 模式: multithreading
2025-04-25 23:05:05,520 - INFO - 自动设置使用所有可用的CPU核心: 128
2025-04-25 23:05:05,520 - INFO - 使用并行模式进行对接，处理器数量: 128
2025-04-25 23:05:05,521 - INFO - 共有 339 个分子需要对接
2025-04-25 23:05:05,521 - INFO - 将 339 个分子分为 170 批进行处理，每批大约 2 个分子
2025-04-25 23:05:05,521 - INFO - 使用多线程模式，线程数: 128
2025-04-25 23:05:39,938 - INFO - 开始第0代(对初始种群进行处理后对接)
2025-04-25 23:05:39,938 - INFO - 开始第 0 代进化
2025-04-25 23:05:39,938 - INFO - Generation 0: 对初始文件进行处理后进行对接
2025-04-25 23:05:39,938 - INFO - 开始分子过滤: /data1/tgy/GA_llm/datasets/source_compounds/naphthalene_smiles.smi
2025-04-25 23:05:39,938 - INFO - 执行过滤命令: python /data1/tgy/GA_llm/operations/filter/filter_demo.py --input /data1/tgy/GA_llm/datasets/source_compounds/naphthalene_smiles.smi --output /data1/tgy/GA_llm/output_GA/generation_0/generation_0_filtered.smi --LipinskiLenientFilter
2025-04-25 23:05:42,870 - INFO - 分子过滤完成，生成文件: /data1/tgy/GA_llm/output_GA/generation_0/generation_0_filtered.smi
2025-04-25 23:05:42,871 - INFO - 开始分子对接: /data1/tgy/GA_llm/output_GA/generation_0/generation_0_filtered.smi, 处理器数量: -1, 模式: multithreading
2025-04-25 23:05:42,871 - INFO - 自动设置使用所有可用的CPU核心: 128
2025-04-25 23:05:42,871 - INFO - 使用并行模式进行对接，处理器数量: 128
2025-04-25 23:05:42,871 - INFO - 共有 115 个分子需要对接
2025-04-25 23:05:42,872 - INFO - 将 115 个分子分为 115 批进行处理，每批大约 1 个分子
2025-04-25 23:05:42,872 - INFO - 使用多线程模式，线程数: 128
2025-04-25 23:06:22,383 - INFO - 已完成: 5/115 (4.3%), 成功: 5/5 (100.0% 成功率), 耗时: 39.5秒, 预计剩余: 869.3秒
2025-04-25 23:06:27,049 - INFO - 已完成: 10/115 (8.7%), 成功: 10/10 (100.0% 成功率), 耗时: 44.2秒, 预计剩余: 463.9秒
2025-04-25 23:06:29,664 - INFO - 已完成: 15/115 (13.0%), 成功: 15/15 (100.0% 成功率), 耗时: 46.8秒, 预计剩余: 311.9秒
2025-04-25 23:06:31,402 - INFO - 已完成: 20/115 (17.4%), 成功: 20/20 (100.0% 成功率), 耗时: 48.5秒, 预计剩余: 230.5秒
2025-04-25 23:06:33,434 - INFO - 已完成: 25/115 (21.7%), 成功: 25/25 (100.0% 成功率), 耗时: 50.6秒, 预计剩余: 182.0秒
2025-04-25 23:06:34,677 - INFO - 已完成: 30/115 (26.1%), 成功: 30/30 (100.0% 成功率), 耗时: 51.8秒, 预计剩余: 146.8秒
2025-04-25 23:06:35,446 - INFO - 已完成: 35/115 (30.4%), 成功: 35/35 (100.0% 成功率), 耗时: 52.6秒, 预计剩余: 120.2秒
2025-04-25 23:06:36,136 - INFO - 已完成: 40/115 (34.8%), 成功: 40/40 (100.0% 成功率), 耗时: 53.3秒, 预计剩余: 99.9秒
2025-04-25 23:06:37,223 - INFO - 已完成: 45/115 (39.1%), 成功: 45/45 (100.0% 成功率), 耗时: 54.4秒, 预计剩余: 84.5秒
2025-04-25 23:06:38,598 - INFO - 已完成: 50/115 (43.5%), 成功: 50/50 (100.0% 成功率), 耗时: 55.7秒, 预计剩余: 72.4秒
2025-04-25 23:06:39,739 - INFO - 已完成: 55/115 (47.8%), 成功: 55/55 (100.0% 成功率), 耗时: 56.9秒, 预计剩余: 62.0秒
2025-04-25 23:06:41,046 - INFO - 已完成: 60/115 (52.2%), 成功: 60/60 (100.0% 成功率), 耗时: 58.2秒, 预计剩余: 53.3秒
2025-04-25 23:06:42,480 - INFO - 已完成: 65/115 (56.5%), 成功: 65/65 (100.0% 成功率), 耗时: 59.6秒, 预计剩余: 45.9秒
2025-04-25 23:06:43,915 - INFO - 已完成: 70/115 (60.9%), 成功: 70/70 (100.0% 成功率), 耗时: 61.0秒, 预计剩余: 39.2秒
2025-04-25 23:06:45,127 - INFO - 已完成: 75/115 (65.2%), 成功: 75/75 (100.0% 成功率), 耗时: 62.3秒, 预计剩余: 33.2秒
2025-04-25 23:06:46,177 - INFO - 已完成: 80/115 (69.6%), 成功: 80/80 (100.0% 成功率), 耗时: 63.3秒, 预计剩余: 27.7秒
2025-04-25 23:06:47,697 - INFO - 已完成: 85/115 (73.9%), 成功: 85/85 (100.0% 成功率), 耗时: 64.8秒, 预计剩余: 22.9秒
2025-04-25 23:06:48,702 - INFO - 已完成: 90/115 (78.3%), 成功: 90/90 (100.0% 成功率), 耗时: 65.8秒, 预计剩余: 18.3秒
2025-04-25 23:06:49,762 - INFO - 已完成: 95/115 (82.6%), 成功: 95/95 (100.0% 成功率), 耗时: 66.9秒, 预计剩余: 14.1秒
2025-04-25 23:06:50,097 - INFO - 已完成: 100/115 (87.0%), 成功: 100/100 (100.0% 成功率), 耗时: 67.2秒, 预计剩余: 10.1秒
2025-04-25 23:06:51,016 - INFO - 已完成: 105/115 (91.3%), 成功: 105/105 (100.0% 成功率), 耗时: 68.1秒, 预计剩余: 6.5秒
2025-04-25 23:06:52,832 - INFO - 已完成: 110/115 (95.7%), 成功: 110/110 (100.0% 成功率), 耗时: 70.0秒, 预计剩余: 3.2秒
2025-04-25 23:06:56,293 - INFO - 已完成: 115/115 (100.0%), 成功: 115/115 (100.0% 成功率), 耗时: 73.4秒, 预计剩余: 0.0秒
2025-04-25 23:06:56,301 - INFO - 对接计算完成，总耗时: 73.43秒，平均每个分子: 0.64秒，总成功率: 100.0%
2025-04-25 23:06:56,302 - INFO - 并行对接完成，成功对接 115/115 个分子，结果保存至: /data1/tgy/GA_llm/output_GA/generation_0/generation_0_docked.smi
2025-04-25 23:06:56,314 - INFO - 开始对接结果分析: /data1/tgy/GA_llm/output_GA/generation_0/generation_0_docked.smi
2025-04-25 23:06:56,450 - INFO - 对接结果分析完成，结果保存至: /data1/tgy/GA_llm/output_GA/generation_0/generation_0_stats.txt
2025-04-25 23:06:56,452 - INFO - 
==================== Generation 0 统计信息 ====================
总分子数: 115
所有分子得分均值: -7.9635
Top1得分: -10.9000
Top10得分均值: -9.4300
Top20得分均值: -9.0450
Top50得分均值: -8.5680
Top100得分均值: -8.1280
========================================================================

2025-04-25 23:06:56,452 - INFO - 第 0 代完成
2025-04-25 23:06:56,452 - INFO - 第0代完成,耗时: 76.51秒
2025-04-25 23:06:56,453 - INFO - 开始第 1 代进化
2025-04-25 23:06:56,453 - INFO - 开始第 1 代进化
2025-04-25 23:06:56,453 - INFO - 第 1 代种子设置: 基于适应度选择 50 个, 基于多样性选择 10 个
2025-04-25 23:06:56,454 - INFO - 选择种子分子: 根据适应度选择 50 个, 根据多样性选择 10 个
2025-04-25 23:06:56,629 - INFO - 已选择 60 个种子分子，保存至: /data1/tgy/GA_llm/output_GA/generation_1/generation_1_seeds.smi
2025-04-25 23:06:56,629 - INFO - 开始分子交叉: 使用 60 个种子分子生成 50 个新分子
2025-04-25 23:06:59,815 - INFO - 分子交叉完成，生成文件: /data1/tgy/GA_llm/output_GA/generation_1/generation_1_crossover.smi
2025-04-25 23:06:59,816 - INFO - 开始分子变异: 使用 60 个种子分子生成 50 个新分子
2025-04-25 23:07:02,384 - ERROR - 分子变异失败: Found local copy...

Processing mutations:   0%|          | 0/50 [00:00<?, ?it/s]
Processing mutations:   0%|          | 0/50 [00:00<?, ?it/s]
Traceback (most recent call last):
  File "/data1/tgy/GA_llm/operations/mutation/mutation_demo_GA.py", line 187, in <module>
    main()
  File "/data1/tgy/GA_llm/operations/mutation/mutation_demo_GA.py", line 125, in main
    result = click_chem.run_smiles_click(parent)
  File "/data1/tgy/GA_llm/autogrow/operators/mutation/smiles_click_chem/smiles_click_chem.py", line 888, in run_smiles_click
    reaction_product_smilestring = self.check_if_product_is_good(
  File "/data1/tgy/GA_llm/autogrow/operators/mutation/smiles_click_chem/smiles_click_chem.py", line 988, in check_if_product_is_good
    pass_or_not = Filter.run_filter_on_just_smiles(
  File "/data1/tgy/GA_llm/autogrow/operators/filter/execute_filters.py", line 175, in run_filter_on_just_smiles
    filter_result = run_all_selected_filters(mol, child_dict)
  File "/data1/tgy/GA_llm/autogrow/operators/filter/execute_filters.py", line 209, in run_all_selected_filters
    filter_function = child_dict[child].run_filter
AttributeError: 'function' object has no attribute 'run_filter'

2025-04-25 23:07:02,384 - WARNING - 变异操作失败: 分子变异失败，使用上一代结果
2025-04-25 23:07:02,385 - INFO - 合并交叉和变异结果: 交叉 225 个, 变异 115 个
2025-04-25 23:07:02,385 - INFO - 开始分子过滤: /data1/tgy/GA_llm/output_GA/generation_1/generation_1_merged.smi
2025-04-25 23:07:02,385 - INFO - 执行过滤命令: python /data1/tgy/GA_llm/operations/filter/filter_demo.py --input /data1/tgy/GA_llm/output_GA/generation_1/generation_1_merged.smi --output /data1/tgy/GA_llm/output_GA/generation_1/generation_1_filtered.smi --LipinskiLenientFilter
2025-04-25 23:07:06,554 - INFO - 分子过滤完成，生成文件: /data1/tgy/GA_llm/output_GA/generation_1/generation_1_filtered.smi
2025-04-25 23:07:06,555 - INFO - 开始分子对接: /data1/tgy/GA_llm/output_GA/generation_1/generation_1_filtered.smi, 处理器数量: -1, 模式: multithreading
2025-04-25 23:07:06,555 - INFO - 自动设置使用所有可用的CPU核心: 128
2025-04-25 23:07:06,555 - INFO - 使用并行模式进行对接，处理器数量: 128
2025-04-25 23:07:06,556 - INFO - 共有 339 个分子需要对接
2025-04-25 23:07:06,556 - INFO - 将 339 个分子分为 170 批进行处理，每批大约 2 个分子
2025-04-25 23:07:06,557 - INFO - 使用多线程模式，线程数: 128
2025-04-25 23:08:29,113 - INFO - 开始第0代(对初始种群进行处理后对接)
2025-04-25 23:08:29,114 - INFO - 开始第 0 代进化
2025-04-25 23:08:29,114 - INFO - Generation 0: 对初始文件进行处理后进行对接
2025-04-25 23:08:29,114 - INFO - 开始分子过滤: /data1/tgy/GA_llm/datasets/source_compounds/naphthalene_smiles.smi
2025-04-25 23:08:29,114 - INFO - 执行过滤命令: python /data1/tgy/GA_llm/operations/filter/filter_demo.py --input /data1/tgy/GA_llm/datasets/source_compounds/naphthalene_smiles.smi --output /data1/tgy/GA_llm/output_GA/generation_0/generation_0_filtered.smi --LipinskiLenientFilter
2025-04-25 23:08:32,139 - INFO - 分子过滤完成，生成文件: /data1/tgy/GA_llm/output_GA/generation_0/generation_0_filtered.smi
2025-04-25 23:08:32,139 - INFO - 开始分子对接: /data1/tgy/GA_llm/output_GA/generation_0/generation_0_filtered.smi, 处理器数量: -1, 模式: multithreading
2025-04-25 23:08:32,139 - INFO - 自动设置使用所有可用的CPU核心: 128
2025-04-25 23:08:32,139 - INFO - 使用并行模式进行对接，处理器数量: 128
2025-04-25 23:08:32,140 - INFO - 共有 115 个分子需要对接
2025-04-25 23:08:32,140 - INFO - 将 115 个分子分为 115 批进行处理，每批大约 1 个分子
2025-04-25 23:08:32,140 - INFO - 使用多线程模式，线程数: 128
2025-04-25 23:09:12,190 - INFO - 已完成: 5/115 (4.3%), 成功: 5/5 (100.0% 成功率), 耗时: 40.1秒, 预计剩余: 881.1秒
2025-04-25 23:09:17,528 - INFO - 已完成: 10/115 (8.7%), 成功: 10/10 (100.0% 成功率), 耗时: 45.4秒, 预计剩余: 476.6秒
2025-04-25 23:09:21,055 - INFO - 已完成: 15/115 (13.0%), 成功: 15/15 (100.0% 成功率), 耗时: 48.9秒, 预计剩余: 326.1秒
2025-04-25 23:09:22,583 - INFO - 已完成: 20/115 (17.4%), 成功: 20/20 (100.0% 成功率), 耗时: 50.4秒, 预计剩余: 239.6秒
2025-04-25 23:09:25,244 - INFO - 已完成: 25/115 (21.7%), 成功: 25/25 (100.0% 成功率), 耗时: 53.1秒, 预计剩余: 191.2秒
2025-04-25 23:09:25,894 - INFO - 已完成: 30/115 (26.1%), 成功: 30/30 (100.0% 成功率), 耗时: 53.8秒, 预计剩余: 152.3秒
2025-04-25 23:09:27,218 - INFO - 已完成: 35/115 (30.4%), 成功: 35/35 (100.0% 成功率), 耗时: 55.1秒, 预计剩余: 125.9秒
2025-04-25 23:09:28,625 - INFO - 已完成: 40/115 (34.8%), 成功: 40/40 (100.0% 成功率), 耗时: 56.5秒, 预计剩余: 105.9秒
2025-04-25 23:09:29,013 - INFO - 已完成: 45/115 (39.1%), 成功: 45/45 (100.0% 成功率), 耗时: 56.9秒, 预计剩余: 88.5秒
2025-04-25 23:09:30,496 - INFO - 已完成: 50/115 (43.5%), 成功: 50/50 (100.0% 成功率), 耗时: 58.4秒, 预计剩余: 75.9秒
2025-04-25 23:09:31,475 - INFO - 已完成: 55/115 (47.8%), 成功: 55/55 (100.0% 成功率), 耗时: 59.3秒, 预计剩余: 64.7秒
2025-04-25 23:09:32,092 - INFO - 已完成: 60/115 (52.2%), 成功: 60/60 (100.0% 成功率), 耗时: 60.0秒, 预计剩余: 55.0秒
2025-04-25 23:09:34,178 - INFO - 已完成: 65/115 (56.5%), 成功: 65/65 (100.0% 成功率), 耗时: 62.0秒, 预计剩余: 47.7秒
2025-04-25 23:09:34,591 - INFO - 已完成: 70/115 (60.9%), 成功: 70/70 (100.0% 成功率), 耗时: 62.5秒, 预计剩余: 40.1秒
2025-04-25 23:09:35,672 - INFO - 已完成: 75/115 (65.2%), 成功: 75/75 (100.0% 成功率), 耗时: 63.5秒, 预计剩余: 33.9秒
2025-04-25 23:09:36,481 - INFO - 已完成: 80/115 (69.6%), 成功: 80/80 (100.0% 成功率), 耗时: 64.3秒, 预计剩余: 28.1秒
2025-04-25 23:09:37,004 - INFO - 已完成: 85/115 (73.9%), 成功: 85/85 (100.0% 成功率), 耗时: 64.9秒, 预计剩余: 22.9秒
2025-04-25 23:09:38,851 - INFO - 已完成: 90/115 (78.3%), 成功: 90/90 (100.0% 成功率), 耗时: 66.7秒, 预计剩余: 18.5秒
2025-04-25 23:09:40,083 - INFO - 已完成: 95/115 (82.6%), 成功: 95/95 (100.0% 成功率), 耗时: 67.9秒, 预计剩余: 14.3秒
2025-04-25 23:09:41,180 - INFO - 已完成: 100/115 (87.0%), 成功: 100/100 (100.0% 成功率), 耗时: 69.0秒, 预计剩余: 10.4秒
2025-04-25 23:09:42,179 - INFO - 已完成: 105/115 (91.3%), 成功: 105/105 (100.0% 成功率), 耗时: 70.0秒, 预计剩余: 6.7秒
2025-04-25 23:09:42,680 - INFO - 已完成: 110/115 (95.7%), 成功: 110/110 (100.0% 成功率), 耗时: 70.5秒, 预计剩余: 3.2秒
2025-04-25 23:09:48,270 - INFO - 已完成: 115/115 (100.0%), 成功: 115/115 (100.0% 成功率), 耗时: 76.1秒, 预计剩余: 0.0秒
2025-04-25 23:09:48,280 - INFO - 对接计算完成，总耗时: 76.14秒，平均每个分子: 0.66秒，总成功率: 100.0%
2025-04-25 23:09:48,280 - INFO - 并行对接完成，成功对接 115/115 个分子，结果保存至: /data1/tgy/GA_llm/output_GA/generation_0/generation_0_docked.smi
2025-04-25 23:09:48,292 - INFO - 开始对接结果分析: /data1/tgy/GA_llm/output_GA/generation_0/generation_0_docked.smi
2025-04-25 23:09:48,451 - INFO - 对接结果分析完成，结果保存至: /data1/tgy/GA_llm/output_GA/generation_0/generation_0_stats.txt
2025-04-25 23:09:48,453 - INFO - 
==================== Generation 0 统计信息 ====================
总分子数: 115
所有分子得分均值: -7.9591
Top1得分: -11.0000
Top10得分均值: -9.4400
Top20得分均值: -9.0500
Top50得分均值: -8.5820
Top100得分均值: -8.1150
========================================================================

2025-04-25 23:09:48,453 - INFO - 第 0 代完成
2025-04-25 23:09:48,454 - INFO - 第0代完成,耗时: 79.34秒
2025-04-25 23:09:48,454 - INFO - 开始第 1 代进化
2025-04-25 23:09:48,454 - INFO - 开始第 1 代进化
2025-04-25 23:09:48,455 - INFO - 第 1 代种子设置: 基于适应度选择 50 个, 基于多样性选择 10 个
2025-04-25 23:09:48,455 - INFO - 选择种子分子: 根据适应度选择 50 个, 根据多样性选择 10 个
2025-04-25 23:09:48,624 - INFO - 已选择 60 个种子分子，保存至: /data1/tgy/GA_llm/output_GA/generation_1/generation_1_seeds.smi
2025-04-25 23:09:48,624 - INFO - 开始分子交叉: 使用 60 个种子分子生成 50 个新分子
2025-04-25 23:09:51,817 - INFO - 分子交叉完成，生成文件: /data1/tgy/GA_llm/output_GA/generation_1/generation_1_crossover.smi
2025-04-25 23:09:51,818 - INFO - 开始分子变异: 使用 60 个种子分子生成 50 个新分子
2025-04-25 23:09:54,789 - ERROR - 分子变异失败: Found local copy...

Processing mutations:   0%|          | 0/50 [00:00<?, ?it/s]
Processing mutations:   0%|          | 0/50 [00:00<?, ?it/s]
Traceback (most recent call last):
  File "/data1/tgy/GA_llm/operations/mutation/mutation_demo_GA.py", line 187, in <module>
    main()
  File "/data1/tgy/GA_llm/operations/mutation/mutation_demo_GA.py", line 125, in main
    result = click_chem.run_smiles_click2(parent)
AttributeError: 'SmilesClickChem' object has no attribute 'run_smiles_click2'

2025-04-25 23:09:54,789 - WARNING - 变异操作失败: 分子变异失败，使用上一代结果
2025-04-25 23:09:54,791 - INFO - 合并交叉和变异结果: 交叉 225 个, 变异 115 个
2025-04-25 23:09:54,791 - INFO - 开始分子过滤: /data1/tgy/GA_llm/output_GA/generation_1/generation_1_merged.smi
2025-04-25 23:09:54,791 - INFO - 执行过滤命令: python /data1/tgy/GA_llm/operations/filter/filter_demo.py --input /data1/tgy/GA_llm/output_GA/generation_1/generation_1_merged.smi --output /data1/tgy/GA_llm/output_GA/generation_1/generation_1_filtered.smi --LipinskiLenientFilter
2025-04-25 23:09:59,250 - INFO - 分子过滤完成，生成文件: /data1/tgy/GA_llm/output_GA/generation_1/generation_1_filtered.smi
2025-04-25 23:09:59,250 - INFO - 开始分子对接: /data1/tgy/GA_llm/output_GA/generation_1/generation_1_filtered.smi, 处理器数量: -1, 模式: multithreading
2025-04-25 23:09:59,251 - INFO - 自动设置使用所有可用的CPU核心: 128
2025-04-25 23:09:59,251 - INFO - 使用并行模式进行对接，处理器数量: 128
2025-04-25 23:09:59,251 - INFO - 共有 337 个分子需要对接
2025-04-25 23:09:59,252 - INFO - 将 337 个分子分为 169 批进行处理，每批大约 2 个分子
2025-04-25 23:09:59,252 - INFO - 使用多线程模式，线程数: 128
2025-04-25 23:10:31,538 - INFO - 开始第0代(对初始种群进行处理后对接)
2025-04-25 23:10:31,538 - INFO - 开始第 0 代进化
2025-04-25 23:10:31,538 - INFO - Generation 0: 对初始文件进行处理后进行对接
2025-04-25 23:10:31,538 - INFO - 开始分子过滤: /data1/tgy/GA_llm/datasets/source_compounds/naphthalene_smiles.smi
2025-04-25 23:10:31,538 - INFO - 执行过滤命令: python /data1/tgy/GA_llm/operations/filter/filter_demo.py --input /data1/tgy/GA_llm/datasets/source_compounds/naphthalene_smiles.smi --output /data1/tgy/GA_llm/output_GA/generation_0/generation_0_filtered.smi --LipinskiLenientFilter
2025-04-25 23:10:34,494 - INFO - 分子过滤完成，生成文件: /data1/tgy/GA_llm/output_GA/generation_0/generation_0_filtered.smi
2025-04-25 23:10:34,494 - INFO - 开始分子对接: /data1/tgy/GA_llm/output_GA/generation_0/generation_0_filtered.smi, 处理器数量: -1, 模式: multithreading
2025-04-25 23:10:34,495 - INFO - 自动设置使用所有可用的CPU核心: 128
2025-04-25 23:10:34,495 - INFO - 使用并行模式进行对接，处理器数量: 128
2025-04-25 23:10:34,495 - INFO - 共有 115 个分子需要对接
2025-04-25 23:10:34,495 - INFO - 将 115 个分子分为 115 批进行处理，每批大约 1 个分子
2025-04-25 23:10:34,495 - INFO - 使用多线程模式，线程数: 128
2025-04-25 23:11:14,467 - INFO - 已完成: 5/115 (4.3%), 成功: 5/5 (100.0% 成功率), 耗时: 40.0秒, 预计剩余: 879.4秒
2025-04-25 23:11:18,256 - INFO - 已完成: 10/115 (8.7%), 成功: 10/10 (100.0% 成功率), 耗时: 43.8秒, 预计剩余: 459.5秒
2025-04-25 23:11:22,186 - INFO - 已完成: 15/115 (13.0%), 成功: 15/15 (100.0% 成功率), 耗时: 47.7秒, 预计剩余: 317.9秒
2025-04-25 23:11:24,558 - INFO - 已完成: 20/115 (17.4%), 成功: 20/20 (100.0% 成功率), 耗时: 50.1秒, 预计剩余: 237.8秒
2025-04-25 23:11:25,638 - INFO - 已完成: 25/115 (21.7%), 成功: 25/25 (100.0% 成功率), 耗时: 51.1秒, 预计剩余: 184.1秒
2025-04-25 23:11:27,137 - INFO - 已完成: 30/115 (26.1%), 成功: 30/30 (100.0% 成功率), 耗时: 52.6秒, 预计剩余: 149.2秒
2025-04-25 23:11:28,015 - INFO - 已完成: 35/115 (30.4%), 成功: 35/35 (100.0% 成功率), 耗时: 53.5秒, 预计剩余: 122.3秒
2025-04-25 23:11:28,707 - INFO - 已完成: 40/115 (34.8%), 成功: 40/40 (100.0% 成功率), 耗时: 54.2秒, 预计剩余: 101.6秒
2025-04-25 23:11:29,385 - INFO - 已完成: 45/115 (39.1%), 成功: 45/45 (100.0% 成功率), 耗时: 54.9秒, 预计剩余: 85.4秒
2025-04-25 23:11:30,412 - INFO - 已完成: 50/115 (43.5%), 成功: 50/50 (100.0% 成功率), 耗时: 55.9秒, 预计剩余: 72.7秒
2025-04-25 23:11:32,426 - INFO - 已完成: 55/115 (47.8%), 成功: 55/55 (100.0% 成功率), 耗时: 57.9秒, 预计剩余: 63.2秒
2025-04-25 23:11:33,276 - INFO - 已完成: 60/115 (52.2%), 成功: 60/60 (100.0% 成功率), 耗时: 58.8秒, 预计剩余: 53.9秒
2025-04-25 23:11:34,508 - INFO - 已完成: 65/115 (56.5%), 成功: 65/65 (100.0% 成功率), 耗时: 60.0秒, 预计剩余: 46.2秒
2025-04-25 23:11:35,164 - INFO - 已完成: 70/115 (60.9%), 成功: 70/70 (100.0% 成功率), 耗时: 60.7秒, 预计剩余: 39.0秒
2025-04-25 23:11:36,712 - INFO - 已完成: 75/115 (65.2%), 成功: 75/75 (100.0% 成功率), 耗时: 62.2秒, 预计剩余: 33.2秒
2025-04-25 23:11:37,725 - INFO - 已完成: 80/115 (69.6%), 成功: 80/80 (100.0% 成功率), 耗时: 63.2秒, 预计剩余: 27.7秒
2025-04-25 23:11:39,472 - INFO - 已完成: 85/115 (73.9%), 成功: 85/85 (100.0% 成功率), 耗时: 65.0秒, 预计剩余: 22.9秒
2025-04-25 23:11:40,843 - INFO - 已完成: 90/115 (78.3%), 成功: 90/90 (100.0% 成功率), 耗时: 66.3秒, 预计剩余: 18.4秒
2025-04-25 23:11:41,950 - INFO - 已完成: 95/115 (82.6%), 成功: 95/95 (100.0% 成功率), 耗时: 67.5秒, 预计剩余: 14.2秒
2025-04-25 23:11:43,076 - INFO - 已完成: 100/115 (87.0%), 成功: 100/100 (100.0% 成功率), 耗时: 68.6秒, 预计剩余: 10.3秒
2025-04-25 23:11:43,526 - INFO - 已完成: 105/115 (91.3%), 成功: 105/105 (100.0% 成功率), 耗时: 69.0秒, 预计剩余: 6.6秒
2025-04-25 23:11:44,607 - INFO - 已完成: 110/115 (95.7%), 成功: 110/110 (100.0% 成功率), 耗时: 70.1秒, 预计剩余: 3.2秒
2025-04-25 23:11:47,342 - INFO - 已完成: 115/115 (100.0%), 成功: 115/115 (100.0% 成功率), 耗时: 72.8秒, 预计剩余: 0.0秒
2025-04-25 23:11:47,350 - INFO - 对接计算完成，总耗时: 72.85秒，平均每个分子: 0.63秒，总成功率: 100.0%
2025-04-25 23:11:47,350 - INFO - 并行对接完成，成功对接 115/115 个分子，结果保存至: /data1/tgy/GA_llm/output_GA/generation_0/generation_0_docked.smi
2025-04-25 23:11:47,363 - INFO - 开始对接结果分析: /data1/tgy/GA_llm/output_GA/generation_0/generation_0_docked.smi
2025-04-25 23:11:47,494 - INFO - 对接结果分析完成，结果保存至: /data1/tgy/GA_llm/output_GA/generation_0/generation_0_stats.txt
2025-04-25 23:11:47,495 - INFO - 
==================== Generation 0 统计信息 ====================
总分子数: 115
所有分子得分均值: -7.9730
Top1得分: -11.0000
Top10得分均值: -9.4500
Top20得分均值: -9.0750
Top50得分均值: -8.5980
Top100得分均值: -8.1360
========================================================================

2025-04-25 23:11:47,496 - INFO - 第 0 代完成
2025-04-25 23:11:47,496 - INFO - 第0代完成,耗时: 75.96秒
2025-04-25 23:11:47,496 - INFO - 开始第 1 代进化
2025-04-25 23:11:47,497 - INFO - 开始第 1 代进化
2025-04-25 23:11:47,497 - INFO - 第 1 代种子设置: 基于适应度选择 50 个, 基于多样性选择 10 个
2025-04-25 23:11:47,497 - INFO - 选择种子分子: 根据适应度选择 50 个, 根据多样性选择 10 个
2025-04-25 23:11:47,664 - INFO - 已选择 60 个种子分子，保存至: /data1/tgy/GA_llm/output_GA/generation_1/generation_1_seeds.smi
2025-04-25 23:11:47,665 - INFO - 开始分子交叉: 使用 60 个种子分子生成 50 个新分子
2025-04-25 23:11:51,090 - INFO - 分子交叉完成，生成文件: /data1/tgy/GA_llm/output_GA/generation_1/generation_1_crossover.smi
2025-04-25 23:11:51,090 - INFO - 开始分子变异: 使用 60 个种子分子生成 50 个新分子
2025-04-25 23:11:54,169 - ERROR - 分子变异失败: Found local copy...

Processing mutations:   0%|          | 0/50 [00:00<?, ?it/s]
Processing mutations:   0%|          | 0/50 [00:00<?, ?it/s]
Traceback (most recent call last):
  File "/data1/tgy/GA_llm/operations/mutation/mutation_demo_GA.py", line 187, in <module>
    main()
  File "/data1/tgy/GA_llm/operations/mutation/mutation_demo_GA.py", line 125, in main
    result = click_chem.run_smiles_click(parent)
  File "/data1/tgy/GA_llm/autogrow/operators/mutation/smiles_click_chem/smiles_click_chem.py", line 888, in run_smiles_click
    reaction_product_smilestring = self.check_if_product_is_good(
  File "/data1/tgy/GA_llm/autogrow/operators/mutation/smiles_click_chem/smiles_click_chem.py", line 988, in check_if_product_is_good
    pass_or_not = Filter.run_filter_on_just_smiles(
  File "/data1/tgy/GA_llm/autogrow/operators/filter/execute_filters.py", line 175, in run_filter_on_just_smiles
    filter_result = run_all_selected_filters(mol, child_dict)
  File "/data1/tgy/GA_llm/autogrow/operators/filter/execute_filters.py", line 209, in run_all_selected_filters
    filter_function = child_dict[child].run_filter
AttributeError: 'function' object has no attribute 'run_filter'

2025-04-25 23:11:54,170 - WARNING - 变异操作失败: 分子变异失败，使用上一代结果
2025-04-25 23:11:54,172 - INFO - 合并交叉和变异结果: 交叉 225 个, 变异 115 个
2025-04-25 23:11:54,172 - INFO - 开始分子过滤: /data1/tgy/GA_llm/output_GA/generation_1/generation_1_merged.smi
2025-04-25 23:11:54,172 - INFO - 执行过滤命令: python /data1/tgy/GA_llm/operations/filter/filter_demo.py --input /data1/tgy/GA_llm/output_GA/generation_1/generation_1_merged.smi --output /data1/tgy/GA_llm/output_GA/generation_1/generation_1_filtered.smi --LipinskiLenientFilter
2025-04-25 23:11:58,743 - INFO - 分子过滤完成，生成文件: /data1/tgy/GA_llm/output_GA/generation_1/generation_1_filtered.smi
2025-04-25 23:11:58,743 - INFO - 开始分子对接: /data1/tgy/GA_llm/output_GA/generation_1/generation_1_filtered.smi, 处理器数量: -1, 模式: multithreading
2025-04-25 23:11:58,744 - INFO - 自动设置使用所有可用的CPU核心: 128
2025-04-25 23:11:58,744 - INFO - 使用并行模式进行对接，处理器数量: 128
2025-04-25 23:11:58,744 - INFO - 共有 338 个分子需要对接
2025-04-25 23:11:58,745 - INFO - 将 338 个分子分为 169 批进行处理，每批大约 2 个分子
2025-04-25 23:11:58,745 - INFO - 使用多线程模式，线程数: 128
2025-04-25 23:13:43,733 - INFO - 开始第0代(对初始种群进行处理后对接)
2025-04-25 23:13:43,733 - INFO - 开始第 0 代进化
2025-04-25 23:13:43,733 - INFO - Generation 0: 对初始文件进行处理后进行对接
2025-04-25 23:13:43,733 - INFO - 开始分子过滤: /data1/tgy/GA_llm/datasets/source_compounds/naphthalene_smiles.smi
2025-04-25 23:13:43,733 - INFO - 执行过滤命令: python /data1/tgy/GA_llm/operations/filter/filter_demo.py --input /data1/tgy/GA_llm/datasets/source_compounds/naphthalene_smiles.smi --output /data1/tgy/GA_llm/output_GA/generation_0/generation_0_filtered.smi --LipinskiLenientFilter
2025-04-25 23:13:46,734 - INFO - 分子过滤完成，生成文件: /data1/tgy/GA_llm/output_GA/generation_0/generation_0_filtered.smi
2025-04-25 23:13:46,734 - INFO - 开始分子对接: /data1/tgy/GA_llm/output_GA/generation_0/generation_0_filtered.smi, 处理器数量: -1, 模式: multithreading
2025-04-25 23:13:46,734 - INFO - 自动设置使用所有可用的CPU核心: 128
2025-04-25 23:13:46,734 - INFO - 使用并行模式进行对接，处理器数量: 128
2025-04-25 23:13:46,735 - INFO - 共有 115 个分子需要对接
2025-04-25 23:13:46,735 - INFO - 将 115 个分子分为 115 批进行处理，每批大约 1 个分子
2025-04-25 23:13:46,735 - INFO - 使用多线程模式，线程数: 128
2025-04-25 23:14:27,214 - INFO - 已完成: 5/115 (4.3%), 成功: 5/5 (100.0% 成功率), 耗时: 40.5秒, 预计剩余: 890.5秒
2025-04-25 23:14:32,061 - INFO - 已完成: 10/115 (8.7%), 成功: 10/10 (100.0% 成功率), 耗时: 45.3秒, 预计剩余: 475.9秒
2025-04-25 23:14:33,767 - INFO - 已完成: 15/115 (13.0%), 成功: 15/15 (100.0% 成功率), 耗时: 47.0秒, 预计剩余: 313.6秒
2025-04-25 23:14:35,694 - INFO - 已完成: 20/115 (17.4%), 成功: 20/20 (100.0% 成功率), 耗时: 49.0秒, 预计剩余: 232.6秒
2025-04-25 23:14:38,905 - INFO - 已完成: 25/115 (21.7%), 成功: 25/25 (100.0% 成功率), 耗时: 52.2秒, 预计剩余: 187.8秒
2025-04-25 23:14:40,195 - INFO - 已完成: 30/115 (26.1%), 成功: 30/30 (100.0% 成功率), 耗时: 53.5秒, 预计剩余: 151.5秒
2025-04-25 23:14:40,548 - INFO - 已完成: 35/115 (30.4%), 成功: 35/35 (100.0% 成功率), 耗时: 53.8秒, 预计剩余: 123.0秒
2025-04-25 23:14:41,101 - INFO - 已完成: 40/115 (34.8%), 成功: 40/40 (100.0% 成功率), 耗时: 54.4秒, 预计剩余: 101.9秒
2025-04-25 23:14:42,071 - INFO - 已完成: 45/115 (39.1%), 成功: 45/45 (100.0% 成功率), 耗时: 55.3秒, 预计剩余: 86.1秒
2025-04-25 23:14:42,688 - INFO - 已完成: 50/115 (43.5%), 成功: 50/50 (100.0% 成功率), 耗时: 56.0秒, 预计剩余: 72.7秒
2025-04-25 23:14:43,608 - INFO - 已完成: 55/115 (47.8%), 成功: 55/55 (100.0% 成功率), 耗时: 56.9秒, 预计剩余: 62.0秒
2025-04-25 23:14:45,253 - INFO - 已完成: 60/115 (52.2%), 成功: 60/60 (100.0% 成功率), 耗时: 58.5秒, 预计剩余: 53.6秒
2025-04-25 23:14:46,505 - INFO - 已完成: 65/115 (56.5%), 成功: 65/65 (100.0% 成功率), 耗时: 59.8秒, 预计剩余: 46.0秒
2025-04-25 23:14:47,965 - INFO - 已完成: 70/115 (60.9%), 成功: 70/70 (100.0% 成功率), 耗时: 61.2秒, 预计剩余: 39.4秒
2025-04-25 23:14:50,336 - INFO - 已完成: 75/115 (65.2%), 成功: 75/75 (100.0% 成功率), 耗时: 63.6秒, 预计剩余: 33.9秒
2025-04-25 23:14:51,206 - INFO - 已完成: 80/115 (69.6%), 成功: 80/80 (100.0% 成功率), 耗时: 64.5秒, 预计剩余: 28.2秒
2025-04-25 23:14:51,652 - INFO - 已完成: 85/115 (73.9%), 成功: 85/85 (100.0% 成功率), 耗时: 64.9秒, 预计剩余: 22.9秒
2025-04-25 23:14:52,065 - INFO - 已完成: 90/115 (78.3%), 成功: 90/90 (100.0% 成功率), 耗时: 65.3秒, 预计剩余: 18.1秒
2025-04-25 23:14:52,289 - INFO - 已完成: 95/115 (82.6%), 成功: 95/95 (100.0% 成功率), 耗时: 65.6秒, 预计剩余: 13.8秒
2025-04-25 23:14:53,476 - INFO - 已完成: 100/115 (87.0%), 成功: 100/100 (100.0% 成功率), 耗时: 66.7秒, 预计剩余: 10.0秒
2025-04-25 23:14:54,863 - INFO - 已完成: 105/115 (91.3%), 成功: 105/105 (100.0% 成功率), 耗时: 68.1秒, 预计剩余: 6.5秒
2025-04-25 23:14:57,636 - INFO - 已完成: 110/115 (95.7%), 成功: 110/110 (100.0% 成功率), 耗时: 70.9秒, 预计剩余: 3.2秒
2025-04-25 23:14:59,962 - INFO - 已完成: 115/115 (100.0%), 成功: 115/115 (100.0% 成功率), 耗时: 73.2秒, 预计剩余: 0.0秒
2025-04-25 23:14:59,968 - INFO - 对接计算完成，总耗时: 73.23秒，平均每个分子: 0.64秒，总成功率: 100.0%
2025-04-25 23:14:59,969 - INFO - 并行对接完成，成功对接 115/115 个分子，结果保存至: /data1/tgy/GA_llm/output_GA/generation_0/generation_0_docked.smi
2025-04-25 23:14:59,986 - INFO - 开始对接结果分析: /data1/tgy/GA_llm/output_GA/generation_0/generation_0_docked.smi
2025-04-25 23:15:00,116 - INFO - 对接结果分析完成，结果保存至: /data1/tgy/GA_llm/output_GA/generation_0/generation_0_stats.txt
2025-04-25 23:15:00,118 - INFO - 
==================== Generation 0 统计信息 ====================
总分子数: 115
所有分子得分均值: -7.9583
Top1得分: -10.9000
Top10得分均值: -9.4400
Top20得分均值: -9.0450
Top50得分均值: -8.5760
Top100得分均值: -8.1200
========================================================================

2025-04-25 23:15:00,118 - INFO - 第 0 代完成
2025-04-25 23:15:00,118 - INFO - 第0代完成,耗时: 76.39秒
2025-04-25 23:15:00,118 - INFO - 开始第 1 代进化
2025-04-25 23:15:00,119 - INFO - 开始第 1 代进化
2025-04-25 23:15:00,119 - INFO - 第 1 代种子设置: 基于适应度选择 50 个, 基于多样性选择 10 个
2025-04-25 23:15:00,119 - INFO - 选择种子分子: 根据适应度选择 50 个, 根据多样性选择 10 个
2025-04-25 23:15:00,260 - INFO - 已选择 60 个种子分子，保存至: /data1/tgy/GA_llm/output_GA/generation_1/generation_1_seeds.smi
2025-04-25 23:15:00,260 - INFO - 开始分子交叉: 使用 60 个种子分子生成 50 个新分子
2025-04-25 23:15:03,532 - INFO - 分子交叉完成，生成文件: /data1/tgy/GA_llm/output_GA/generation_1/generation_1_crossover.smi
2025-04-25 23:15:03,532 - INFO - 开始分子变异: 使用 60 个种子分子生成 50 个新分子
2025-04-25 23:15:07,550 - INFO - 分子变异完成，生成文件: /data1/tgy/GA_llm/output_GA/generation_1/generation_1_mutation.smi
2025-04-25 23:15:07,552 - INFO - 合并交叉和变异结果: 交叉 225 个, 变异 175 个
2025-04-25 23:15:07,552 - INFO - 开始分子过滤: /data1/tgy/GA_llm/output_GA/generation_1/generation_1_merged.smi
2025-04-25 23:15:07,553 - INFO - 执行过滤命令: python /data1/tgy/GA_llm/operations/filter/filter_demo.py --input /data1/tgy/GA_llm/output_GA/generation_1/generation_1_merged.smi --output /data1/tgy/GA_llm/output_GA/generation_1/generation_1_filtered.smi --LipinskiLenientFilter
2025-04-25 23:15:11,035 - INFO - 分子过滤完成，生成文件: /data1/tgy/GA_llm/output_GA/generation_1/generation_1_filtered.smi
2025-04-25 23:15:11,036 - INFO - 开始分子对接: /data1/tgy/GA_llm/output_GA/generation_1/generation_1_filtered.smi, 处理器数量: -1, 模式: multithreading
2025-04-25 23:15:11,036 - INFO - 自动设置使用所有可用的CPU核心: 128
2025-04-25 23:15:11,036 - INFO - 使用并行模式进行对接，处理器数量: 128
2025-04-25 23:15:11,037 - INFO - 共有 400 个分子需要对接
2025-04-25 23:15:11,037 - INFO - 将 400 个分子分为 134 批进行处理，每批大约 3 个分子
2025-04-25 23:15:11,037 - INFO - 使用多线程模式，线程数: 128
2025-04-25 23:16:06,722 - INFO - 已完成: 20/400 (5.0%), 成功: 20/20 (100.0% 成功率), 耗时: 55.7秒, 预计剩余: 1058.0秒
2025-04-25 23:16:14,967 - INFO - 已完成: 40/400 (10.0%), 成功: 40/40 (100.0% 成功率), 耗时: 63.9秒, 预计剩余: 575.4秒
2025-04-25 23:16:21,869 - INFO - 已完成: 60/400 (15.0%), 成功: 60/60 (100.0% 成功率), 耗时: 70.8秒, 预计剩余: 401.4秒
2025-04-25 23:16:27,024 - INFO - 已完成: 80/400 (20.0%), 成功: 80/80 (100.0% 成功率), 耗时: 76.0秒, 预计剩余: 303.9秒
2025-04-25 23:16:40,695 - INFO - 已完成: 100/400 (25.0%), 成功: 100/100 (100.0% 成功率), 耗时: 89.7秒, 预计剩余: 269.0秒
2025-04-25 23:16:56,362 - INFO - 已完成: 120/400 (30.0%), 成功: 120/120 (100.0% 成功率), 耗时: 105.3秒, 预计剩余: 245.8秒
2025-04-25 23:17:09,497 - INFO - 已完成: 140/400 (35.0%), 成功: 140/140 (100.0% 成功率), 耗时: 118.5秒, 预计剩余: 220.0秒
2025-04-25 23:17:23,029 - INFO - 已完成: 160/400 (40.0%), 成功: 160/160 (100.0% 成功率), 耗时: 132.0秒, 预计剩余: 198.0秒
2025-04-25 23:17:38,492 - INFO - 已完成: 180/400 (45.0%), 成功: 180/180 (100.0% 成功率), 耗时: 147.5秒, 预计剩余: 180.2秒
2025-04-25 23:17:52,604 - INFO - 已完成: 200/400 (50.0%), 成功: 200/200 (100.0% 成功率), 耗时: 161.6秒, 预计剩余: 161.6秒
2025-04-25 23:18:06,206 - INFO - 已完成: 220/400 (55.0%), 成功: 220/220 (100.0% 成功率), 耗时: 175.2秒, 预计剩余: 143.3秒
2025-04-25 23:18:19,224 - INFO - 已完成: 240/400 (60.0%), 成功: 240/240 (100.0% 成功率), 耗时: 188.2秒, 预计剩余: 125.5秒
2025-04-25 23:18:37,006 - INFO - 已完成: 260/400 (65.0%), 成功: 260/260 (100.0% 成功率), 耗时: 206.0秒, 预计剩余: 110.9秒
2025-04-25 23:19:02,480 - INFO - 已完成: 280/400 (70.0%), 成功: 280/280 (100.0% 成功率), 耗时: 231.4秒, 预计剩余: 99.2秒
2025-04-25 23:19:09,791 - INFO - 已完成: 300/400 (75.0%), 成功: 300/300 (100.0% 成功率), 耗时: 238.8秒, 预计剩余: 79.6秒
2025-04-25 23:19:16,123 - INFO - 已完成: 320/400 (80.0%), 成功: 320/320 (100.0% 成功率), 耗时: 245.1秒, 预计剩余: 61.3秒
2025-04-25 23:19:21,279 - INFO - 已完成: 340/400 (85.0%), 成功: 340/340 (100.0% 成功率), 耗时: 250.2秒, 预计剩余: 44.2秒
2025-04-25 23:19:26,038 - INFO - 已完成: 360/400 (90.0%), 成功: 360/360 (100.0% 成功率), 耗时: 255.0秒, 预计剩余: 28.3秒
2025-04-25 23:19:29,995 - INFO - 已完成: 380/400 (95.0%), 成功: 380/380 (100.0% 成功率), 耗时: 259.0秒, 预计剩余: 13.6秒
2025-04-25 23:19:39,155 - INFO - 已完成: 400/400 (100.0%), 成功: 400/400 (100.0% 成功率), 耗时: 268.1秒, 预计剩余: 0.0秒
2025-04-25 23:19:39,165 - INFO - 对接计算完成，总耗时: 268.13秒，平均每个分子: 0.67秒，总成功率: 100.0%
2025-04-25 23:19:39,165 - INFO - 并行对接完成，成功对接 400/400 个分子，结果保存至: /data1/tgy/GA_llm/output_GA/generation_1/generation_1_docked.smi
2025-04-25 23:19:39,187 - INFO - 开始对接结果分析: /data1/tgy/GA_llm/output_GA/generation_1/generation_1_docked.smi
2025-04-25 23:19:39,350 - INFO - 对接结果分析完成，结果保存至: /data1/tgy/GA_llm/output_GA/generation_1/generation_1_stats.txt
2025-04-25 23:19:39,352 - INFO - 
==================== Generation 1 统计信息 ====================
总分子数: 400
所有分子得分均值: -8.1858
Top1得分: -11.0000
Top10得分均值: -10.4700
Top20得分均值: -10.0900
Top50得分均值: -9.5060
Top100得分均值: -9.1090
========================================================================

2025-04-25 23:19:39,352 - INFO - 第 1 代进化完成
2025-04-25 23:19:39,352 - INFO - 第 1 代进化完成，耗时: 279.23秒
2025-04-25 23:19:39,352 - INFO - 结果保存至: /data1/tgy/GA_llm/output_GA/generation_1/generation_1_docked.smi
2025-04-25 23:19:39,353 - INFO - 开始第 2 代进化
2025-04-25 23:19:39,353 - INFO - 开始第 2 代进化
2025-04-25 23:19:39,353 - INFO - 第 2 代种子设置: 基于适应度选择 50 个, 基于多样性选择 8 个
2025-04-25 23:19:39,354 - INFO - 选择种子分子: 根据适应度选择 50 个, 根据多样性选择 8 个
2025-04-25 23:19:39,766 - INFO - 已选择 58 个种子分子，保存至: /data1/tgy/GA_llm/output_GA/generation_2/generation_2_seeds.smi
2025-04-25 23:19:39,767 - INFO - 开始分子交叉: 使用 58 个种子分子生成 50 个新分子
2025-04-25 23:19:45,364 - INFO - 分子交叉完成，生成文件: /data1/tgy/GA_llm/output_GA/generation_2/generation_2_crossover.smi
2025-04-25 23:19:45,364 - INFO - 开始分子变异: 使用 58 个种子分子生成 50 个新分子
2025-04-25 23:19:51,982 - INFO - 分子变异完成，生成文件: /data1/tgy/GA_llm/output_GA/generation_2/generation_2_mutation.smi
2025-04-25 23:19:51,984 - INFO - 合并交叉和变异结果: 交叉 508 个, 变异 458 个
2025-04-25 23:19:51,985 - INFO - 开始分子过滤: /data1/tgy/GA_llm/output_GA/generation_2/generation_2_merged.smi
2025-04-25 23:19:51,985 - INFO - 执行过滤命令: python /data1/tgy/GA_llm/operations/filter/filter_demo.py --input /data1/tgy/GA_llm/output_GA/generation_2/generation_2_merged.smi --output /data1/tgy/GA_llm/output_GA/generation_2/generation_2_filtered.smi --LipinskiLenientFilter
2025-04-25 23:19:59,135 - INFO - 分子过滤完成，生成文件: /data1/tgy/GA_llm/output_GA/generation_2/generation_2_filtered.smi
2025-04-25 23:19:59,135 - INFO - 开始分子对接: /data1/tgy/GA_llm/output_GA/generation_2/generation_2_filtered.smi, 处理器数量: -1, 模式: multithreading
2025-04-25 23:19:59,135 - INFO - 自动设置使用所有可用的CPU核心: 128
2025-04-25 23:19:59,135 - INFO - 使用并行模式进行对接，处理器数量: 128
2025-04-25 23:19:59,136 - INFO - 共有 963 个分子需要对接
2025-04-25 23:19:59,136 - INFO - 将 963 个分子分为 138 批进行处理，每批大约 7 个分子
2025-04-25 23:19:59,136 - INFO - 使用多线程模式，线程数: 128
2025-04-25 23:20:59,287 - INFO - 已完成: 48/963 (5.0%), 成功: 48/48 (100.0% 成功率), 耗时: 60.2秒, 预计剩余: 1146.6秒
2025-04-25 23:21:17,299 - INFO - 已完成: 96/963 (10.0%), 成功: 96/96 (100.0% 成功率), 耗时: 78.2秒, 预计剩余: 705.9秒
2025-04-25 23:21:47,619 - INFO - 已完成: 144/963 (15.0%), 成功: 144/144 (100.0% 成功率), 耗时: 108.5秒, 预计剩余: 617.0秒
2025-04-25 23:22:16,374 - INFO - 已完成: 192/963 (19.9%), 成功: 192/192 (100.0% 成功率), 耗时: 137.2秒, 预计剩余: 551.1秒
2025-04-25 23:22:46,903 - INFO - 已完成: 240/963 (24.9%), 成功: 240/240 (100.0% 成功率), 耗时: 167.8秒, 预计剩余: 505.4秒
2025-04-25 23:23:23,073 - INFO - 已完成: 288/963 (29.9%), 成功: 288/288 (100.0% 成功率), 耗时: 203.9秒, 预计剩余: 478.0秒
2025-04-25 23:24:00,540 - INFO - 已完成: 336/963 (34.9%), 成功: 336/336 (100.0% 成功率), 耗时: 241.4秒, 预计剩余: 450.5秒
2025-04-25 23:24:34,569 - INFO - 已完成: 384/963 (39.9%), 成功: 384/384 (100.0% 成功率), 耗时: 275.4秒, 预计剩余: 415.3秒
2025-04-25 23:25:10,797 - INFO - 已完成: 432/963 (44.9%), 成功: 432/432 (100.0% 成功率), 耗时: 311.7秒, 预计剩余: 383.1秒
2025-04-25 23:25:46,126 - INFO - 已完成: 480/963 (49.8%), 成功: 480/480 (100.0% 成功率), 耗时: 347.0秒, 预计剩余: 349.2秒
2025-04-25 23:26:16,892 - INFO - 已完成: 528/963 (54.8%), 成功: 528/528 (100.0% 成功率), 耗时: 377.8秒, 预计剩余: 311.2秒
2025-04-25 23:26:47,642 - INFO - 已完成: 576/963 (59.8%), 成功: 576/576 (100.0% 成功率), 耗时: 408.5秒, 预计剩余: 274.5秒
2025-04-25 23:27:18,197 - INFO - 已完成: 624/963 (64.8%), 成功: 624/624 (100.0% 成功率), 耗时: 439.1秒, 预计剩余: 238.5秒
2025-04-25 23:27:49,578 - INFO - 已完成: 672/963 (69.8%), 成功: 672/672 (100.0% 成功率), 耗时: 470.4秒, 预计剩余: 203.7秒
2025-04-25 23:28:14,690 - INFO - 已完成: 720/963 (74.8%), 成功: 720/720 (100.0% 成功率), 耗时: 495.6秒, 预计剩余: 167.2秒
2025-04-25 23:28:46,817 - INFO - 已完成: 768/963 (79.8%), 成功: 768/768 (100.0% 成功率), 耗时: 527.7秒, 预计剩余: 134.0秒
2025-04-25 23:29:27,390 - INFO - 已完成: 816/963 (84.7%), 成功: 816/816 (100.0% 成功率), 耗时: 568.3秒, 预计剩余: 102.4秒
2025-04-25 23:30:07,414 - INFO - 已完成: 864/963 (89.7%), 成功: 864/864 (100.0% 成功率), 耗时: 608.3秒, 预计剩余: 69.7秒
2025-04-25 23:30:26,818 - INFO - 已完成: 912/963 (94.7%), 成功: 912/912 (100.0% 成功率), 耗时: 627.7秒, 预计剩余: 35.1秒
2025-04-25 23:30:46,406 - INFO - 已完成: 960/963 (99.7%), 成功: 960/960 (100.0% 成功率), 耗时: 647.3秒, 预计剩余: 2.0秒
2025-04-25 23:30:52,069 - INFO - 已完成: 963/963 (100.0%), 成功: 963/963 (100.0% 成功率), 耗时: 652.9秒, 预计剩余: 0.0秒
2025-04-25 23:30:52,080 - INFO - 对接计算完成，总耗时: 652.94秒，平均每个分子: 0.68秒，总成功率: 100.0%
2025-04-25 23:30:52,082 - INFO - 并行对接完成，成功对接 963/963 个分子，结果保存至: /data1/tgy/GA_llm/output_GA/generation_2/generation_2_docked.smi
2025-04-25 23:30:52,157 - INFO - 开始对接结果分析: /data1/tgy/GA_llm/output_GA/generation_2/generation_2_docked.smi
2025-04-25 23:30:52,384 - INFO - 对接结果分析完成，结果保存至: /data1/tgy/GA_llm/output_GA/generation_2/generation_2_stats.txt
2025-04-25 23:30:52,386 - INFO - 
==================== Generation 2 统计信息 ====================
总分子数: 963
所有分子得分均值: -8.3239
Top1得分: -11.0000
Top10得分均值: -10.9900
Top20得分均值: -10.9450
Top50得分均值: -10.3640
Top100得分均值: -9.9820
========================================================================

2025-04-25 23:30:52,386 - INFO - 第 2 代进化完成
2025-04-25 23:30:52,386 - INFO - 第 2 代进化完成，耗时: 673.03秒
2025-04-25 23:30:52,386 - INFO - 结果保存至: /data1/tgy/GA_llm/output_GA/generation_2/generation_2_docked.smi
2025-04-25 23:30:52,386 - INFO - 开始第 3 代进化
2025-04-25 23:30:52,386 - INFO - 开始第 3 代进化
2025-04-25 23:30:52,387 - INFO - 第 3 代种子设置: 基于适应度选择 50 个, 基于多样性选择 6 个
2025-04-25 23:30:52,388 - INFO - 选择种子分子: 根据适应度选择 50 个, 根据多样性选择 6 个
2025-04-25 23:30:53,433 - INFO - 已选择 56 个种子分子，保存至: /data1/tgy/GA_llm/output_GA/generation_3/generation_3_seeds.smi
2025-04-25 23:30:53,433 - INFO - 开始分子交叉: 使用 56 个种子分子生成 50 个新分子
2025-04-25 23:31:03,132 - INFO - 分子交叉完成，生成文件: /data1/tgy/GA_llm/output_GA/generation_3/generation_3_crossover.smi
2025-04-25 23:31:03,132 - INFO - 开始分子变异: 使用 56 个种子分子生成 50 个新分子
2025-04-25 23:31:14,370 - INFO - 分子变异完成，生成文件: /data1/tgy/GA_llm/output_GA/generation_3/generation_3_mutation.smi
2025-04-25 23:31:14,374 - INFO - 合并交叉和变异结果: 交叉 1069 个, 变异 1019 个
2025-04-25 23:31:14,375 - INFO - 开始分子过滤: /data1/tgy/GA_llm/output_GA/generation_3/generation_3_merged.smi
2025-04-25 23:31:14,375 - INFO - 执行过滤命令: python /data1/tgy/GA_llm/operations/filter/filter_demo.py --input /data1/tgy/GA_llm/output_GA/generation_3/generation_3_merged.smi --output /data1/tgy/GA_llm/output_GA/generation_3/generation_3_filtered.smi --LipinskiLenientFilter
2025-04-25 23:31:26,872 - INFO - 分子过滤完成，生成文件: /data1/tgy/GA_llm/output_GA/generation_3/generation_3_filtered.smi
2025-04-25 23:31:26,872 - INFO - 开始分子对接: /data1/tgy/GA_llm/output_GA/generation_3/generation_3_filtered.smi, 处理器数量: -1, 模式: multithreading
2025-04-25 23:31:26,872 - INFO - 自动设置使用所有可用的CPU核心: 128
2025-04-25 23:31:26,872 - INFO - 使用并行模式进行对接，处理器数量: 128
2025-04-25 23:31:26,873 - INFO - 共有 2088 个分子需要对接
2025-04-25 23:31:26,874 - INFO - 将 2088 个分子分为 131 批进行处理，每批大约 16 个分子
2025-04-25 23:31:26,874 - INFO - 使用多线程模式，线程数: 128
2025-04-25 23:32:41,784 - INFO - 已完成: 104/2088 (5.0%), 成功: 104/104 (100.0% 成功率), 耗时: 74.9秒, 预计剩余: 1429.1秒
2025-04-25 23:33:45,871 - INFO - 已完成: 208/2088 (10.0%), 成功: 208/208 (100.0% 成功率), 耗时: 139.0秒, 预计剩余: 1256.3秒
2025-04-25 23:34:49,405 - INFO - 已完成: 312/2088 (14.9%), 成功: 312/312 (100.0% 成功率), 耗时: 202.5秒, 预计剩余: 1152.9秒
2025-04-25 23:35:55,488 - INFO - 已完成: 416/2088 (19.9%), 成功: 416/416 (100.0% 成功率), 耗时: 268.6秒, 预计剩余: 1079.6秒
2025-04-25 23:37:06,614 - INFO - 已完成: 520/2088 (24.9%), 成功: 520/520 (100.0% 成功率), 耗时: 339.7秒, 预计剩余: 1024.4秒
2025-04-25 23:38:20,452 - INFO - 已完成: 624/2088 (29.9%), 成功: 624/624 (100.0% 成功率), 耗时: 413.6秒, 预计剩余: 970.3秒
2025-04-25 23:39:28,969 - INFO - 已完成: 728/2088 (34.9%), 成功: 728/728 (100.0% 成功率), 耗时: 482.1秒, 预计剩余: 900.6秒
2025-04-25 23:40:43,786 - INFO - 已完成: 832/2088 (39.8%), 成功: 832/832 (100.0% 成功率), 耗时: 556.9秒, 预计剩余: 840.7秒
2025-04-25 23:42:00,826 - INFO - 已完成: 936/2088 (44.8%), 成功: 936/936 (100.0% 成功率), 耗时: 634.0秒, 预计剩余: 780.2秒
2025-04-25 23:43:30,879 - INFO - 已完成: 1040/2088 (49.8%), 成功: 1040/1040 (100.0% 成功率), 耗时: 724.0秒, 预计剩余: 729.6秒
2025-04-25 23:44:45,296 - INFO - 已完成: 1144/2088 (54.8%), 成功: 1144/1144 (100.0% 成功率), 耗时: 798.4秒, 预计剩余: 658.8秒
2025-04-25 23:45:48,691 - INFO - 已完成: 1248/2088 (59.8%), 成功: 1248/1248 (100.0% 成功率), 耗时: 861.8秒, 预计剩余: 580.1秒
2025-04-25 23:46:46,700 - INFO - 已完成: 1352/2088 (64.8%), 成功: 1352/1352 (100.0% 成功率), 耗时: 919.8秒, 预计剩余: 500.7秒
2025-04-25 23:48:43,664 - INFO - 已完成: 1456/2088 (69.7%), 成功: 1456/1456 (100.0% 成功率), 耗时: 1036.8秒, 预计剩余: 450.0秒
2025-04-25 23:49:57,231 - INFO - 已完成: 1560/2088 (74.7%), 成功: 1560/1560 (100.0% 成功率), 耗时: 1110.4秒, 预计剩余: 375.8秒
2025-04-25 23:52:29,632 - INFO - 已完成: 1664/2088 (79.7%), 成功: 1664/1664 (100.0% 成功率), 耗时: 1262.8秒, 预计剩余: 321.8秒
2025-04-25 23:54:52,150 - INFO - 已完成: 1768/2088 (84.7%), 成功: 1768/1768 (100.0% 成功率), 耗时: 1405.3秒, 预计剩余: 254.3秒
2025-04-25 23:57:02,430 - INFO - 已完成: 1872/2088 (89.7%), 成功: 1872/1872 (100.0% 成功率), 耗时: 1535.6秒, 预计剩余: 177.2秒
2025-04-25 23:59:54,836 - INFO - 已完成: 1976/2088 (94.6%), 成功: 1976/1976 (100.0% 成功率), 耗时: 1708.0秒, 预计剩余: 96.8秒
2025-04-26 00:02:55,906 - INFO - 已完成: 2080/2088 (99.6%), 成功: 2080/2080 (100.0% 成功率), 耗时: 1889.0秒, 预计剩余: 7.3秒
2025-04-26 00:03:35,713 - INFO - 已完成: 2088/2088 (100.0%), 成功: 2088/2088 (100.0% 成功率), 耗时: 1928.8秒, 预计剩余: 0.0秒
2025-04-26 00:03:35,737 - INFO - 对接计算完成，总耗时: 1928.86秒，平均每个分子: 0.92秒，总成功率: 100.0%
2025-04-26 00:03:35,739 - INFO - 并行对接完成，成功对接 2088/2088 个分子，结果保存至: /data1/tgy/GA_llm/output_GA/generation_3/generation_3_docked.smi
2025-04-26 00:03:35,887 - INFO - 开始对接结果分析: /data1/tgy/GA_llm/output_GA/generation_3/generation_3_docked.smi
2025-04-26 00:03:36,162 - INFO - 对接结果分析完成，结果保存至: /data1/tgy/GA_llm/output_GA/generation_3/generation_3_stats.txt
2025-04-26 00:03:36,169 - INFO - 
==================== Generation 3 统计信息 ====================
总分子数: 2088
所有分子得分均值: -8.4237
Top1得分: -11.0000
Top10得分均值: -11.0000
Top20得分均值: -11.0000
Top50得分均值: -10.9560
Top100得分均值: -10.8520
========================================================================

2025-04-26 00:03:36,170 - INFO - 第 3 代进化完成
2025-04-26 00:03:36,171 - INFO - 第 3 代进化完成，耗时: 1963.78秒
2025-04-26 00:03:36,171 - INFO - 结果保存至: /data1/tgy/GA_llm/output_GA/generation_3/generation_3_docked.smi
2025-04-26 00:03:36,171 - INFO - 开始第 4 代进化
2025-04-26 00:03:36,171 - INFO - 开始第 4 代进化
2025-04-26 00:03:36,172 - INFO - 第 4 代种子设置: 基于适应度选择 50 个, 基于多样性选择 4 个
2025-04-26 00:03:36,174 - INFO - 选择种子分子: 根据适应度选择 50 个, 根据多样性选择 4 个
2025-04-26 00:03:38,812 - INFO - 已选择 54 个种子分子，保存至: /data1/tgy/GA_llm/output_GA/generation_4/generation_4_seeds.smi
2025-04-26 00:03:38,812 - INFO - 开始分子交叉: 使用 54 个种子分子生成 50 个新分子
2025-04-26 00:04:08,688 - INFO - 分子交叉完成，生成文件: /data1/tgy/GA_llm/output_GA/generation_4/generation_4_crossover.smi
2025-04-26 00:04:08,688 - INFO - 开始分子变异: 使用 54 个种子分子生成 50 个新分子
2025-04-26 00:04:45,242 - INFO - 分子变异完成，生成文件: /data1/tgy/GA_llm/output_GA/generation_4/generation_4_mutation.smi
2025-04-26 00:04:45,252 - INFO - 合并交叉和变异结果: 交叉 2192 个, 变异 2142 个
2025-04-26 00:04:45,252 - INFO - 开始分子过滤: /data1/tgy/GA_llm/output_GA/generation_4/generation_4_merged.smi
2025-04-26 00:04:45,253 - INFO - 执行过滤命令: python /data1/tgy/GA_llm/operations/filter/filter_demo.py --input /data1/tgy/GA_llm/output_GA/generation_4/generation_4_merged.smi --output /data1/tgy/GA_llm/output_GA/generation_4/generation_4_filtered.smi --LipinskiLenientFilter
2025-04-26 00:05:29,083 - INFO - 分子过滤完成，生成文件: /data1/tgy/GA_llm/output_GA/generation_4/generation_4_filtered.smi
2025-04-26 00:05:29,083 - INFO - 开始分子对接: /data1/tgy/GA_llm/output_GA/generation_4/generation_4_filtered.smi, 处理器数量: -1, 模式: multithreading
2025-04-26 00:05:29,083 - INFO - 自动设置使用所有可用的CPU核心: 128
2025-04-26 00:05:29,083 - INFO - 使用并行模式进行对接，处理器数量: 128
2025-04-26 00:05:29,086 - INFO - 共有 4332 个分子需要对接
2025-04-26 00:05:29,086 - INFO - 将 4332 个分子分为 132 批进行处理，每批大约 33 个分子
2025-04-26 00:05:29,086 - INFO - 使用多线程模式，线程数: 128
2025-04-26 00:10:26,405 - INFO - 已完成: 216/4332 (5.0%), 成功: 216/216 (100.0% 成功率), 耗时: 297.3秒, 预计剩余: 5665.6秒
2025-04-26 00:15:12,968 - INFO - 已完成: 432/4332 (10.0%), 成功: 432/432 (100.0% 成功率), 耗时: 583.9秒, 预计剩余: 5271.2秒
2025-04-26 00:20:15,701 - INFO - 已完成: 648/4332 (15.0%), 成功: 648/648 (100.0% 成功率), 耗时: 886.6秒, 预计剩余: 5040.6秒
2025-04-26 00:25:15,543 - INFO - 已完成: 864/4332 (19.9%), 成功: 864/864 (100.0% 成功率), 耗时: 1186.5秒, 预计剩余: 4762.3秒
2025-04-26 00:30:59,797 - INFO - 已完成: 1080/4332 (24.9%), 成功: 1080/1080 (100.0% 成功率), 耗时: 1530.7秒, 预计剩余: 4609.1秒
2025-04-26 00:36:38,825 - INFO - 已完成: 1296/4332 (29.9%), 成功: 1296/1296 (100.0% 成功率), 耗时: 1869.7秒, 预计剩余: 4380.0秒
2025-04-26 00:41:56,190 - INFO - 已完成: 1512/4332 (34.9%), 成功: 1512/1512 (100.0% 成功率), 耗时: 2187.1秒, 预计剩余: 4079.1秒
2025-04-26 00:47:05,341 - INFO - 已完成: 1728/4332 (39.9%), 成功: 1728/1728 (100.0% 成功率), 耗时: 2496.3秒, 预计剩余: 3761.7秒
2025-04-26 00:52:13,744 - INFO - 已完成: 1944/4332 (44.9%), 成功: 1944/1944 (100.0% 成功率), 耗时: 2804.7秒, 预计剩余: 3445.2秒
2025-04-26 00:58:57,668 - INFO - 已完成: 2160/4332 (49.9%), 成功: 2160/2160 (100.0% 成功率), 耗时: 3208.6秒, 预计剩余: 3226.4秒
2025-04-26 01:03:35,482 - INFO - 已完成: 2376/4332 (54.8%), 成功: 2376/2376 (100.0% 成功率), 耗时: 3486.4秒, 预计剩余: 2870.1秒
2025-04-26 01:08:20,945 - INFO - 已完成: 2592/4332 (59.8%), 成功: 2592/2592 (100.0% 成功率), 耗时: 3771.9秒, 预计剩余: 2532.0秒
2025-04-26 01:13:31,530 - INFO - 已完成: 2808/4332 (64.8%), 成功: 2808/2808 (100.0% 成功率), 耗时: 4082.4秒, 预计剩余: 2215.7秒
2025-04-26 01:18:36,690 - INFO - 已完成: 3024/4332 (69.8%), 成功: 3024/3024 (100.0% 成功率), 耗时: 4387.6秒, 预计剩余: 1897.8秒
2025-04-26 01:24:02,533 - INFO - 已完成: 3240/4332 (74.8%), 成功: 3240/3240 (100.0% 成功率), 耗时: 4713.4秒, 预计剩余: 1588.6秒
2025-04-26 01:29:33,757 - INFO - 已完成: 3456/4332 (79.8%), 成功: 3456/3456 (100.0% 成功率), 耗时: 5044.7秒, 预计剩余: 1278.7秒
2025-04-26 01:34:45,093 - INFO - 已完成: 3672/4332 (84.8%), 成功: 3672/3672 (100.0% 成功率), 耗时: 5356.0秒, 预计剩余: 962.7秒
2025-04-26 01:39:44,811 - INFO - 已完成: 3888/4332 (89.8%), 成功: 3888/3888 (100.0% 成功率), 耗时: 5655.7秒, 预计剩余: 645.9秒
2025-04-26 01:44:34,045 - INFO - 已完成: 4104/4332 (94.7%), 成功: 4104/4104 (100.0% 成功率), 耗时: 5945.0秒, 预计剩余: 330.3秒
2025-04-26 01:50:49,851 - INFO - 已完成: 4320/4332 (99.7%), 成功: 4320/4320 (100.0% 成功率), 耗时: 6320.8秒, 预计剩余: 17.6秒
2025-04-26 01:51:44,729 - INFO - 已完成: 4332/4332 (100.0%), 成功: 4332/4332 (100.0% 成功率), 耗时: 6375.6秒, 预计剩余: 0.0秒
2025-04-26 01:51:44,751 - INFO - 对接计算完成，总耗时: 6375.66秒，平均每个分子: 1.47秒，总成功率: 100.0%
2025-04-26 01:51:44,753 - INFO - 并行对接完成，成功对接 4332/4332 个分子，结果保存至: /data1/tgy/GA_llm/output_GA/generation_4/generation_4_docked.smi
2025-04-26 01:51:45,064 - INFO - 开始对接结果分析: /data1/tgy/GA_llm/output_GA/generation_4/generation_4_docked.smi
2025-04-26 01:51:45,351 - INFO - 对接结果分析完成，结果保存至: /data1/tgy/GA_llm/output_GA/generation_4/generation_4_stats.txt
2025-04-26 01:51:45,364 - INFO - 
==================== Generation 4 统计信息 ====================
总分子数: 4332
所有分子得分均值: -8.4830
Top1得分: -11.6000
Top10得分均值: -11.0900
Top20得分均值: -11.0450
Top50得分均值: -11.0180
Top100得分均值: -11.0090
========================================================================

2025-04-26 01:51:45,364 - INFO - 第 4 代进化完成
2025-04-26 01:51:45,366 - INFO - 第 4 代进化完成，耗时: 6489.19秒
2025-04-26 01:51:45,366 - INFO - 结果保存至: /data1/tgy/GA_llm/output_GA/generation_4/generation_4_docked.smi
2025-04-26 01:51:45,367 - INFO - 开始第 5 代进化
2025-04-26 01:51:45,367 - INFO - 开始第 5 代进化
2025-04-26 01:51:45,367 - INFO - 第 5 代种子设置: 基于适应度选择 50 个, 基于多样性选择 2 个
2025-04-26 01:51:45,375 - INFO - 选择种子分子: 根据适应度选择 50 个, 根据多样性选择 2 个
2025-04-26 01:51:48,506 - INFO - 已选择 52 个种子分子，保存至: /data1/tgy/GA_llm/output_GA/generation_5/generation_5_seeds.smi
2025-04-26 01:51:48,506 - INFO - 开始分子交叉: 使用 52 个种子分子生成 50 个新分子
2025-04-26 01:52:44,789 - INFO - 分子交叉完成，生成文件: /data1/tgy/GA_llm/output_GA/generation_5/generation_5_crossover.smi
2025-04-26 01:52:44,789 - INFO - 开始分子变异: 使用 52 个种子分子生成 50 个新分子
2025-04-26 01:53:56,556 - INFO - 分子变异完成，生成文件: /data1/tgy/GA_llm/output_GA/generation_5/generation_5_mutation.smi
2025-04-26 01:53:56,565 - INFO - 合并交叉和变异结果: 交叉 4434 个, 变异 4384 个
2025-04-26 01:53:56,565 - INFO - 开始分子过滤: /data1/tgy/GA_llm/output_GA/generation_5/generation_5_merged.smi
2025-04-26 01:53:56,565 - INFO - 执行过滤命令: python /data1/tgy/GA_llm/operations/filter/filter_demo.py --input /data1/tgy/GA_llm/output_GA/generation_5/generation_5_merged.smi --output /data1/tgy/GA_llm/output_GA/generation_5/generation_5_filtered.smi --LipinskiLenientFilter
2025-04-26 01:55:28,749 - INFO - 分子过滤完成，生成文件: /data1/tgy/GA_llm/output_GA/generation_5/generation_5_filtered.smi
2025-04-26 01:55:28,750 - INFO - 开始分子对接: /data1/tgy/GA_llm/output_GA/generation_5/generation_5_filtered.smi, 处理器数量: -1, 模式: multithreading
2025-04-26 01:55:28,750 - INFO - 自动设置使用所有可用的CPU核心: 128
2025-04-26 01:55:28,750 - INFO - 使用并行模式进行对接，处理器数量: 128
2025-04-26 01:55:28,754 - INFO - 共有 8817 个分子需要对接
2025-04-26 01:55:28,755 - INFO - 将 8817 个分子分为 130 批进行处理，每批大约 68 个分子
2025-04-26 01:55:28,755 - INFO - 使用多线程模式，线程数: 128
2025-04-26 02:03:52,743 - INFO - 已完成: 440/8817 (5.0%), 成功: 440/440 (100.0% 成功率), 耗时: 504.0秒, 预计剩余: 9595.2秒
2025-04-26 02:13:28,446 - INFO - 已完成: 880/8817 (10.0%), 成功: 880/880 (100.0% 成功率), 耗时: 1079.7秒, 预计剩余: 9738.1秒
2025-04-26 02:24:22,397 - INFO - 已完成: 1320/8817 (15.0%), 成功: 1320/1320 (100.0% 成功率), 耗时: 1733.6秒, 预计剩余: 9846.3秒
2025-04-26 02:34:25,930 - INFO - 已完成: 1760/8817 (20.0%), 成功: 1760/1760 (100.0% 成功率), 耗时: 2337.2秒, 预计剩余: 9371.3秒
2025-04-26 02:45:44,008 - INFO - 已完成: 2200/8817 (25.0%), 成功: 2200/2200 (100.0% 成功率), 耗时: 3015.3秒, 预计剩余: 9069.1秒
2025-04-26 02:56:19,761 - INFO - 已完成: 2640/8817 (29.9%), 成功: 2640/2640 (100.0% 成功率), 耗时: 3651.0秒, 预计剩余: 8542.5秒
2025-04-26 03:06:41,388 - INFO - 已完成: 3080/8817 (34.9%), 成功: 3080/3080 (100.0% 成功率), 耗时: 4272.6秒, 预计剩余: 7958.5秒
2025-04-26 03:17:55,302 - INFO - 已完成: 3520/8817 (39.9%), 成功: 3520/3520 (100.0% 成功率), 耗时: 4946.5秒, 预计剩余: 7443.7秒
2025-04-26 03:28:37,141 - INFO - 已完成: 3960/8817 (44.9%), 成功: 3960/3960 (100.0% 成功率), 耗时: 5588.4秒, 预计剩余: 6854.2秒
2025-04-26 03:40:56,286 - INFO - 已完成: 4400/8817 (49.9%), 成功: 4399/4400 (100.0% 成功率), 耗时: 6327.5秒, 预计剩余: 6352.0秒
2025-04-26 03:49:54,720 - INFO - 已完成: 4840/8817 (54.9%), 成功: 4839/4840 (100.0% 成功率), 耗时: 6866.0秒, 预计剩余: 5641.7秒
2025-04-26 03:59:41,781 - INFO - 已完成: 5280/8817 (59.9%), 成功: 5279/5280 (100.0% 成功率), 耗时: 7453.0秒, 预计剩余: 4992.7秒
2025-04-26 04:10:45,408 - INFO - 已完成: 5720/8817 (64.9%), 成功: 5719/5720 (100.0% 成功率), 耗时: 8116.7秒, 预计剩余: 4394.6秒
2025-04-26 04:21:30,400 - INFO - 已完成: 6160/8817 (69.9%), 成功: 6159/6160 (100.0% 成功率), 耗时: 8761.6秒, 预计剩余: 3779.2秒
2025-04-26 04:32:41,005 - INFO - 已完成: 6600/8817 (74.9%), 成功: 6599/6600 (100.0% 成功率), 耗时: 9432.2秒, 预计剩余: 3168.4秒
2025-04-26 04:43:17,946 - INFO - 已完成: 7040/8817 (79.8%), 成功: 7039/7040 (100.0% 成功率), 耗时: 10069.2秒, 预计剩余: 2541.6秒
2025-04-26 04:53:42,916 - INFO - 已完成: 7480/8817 (84.8%), 成功: 7479/7480 (100.0% 成功率), 耗时: 10694.2秒, 预计剩余: 1911.5秒
2025-04-26 05:05:08,068 - INFO - 已完成: 7920/8817 (89.8%), 成功: 7919/7920 (100.0% 成功率), 耗时: 11379.3秒, 预计剩余: 1288.8秒
2025-04-26 05:15:33,735 - INFO - 已完成: 8360/8817 (94.8%), 成功: 8359/8360 (100.0% 成功率), 耗时: 12005.0秒, 预计剩余: 656.3秒
2025-04-26 05:27:17,860 - INFO - 已完成: 8800/8817 (99.8%), 成功: 8799/8800 (100.0% 成功率), 耗时: 12709.1秒, 预计剩余: 24.6秒
2025-04-26 05:28:28,714 - INFO - 已完成: 8817/8817 (100.0%), 成功: 8816/8817 (100.0% 成功率), 耗时: 12780.0秒, 预计剩余: 0.0秒
2025-04-26 05:28:28,739 - INFO - 对接计算完成，总耗时: 12779.98秒，平均每个分子: 1.45秒，总成功率: 100.0%
2025-04-26 05:28:28,749 - INFO - 并行对接完成，成功对接 8816/8817 个分子，结果保存至: /data1/tgy/GA_llm/output_GA/generation_5/generation_5_docked.smi
2025-04-26 05:28:29,394 - INFO - 开始对接结果分析: /data1/tgy/GA_llm/output_GA/generation_5/generation_5_docked.smi
2025-04-26 05:28:29,737 - INFO - 对接结果分析完成，结果保存至: /data1/tgy/GA_llm/output_GA/generation_5/generation_5_stats.txt
2025-04-26 05:28:29,756 - INFO - 
==================== Generation 5 统计信息 ====================
总分子数: 8816
所有分子得分均值: -8.5099
Top1得分: -11.6000
Top10得分均值: -11.4400
Top20得分均值: -11.2200
Top50得分均值: -11.0880
Top100得分均值: -11.0440
========================================================================

2025-04-26 05:28:29,757 - INFO - 第 5 代进化完成
2025-04-26 05:28:29,759 - INFO - 第 5 代进化完成，耗时: 13004.39秒
2025-04-26 05:28:29,759 - INFO - 结果保存至: /data1/tgy/GA_llm/output_GA/generation_5/generation_5_docked.smi
2025-04-26 08:18:48,339 - INFO - 开始第0代(对初始种群进行处理后对接)
2025-04-26 08:18:48,339 - INFO - 开始第 0 代进化
2025-04-26 08:18:48,339 - INFO - Generation 0: 对初始文件进行处理后进行对接
2025-04-26 08:18:48,339 - INFO - 开始分子过滤: /data1/tgy/GA_llm/datasets/source_compounds/naphthalene_smiles.smi
2025-04-26 08:18:48,339 - INFO - 执行过滤命令: python /data1/tgy/GA_llm/operations/filter/filter_demo.py --input /data1/tgy/GA_llm/datasets/source_compounds/naphthalene_smiles.smi --output /data1/tgy/GA_llm/output_GA/generation_0/generation_0_filtered.smi --LipinskiLenientFilter
2025-04-26 08:18:53,164 - INFO - 分子过滤完成，生成文件: /data1/tgy/GA_llm/output_GA/generation_0/generation_0_filtered.smi
2025-04-26 08:18:53,165 - INFO - 开始分子对接: /data1/tgy/GA_llm/output_GA/generation_0/generation_0_filtered.smi, 处理器数量: -1, 模式: multithreading
2025-04-26 08:18:53,165 - INFO - 自动设置使用所有可用的CPU核心: 128
2025-04-26 08:18:53,165 - INFO - 使用并行模式进行对接，处理器数量: 128
2025-04-26 08:18:53,165 - INFO - 共有 115 个分子需要对接
2025-04-26 08:18:53,166 - INFO - 将 115 个分子分为 115 批进行处理，每批大约 1 个分子
2025-04-26 08:18:53,166 - INFO - 使用多线程模式，线程数: 128
2025-04-26 08:20:12,035 - INFO - 已完成: 5/115 (4.3%), 成功: 5/5 (100.0% 成功率), 耗时: 78.9秒, 预计剩余: 1735.1秒
2025-04-26 08:20:23,231 - INFO - 已完成: 10/115 (8.7%), 成功: 10/10 (100.0% 成功率), 耗时: 90.1秒, 预计剩余: 945.7秒
2025-04-26 08:20:30,464 - INFO - 已完成: 15/115 (13.0%), 成功: 15/15 (100.0% 成功率), 耗时: 97.3秒, 预计剩余: 648.7秒
2025-04-26 08:20:33,733 - INFO - 已完成: 20/115 (17.4%), 成功: 20/20 (100.0% 成功率), 耗时: 100.6秒, 预计剩余: 477.7秒
2025-04-26 08:20:42,306 - INFO - 已完成: 25/115 (21.7%), 成功: 25/25 (100.0% 成功率), 耗时: 109.1秒, 预计剩余: 392.9秒
2025-04-26 08:20:46,126 - INFO - 已完成: 30/115 (26.1%), 成功: 30/30 (100.0% 成功率), 耗时: 113.0秒, 预计剩余: 320.1秒
2025-04-26 08:20:48,636 - INFO - 已完成: 35/115 (30.4%), 成功: 35/35 (100.0% 成功率), 耗时: 115.5秒, 预计剩余: 263.9秒
2025-04-26 08:20:49,921 - INFO - 已完成: 40/115 (34.8%), 成功: 40/40 (100.0% 成功率), 耗时: 116.8秒, 预计剩余: 218.9秒
2025-04-26 08:20:53,198 - INFO - 已完成: 45/115 (39.1%), 成功: 45/45 (100.0% 成功率), 耗时: 120.0秒, 预计剩余: 186.7秒
2025-04-26 08:20:55,634 - INFO - 已完成: 50/115 (43.5%), 成功: 50/50 (100.0% 成功率), 耗时: 122.5秒, 预计剩余: 159.2秒
2025-04-26 08:20:57,189 - INFO - 已完成: 55/115 (47.8%), 成功: 55/55 (100.0% 成功率), 耗时: 124.0秒, 预计剩余: 135.3秒
2025-04-26 08:20:59,000 - INFO - 已完成: 60/115 (52.2%), 成功: 60/60 (100.0% 成功率), 耗时: 125.8秒, 预计剩余: 115.3秒
2025-04-26 08:21:00,984 - INFO - 已完成: 65/115 (56.5%), 成功: 65/65 (100.0% 成功率), 耗时: 127.8秒, 预计剩余: 98.3秒
2025-04-26 08:21:06,330 - INFO - 已完成: 70/115 (60.9%), 成功: 70/70 (100.0% 成功率), 耗时: 133.2秒, 预计剩余: 85.6秒
2025-04-26 08:21:13,510 - INFO - 已完成: 75/115 (65.2%), 成功: 75/75 (100.0% 成功率), 耗时: 140.3秒, 预计剩余: 74.9秒
2025-04-26 08:21:16,934 - INFO - 已完成: 80/115 (69.6%), 成功: 80/80 (100.0% 成功率), 耗时: 143.8秒, 预计剩余: 62.9秒
2025-04-26 08:21:23,508 - INFO - 已完成: 85/115 (73.9%), 成功: 85/85 (100.0% 成功率), 耗时: 150.3秒, 预计剩余: 53.1秒
2025-04-26 08:21:30,467 - INFO - 已完成: 90/115 (78.3%), 成功: 90/90 (100.0% 成功率), 耗时: 157.3秒, 预计剩余: 43.7秒
2025-04-26 08:21:31,598 - INFO - 已完成: 95/115 (82.6%), 成功: 95/95 (100.0% 成功率), 耗时: 158.4秒, 预计剩余: 33.4秒
2025-04-26 08:21:35,213 - INFO - 已完成: 100/115 (87.0%), 成功: 100/100 (100.0% 成功率), 耗时: 162.0秒, 预计剩余: 24.3秒
2025-04-26 08:21:37,187 - INFO - 已完成: 105/115 (91.3%), 成功: 105/105 (100.0% 成功率), 耗时: 164.0秒, 预计剩余: 15.6秒
2025-04-26 08:21:51,274 - INFO - 已完成: 110/115 (95.7%), 成功: 110/110 (100.0% 成功率), 耗时: 178.1秒, 预计剩余: 8.1秒
2025-04-26 08:22:04,042 - INFO - 已完成: 115/115 (100.0%), 成功: 115/115 (100.0% 成功率), 耗时: 190.9秒, 预计剩余: 0.0秒
2025-04-26 08:22:04,048 - INFO - 对接计算完成，总耗时: 190.88秒，平均每个分子: 1.66秒，总成功率: 100.0%
2025-04-26 08:22:04,049 - INFO - 并行对接完成，成功对接 115/115 个分子，结果保存至: /data1/tgy/GA_llm/output_GA/generation_0/generation_0_docked.smi
2025-04-26 08:22:04,056 - INFO - 开始对接结果分析: /data1/tgy/GA_llm/output_GA/generation_0/generation_0_docked.smi
2025-04-26 08:22:04,392 - INFO - 对接结果分析完成，结果保存至: /data1/tgy/GA_llm/output_GA/generation_0/generation_0_stats.txt
2025-04-26 08:22:04,393 - INFO - 
==================== Generation 0 统计信息 ====================
总分子数: 115
所有分子得分均值: -7.9504
Top1得分: -11.0000
Top10得分均值: -9.4400
Top20得分均值: -9.0700
Top50得分均值: -8.5840
Top100得分均值: -8.1090
========================================================================

2025-04-26 08:22:04,393 - INFO - 第 0 代完成
2025-04-26 08:22:04,394 - INFO - 第0代完成,耗时: 196.05秒
2025-04-26 08:22:04,394 - INFO - 开始第 1 代进化
2025-04-26 08:22:04,394 - INFO - 开始第 1 代进化
2025-04-26 08:22:04,394 - INFO - 第 1 代种子设置: 基于适应度选择 50 个, 基于多样性选择 10 个
2025-04-26 08:22:04,394 - INFO - 选择种子分子: 根据适应度选择 50 个, 根据多样性选择 10 个
2025-04-26 08:22:04,655 - INFO - 已选择 60 个种子分子，保存至: /data1/tgy/GA_llm/output_GA/generation_1/generation_1_seeds.smi
2025-04-26 08:22:04,655 - INFO - 开始分子交叉: 使用 60 个种子分子生成 50 个新分子
2025-04-26 08:22:10,405 - INFO - 分子交叉完成，生成文件: /data1/tgy/GA_llm/output_GA/generation_1/generation_1_crossover.smi
2025-04-26 08:22:10,406 - INFO - 开始分子变异: 使用 60 个种子分子生成 50 个新分子
2025-04-26 08:22:14,648 - INFO - 分子变异完成，生成文件: /data1/tgy/GA_llm/output_GA/generation_1/generation_1_mutation.smi
2025-04-26 08:22:14,649 - INFO - 合并后分子数量(170)超过预期(100)，随机抽样限制大小
2025-04-26 08:22:14,650 - INFO - 合并交叉和变异结果: 交叉 110 个, 变异 60 个, 合并后 100 个
2025-04-26 08:22:14,651 - INFO - 开始分子过滤: /data1/tgy/GA_llm/output_GA/generation_1/generation_1_merged.smi
2025-04-26 08:22:14,651 - INFO - 执行过滤命令: python /data1/tgy/GA_llm/operations/filter/filter_demo.py --input /data1/tgy/GA_llm/output_GA/generation_1/generation_1_merged.smi --output /data1/tgy/GA_llm/output_GA/generation_1/generation_1_filtered.smi --LipinskiLenientFilter
2025-04-26 08:22:18,898 - INFO - 分子过滤完成，生成文件: /data1/tgy/GA_llm/output_GA/generation_1/generation_1_filtered.smi
2025-04-26 08:22:18,898 - INFO - 开始分子对接: /data1/tgy/GA_llm/output_GA/generation_1/generation_1_filtered.smi, 处理器数量: -1, 模式: multithreading
2025-04-26 08:22:18,898 - INFO - 自动设置使用所有可用的CPU核心: 128
2025-04-26 08:22:18,899 - INFO - 使用并行模式进行对接，处理器数量: 128
2025-04-26 08:22:18,899 - INFO - 共有 99 个分子需要对接
2025-04-26 08:22:18,899 - INFO - 将 99 个分子分为 99 批进行处理，每批大约 1 个分子
2025-04-26 08:22:18,899 - INFO - 使用多线程模式，线程数: 128
2025-04-26 08:23:28,215 - INFO - 已完成: 4/99 (4.0%), 成功: 4/4 (100.0% 成功率), 耗时: 69.3秒, 预计剩余: 1646.3秒
2025-04-26 08:23:49,375 - INFO - 已完成: 8/99 (8.1%), 成功: 8/8 (100.0% 成功率), 耗时: 90.5秒, 预计剩余: 1029.2秒
2025-04-26 08:23:54,768 - INFO - 已完成: 12/99 (12.1%), 成功: 12/12 (100.0% 成功率), 耗时: 95.9秒, 预计剩余: 695.0秒
2025-04-26 08:24:00,253 - INFO - 已完成: 16/99 (16.2%), 成功: 16/16 (100.0% 成功率), 耗时: 101.4秒, 预计剩余: 525.8秒
2025-04-26 08:24:03,081 - INFO - 已完成: 20/99 (20.2%), 成功: 20/20 (100.0% 成功率), 耗时: 104.2秒, 预计剩余: 411.5秒
2025-04-26 08:24:07,708 - INFO - 已完成: 24/99 (24.2%), 成功: 24/24 (100.0% 成功率), 耗时: 108.8秒, 预计剩余: 340.0秒
2025-04-26 08:24:11,164 - INFO - 已完成: 28/99 (28.3%), 成功: 28/28 (100.0% 成功率), 耗时: 112.3秒, 预计剩余: 284.7秒
2025-04-26 08:24:13,107 - INFO - 已完成: 32/99 (32.3%), 成功: 32/32 (100.0% 成功率), 耗时: 114.2秒, 预计剩余: 239.1秒
2025-04-26 08:24:15,163 - INFO - 已完成: 36/99 (36.4%), 成功: 36/36 (100.0% 成功率), 耗时: 116.3秒, 预计剩余: 203.5秒
2025-04-26 08:24:18,730 - INFO - 已完成: 40/99 (40.4%), 成功: 40/40 (100.0% 成功率), 耗时: 119.8秒, 预计剩余: 176.8秒
2025-04-26 08:24:20,702 - INFO - 已完成: 44/99 (44.4%), 成功: 44/44 (100.0% 成功率), 耗时: 121.8秒, 预计剩余: 152.3秒
2025-04-26 08:24:22,039 - INFO - 已完成: 48/99 (48.5%), 成功: 48/48 (100.0% 成功率), 耗时: 123.1秒, 预计剩余: 130.8秒
2025-04-26 08:24:26,995 - INFO - 已完成: 52/99 (52.5%), 成功: 52/52 (100.0% 成功率), 耗时: 128.1秒, 预计剩余: 115.8秒
2025-04-26 08:24:31,117 - INFO - 已完成: 56/99 (56.6%), 成功: 56/56 (100.0% 成功率), 耗时: 132.2秒, 预计剩余: 101.5秒
2025-04-26 08:24:35,321 - INFO - 已完成: 60/99 (60.6%), 成功: 60/60 (100.0% 成功率), 耗时: 136.4秒, 预计剩余: 88.7秒
2025-04-26 08:24:40,370 - INFO - 已完成: 64/99 (64.6%), 成功: 64/64 (100.0% 成功率), 耗时: 141.5秒, 预计剩余: 77.4秒
2025-04-26 08:24:45,436 - INFO - 已完成: 68/99 (68.7%), 成功: 68/68 (100.0% 成功率), 耗时: 146.5秒, 预计剩余: 66.8秒
2025-04-26 08:24:49,623 - INFO - 已完成: 72/99 (72.7%), 成功: 72/72 (100.0% 成功率), 耗时: 150.7秒, 预计剩余: 56.5秒
2025-04-26 08:24:53,566 - INFO - 已完成: 76/99 (76.8%), 成功: 76/76 (100.0% 成功率), 耗时: 154.7秒, 预计剩余: 46.8秒
2025-04-26 08:24:58,515 - INFO - 已完成: 80/99 (80.8%), 成功: 80/80 (100.0% 成功率), 耗时: 159.6秒, 预计剩余: 37.9秒
2025-04-26 08:25:01,889 - INFO - 已完成: 84/99 (84.8%), 成功: 84/84 (100.0% 成功率), 耗时: 163.0秒, 预计剩余: 29.1秒
2025-04-26 08:25:04,678 - INFO - 已完成: 88/99 (88.9%), 成功: 88/88 (100.0% 成功率), 耗时: 165.8秒, 预计剩余: 20.7秒
2025-04-26 08:25:09,115 - INFO - 已完成: 92/99 (92.9%), 成功: 92/92 (100.0% 成功率), 耗时: 170.2秒, 预计剩余: 13.0秒
2025-04-26 08:25:18,192 - INFO - 已完成: 96/99 (97.0%), 成功: 96/96 (100.0% 成功率), 耗时: 179.3秒, 预计剩余: 5.6秒
2025-04-26 08:25:25,398 - INFO - 已完成: 99/99 (100.0%), 成功: 99/99 (100.0% 成功率), 耗时: 186.5秒, 预计剩余: 0.0秒
2025-04-26 08:25:25,404 - INFO - 对接计算完成，总耗时: 186.51秒，平均每个分子: 1.88秒，总成功率: 100.0%
2025-04-26 08:25:25,405 - INFO - 并行对接完成，成功对接 99/99 个分子，结果保存至: /data1/tgy/GA_llm/output_GA/generation_1/generation_1_docked.smi
2025-04-26 08:25:25,412 - INFO - 开始对接结果分析: /data1/tgy/GA_llm/output_GA/generation_1/generation_1_docked.smi
2025-04-26 08:25:25,688 - INFO - 对接结果分析完成，结果保存至: /data1/tgy/GA_llm/output_GA/generation_1/generation_1_stats.txt
2025-04-26 08:25:25,689 - INFO - 
==================== Generation 1 统计信息 ====================
总分子数: 99
所有分子得分均值: -8.5121
Top1得分: -10.9000
Top10得分均值: -9.8800
Top20得分均值: -9.4800
Top50得分均值: -8.9560
Top100得分均值: -8.5121
========================================================================

2025-04-26 08:25:25,690 - INFO - 第 1 代进化完成
2025-04-26 08:25:25,690 - INFO - 第 1 代进化完成，耗时: 201.30秒
2025-04-26 08:25:25,690 - INFO - 结果保存至: /data1/tgy/GA_llm/output_GA/generation_1/generation_1_docked.smi
2025-04-26 08:25:25,691 - INFO - 开始第 2 代进化
2025-04-26 08:25:25,691 - INFO - 开始第 2 代进化
2025-04-26 08:25:25,691 - INFO - 第 2 代种子设置: 基于适应度选择 50 个, 基于多样性选择 8 个
2025-04-26 08:25:25,691 - INFO - 选择种子分子: 根据适应度选择 50 个, 根据多样性选择 8 个
2025-04-26 08:25:25,815 - INFO - 已选择 58 个种子分子，保存至: /data1/tgy/GA_llm/output_GA/generation_2/generation_2_seeds.smi
2025-04-26 08:25:25,816 - INFO - 开始分子交叉: 使用 58 个种子分子生成 50 个新分子
2025-04-26 08:25:32,641 - INFO - 分子交叉完成，生成文件: /data1/tgy/GA_llm/output_GA/generation_2/generation_2_crossover.smi
2025-04-26 08:25:32,641 - INFO - 开始分子变异: 使用 58 个种子分子生成 50 个新分子
2025-04-26 08:25:37,245 - INFO - 分子变异完成，生成文件: /data1/tgy/GA_llm/output_GA/generation_2/generation_2_mutation.smi
2025-04-26 08:25:37,246 - INFO - 合并后分子数量(166)超过预期(100)，随机抽样限制大小
2025-04-26 08:25:37,246 - INFO - 合并交叉和变异结果: 交叉 108 个, 变异 58 个, 合并后 100 个
2025-04-26 08:25:37,246 - INFO - 开始分子过滤: /data1/tgy/GA_llm/output_GA/generation_2/generation_2_merged.smi
2025-04-26 08:25:37,247 - INFO - 执行过滤命令: python /data1/tgy/GA_llm/operations/filter/filter_demo.py --input /data1/tgy/GA_llm/output_GA/generation_2/generation_2_merged.smi --output /data1/tgy/GA_llm/output_GA/generation_2/generation_2_filtered.smi --LipinskiLenientFilter
2025-04-26 08:25:41,687 - INFO - 分子过滤完成，生成文件: /data1/tgy/GA_llm/output_GA/generation_2/generation_2_filtered.smi
2025-04-26 08:25:41,687 - INFO - 开始分子对接: /data1/tgy/GA_llm/output_GA/generation_2/generation_2_filtered.smi, 处理器数量: -1, 模式: multithreading
2025-04-26 08:25:41,687 - INFO - 自动设置使用所有可用的CPU核心: 128
2025-04-26 08:25:41,687 - INFO - 使用并行模式进行对接，处理器数量: 128
2025-04-26 08:25:41,687 - INFO - 共有 99 个分子需要对接
2025-04-26 08:25:41,688 - INFO - 将 99 个分子分为 99 批进行处理，每批大约 1 个分子
2025-04-26 08:25:41,688 - INFO - 使用多线程模式，线程数: 128
2025-04-26 08:26:52,085 - INFO - 已完成: 4/99 (4.0%), 成功: 4/4 (100.0% 成功率), 耗时: 70.4秒, 预计剩余: 1671.9秒
2025-04-26 08:26:58,312 - INFO - 已完成: 8/99 (8.1%), 成功: 8/8 (100.0% 成功率), 耗时: 76.6秒, 预计剩余: 871.6秒
2025-04-26 08:27:05,317 - INFO - 已完成: 12/99 (12.1%), 成功: 12/12 (100.0% 成功率), 耗时: 83.6秒, 预计剩余: 606.3秒
2025-04-26 08:27:11,658 - INFO - 已完成: 16/99 (16.2%), 成功: 16/16 (100.0% 成功率), 耗时: 90.0秒, 预计剩余: 466.7秒
2025-04-26 08:27:17,793 - INFO - 已完成: 20/99 (20.2%), 成功: 20/20 (100.0% 成功率), 耗时: 96.1秒, 预计剩余: 379.6秒
2025-04-26 08:27:20,258 - INFO - 已完成: 24/99 (24.2%), 成功: 24/24 (100.0% 成功率), 耗时: 98.6秒, 预计剩余: 308.0秒
2025-04-26 08:27:27,309 - INFO - 已完成: 28/99 (28.3%), 成功: 28/28 (100.0% 成功率), 耗时: 105.6秒, 预计剩余: 267.8秒
2025-04-26 08:27:31,670 - INFO - 已完成: 32/99 (32.3%), 成功: 32/32 (100.0% 成功率), 耗时: 110.0秒, 预计剩余: 230.3秒
2025-04-26 08:27:34,076 - INFO - 已完成: 36/99 (36.4%), 成功: 36/36 (100.0% 成功率), 耗时: 112.4秒, 预计剩余: 196.7秒
2025-04-26 08:27:34,651 - INFO - 已完成: 40/99 (40.4%), 成功: 40/40 (100.0% 成功率), 耗时: 113.0秒, 预计剩余: 166.6秒
2025-04-26 08:27:36,502 - INFO - 已完成: 44/99 (44.4%), 成功: 44/44 (100.0% 成功率), 耗时: 114.8秒, 预计剩余: 143.5秒
2025-04-26 08:27:39,525 - INFO - 已完成: 48/99 (48.5%), 成功: 48/48 (100.0% 成功率), 耗时: 117.8秒, 预计剩余: 125.2秒
2025-04-26 08:27:44,749 - INFO - 已完成: 52/99 (52.5%), 成功: 52/52 (100.0% 成功率), 耗时: 123.1秒, 预计剩余: 111.2秒
2025-04-26 08:27:47,601 - INFO - 已完成: 56/99 (56.6%), 成功: 56/56 (100.0% 成功率), 耗时: 125.9秒, 预计剩余: 96.7秒
2025-04-26 08:27:54,539 - INFO - 已完成: 60/99 (60.6%), 成功: 60/60 (100.0% 成功率), 耗时: 132.9秒, 预计剩余: 86.4秒
2025-04-26 08:28:04,069 - INFO - 已完成: 64/99 (64.6%), 成功: 64/64 (100.0% 成功率), 耗时: 142.4秒, 预计剩余: 77.9秒
2025-04-26 08:28:07,820 - INFO - 已完成: 68/99 (68.7%), 成功: 68/68 (100.0% 成功率), 耗时: 146.1秒, 预计剩余: 66.6秒
2025-04-26 08:28:10,194 - INFO - 已完成: 72/99 (72.7%), 成功: 72/72 (100.0% 成功率), 耗时: 148.5秒, 预计剩余: 55.7秒
2025-04-26 08:28:19,814 - INFO - 已完成: 76/99 (76.8%), 成功: 76/76 (100.0% 成功率), 耗时: 158.1秒, 预计剩余: 47.9秒
2025-04-26 08:28:25,827 - INFO - 已完成: 80/99 (80.8%), 成功: 80/80 (100.0% 成功率), 耗时: 164.1秒, 预计剩余: 39.0秒
2025-04-26 08:28:35,923 - INFO - 已完成: 84/99 (84.8%), 成功: 84/84 (100.0% 成功率), 耗时: 174.2秒, 预计剩余: 31.1秒
2025-04-26 08:28:38,941 - INFO - 已完成: 88/99 (88.9%), 成功: 88/88 (100.0% 成功率), 耗时: 177.3秒, 预计剩余: 22.2秒
2025-04-26 08:28:43,992 - INFO - 已完成: 92/99 (92.9%), 成功: 92/92 (100.0% 成功率), 耗时: 182.3秒, 预计剩余: 13.9秒
2025-04-26 08:28:51,592 - INFO - 已完成: 96/99 (97.0%), 成功: 96/96 (100.0% 成功率), 耗时: 189.9秒, 预计剩余: 5.9秒
2025-04-26 08:29:00,120 - INFO - 已完成: 99/99 (100.0%), 成功: 99/99 (100.0% 成功率), 耗时: 198.4秒, 预计剩余: 0.0秒
2025-04-26 08:29:00,131 - INFO - 对接计算完成，总耗时: 198.44秒，平均每个分子: 2.00秒，总成功率: 100.0%
2025-04-26 08:29:00,131 - INFO - 并行对接完成，成功对接 99/99 个分子，结果保存至: /data1/tgy/GA_llm/output_GA/generation_2/generation_2_docked.smi
2025-04-26 08:29:00,139 - INFO - 开始对接结果分析: /data1/tgy/GA_llm/output_GA/generation_2/generation_2_docked.smi
2025-04-26 08:29:00,434 - INFO - 对接结果分析完成，结果保存至: /data1/tgy/GA_llm/output_GA/generation_2/generation_2_stats.txt
2025-04-26 08:29:00,435 - INFO - 
==================== Generation 2 统计信息 ====================
总分子数: 99
所有分子得分均值: -8.9455
Top1得分: -11.1000
Top10得分均值: -10.4700
Top20得分均值: -10.0900
Top50得分均值: -9.5000
Top100得分均值: -8.9455
========================================================================

2025-04-26 08:29:00,435 - INFO - 第 2 代进化完成
2025-04-26 08:29:00,436 - INFO - 第 2 代进化完成，耗时: 214.75秒
2025-04-26 08:29:00,436 - INFO - 结果保存至: /data1/tgy/GA_llm/output_GA/generation_2/generation_2_docked.smi
2025-04-26 08:29:00,436 - INFO - 开始第 3 代进化
2025-04-26 08:29:00,439 - INFO - 开始第 3 代进化
2025-04-26 08:29:00,439 - INFO - 第 3 代种子设置: 基于适应度选择 50 个, 基于多样性选择 6 个
2025-04-26 08:29:00,439 - INFO - 选择种子分子: 根据适应度选择 50 个, 根据多样性选择 6 个
2025-04-26 08:29:00,530 - INFO - 已选择 56 个种子分子，保存至: /data1/tgy/GA_llm/output_GA/generation_3/generation_3_seeds.smi
2025-04-26 08:29:00,530 - INFO - 开始分子交叉: 使用 56 个种子分子生成 50 个新分子
2025-04-26 08:29:10,995 - INFO - 分子交叉完成，生成文件: /data1/tgy/GA_llm/output_GA/generation_3/generation_3_crossover.smi
2025-04-26 08:29:10,995 - INFO - 开始分子变异: 使用 56 个种子分子生成 50 个新分子
2025-04-26 08:29:15,389 - INFO - 分子变异完成，生成文件: /data1/tgy/GA_llm/output_GA/generation_3/generation_3_mutation.smi
2025-04-26 08:29:15,390 - INFO - 合并后分子数量(162)超过预期(100)，随机抽样限制大小
2025-04-26 08:29:15,391 - INFO - 合并交叉和变异结果: 交叉 106 个, 变异 56 个, 合并后 100 个
2025-04-26 08:29:15,391 - INFO - 开始分子过滤: /data1/tgy/GA_llm/output_GA/generation_3/generation_3_merged.smi
2025-04-26 08:29:15,391 - INFO - 执行过滤命令: python /data1/tgy/GA_llm/operations/filter/filter_demo.py --input /data1/tgy/GA_llm/output_GA/generation_3/generation_3_merged.smi --output /data1/tgy/GA_llm/output_GA/generation_3/generation_3_filtered.smi --LipinskiLenientFilter
2025-04-26 08:29:20,025 - INFO - 分子过滤完成，生成文件: /data1/tgy/GA_llm/output_GA/generation_3/generation_3_filtered.smi
2025-04-26 08:29:20,025 - INFO - 开始分子对接: /data1/tgy/GA_llm/output_GA/generation_3/generation_3_filtered.smi, 处理器数量: -1, 模式: multithreading
2025-04-26 08:29:20,026 - INFO - 自动设置使用所有可用的CPU核心: 128
2025-04-26 08:29:20,026 - INFO - 使用并行模式进行对接，处理器数量: 128
2025-04-26 08:29:20,026 - INFO - 共有 99 个分子需要对接
2025-04-26 08:29:20,026 - INFO - 将 99 个分子分为 99 批进行处理，每批大约 1 个分子
2025-04-26 08:29:20,027 - INFO - 使用多线程模式，线程数: 128
2025-04-26 08:30:18,423 - INFO - 已完成: 4/99 (4.0%), 成功: 4/4 (100.0% 成功率), 耗时: 58.4秒, 预计剩余: 1386.9秒
2025-04-26 08:30:33,350 - INFO - 已完成: 8/99 (8.1%), 成功: 8/8 (100.0% 成功率), 耗时: 73.3秒, 预计剩余: 834.1秒
2025-04-26 08:30:50,250 - INFO - 已完成: 12/99 (12.1%), 成功: 12/12 (100.0% 成功率), 耗时: 90.2秒, 预计剩余: 654.1秒
2025-04-26 08:30:59,110 - INFO - 已完成: 16/99 (16.2%), 成功: 16/16 (100.0% 成功率), 耗时: 99.1秒, 预计剩余: 514.0秒
2025-04-26 08:31:03,569 - INFO - 已完成: 20/99 (20.2%), 成功: 20/20 (100.0% 成功率), 耗时: 103.5秒, 预计剩余: 409.0秒
2025-04-26 08:31:08,608 - INFO - 已完成: 24/99 (24.2%), 成功: 24/24 (100.0% 成功率), 耗时: 108.6秒, 预计剩余: 339.3秒
2025-04-26 08:31:12,582 - INFO - 已完成: 28/99 (28.3%), 成功: 28/28 (100.0% 成功率), 耗时: 112.6秒, 预计剩余: 285.4秒
2025-04-26 08:31:18,774 - INFO - 已完成: 32/99 (32.3%), 成功: 32/32 (100.0% 成功率), 耗时: 118.7秒, 预计剩余: 248.6秒
2025-04-26 08:31:23,871 - INFO - 已完成: 36/99 (36.4%), 成功: 36/36 (100.0% 成功率), 耗时: 123.8秒, 预计剩余: 216.7秒
2025-04-26 08:31:27,353 - INFO - 已完成: 40/99 (40.4%), 成功: 40/40 (100.0% 成功率), 耗时: 127.3秒, 预计剩余: 187.8秒
2025-04-26 08:31:33,341 - INFO - 已完成: 44/99 (44.4%), 成功: 44/44 (100.0% 成功率), 耗时: 133.3秒, 预计剩余: 166.6秒
2025-04-26 08:31:41,588 - INFO - 已完成: 48/99 (48.5%), 成功: 48/48 (100.0% 成功率), 耗时: 141.6秒, 预计剩余: 150.4秒
2025-04-26 08:31:55,054 - INFO - 已完成: 52/99 (52.5%), 成功: 52/52 (100.0% 成功率), 耗时: 155.0秒, 预计剩余: 140.1秒
2025-04-26 08:32:06,121 - INFO - 已完成: 56/99 (56.6%), 成功: 56/56 (100.0% 成功率), 耗时: 166.1秒, 预计剩余: 127.5秒
2025-04-26 08:32:14,236 - INFO - 已完成: 60/99 (60.6%), 成功: 60/60 (100.0% 成功率), 耗时: 174.2秒, 预计剩余: 113.2秒
2025-04-26 08:32:22,340 - INFO - 已完成: 64/99 (64.6%), 成功: 64/64 (100.0% 成功率), 耗时: 182.3秒, 预计剩余: 99.7秒
2025-04-26 08:32:29,451 - INFO - 已完成: 68/99 (68.7%), 成功: 68/68 (100.0% 成功率), 耗时: 189.4秒, 预计剩余: 86.4秒
2025-04-26 08:32:36,691 - INFO - 已完成: 72/99 (72.7%), 成功: 72/72 (100.0% 成功率), 耗时: 196.7秒, 预计剩余: 73.7秒
2025-04-26 08:32:46,156 - INFO - 已完成: 76/99 (76.8%), 成功: 76/76 (100.0% 成功率), 耗时: 206.1秒, 预计剩余: 62.4秒
2025-04-26 08:32:57,479 - INFO - 已完成: 80/99 (80.8%), 成功: 80/80 (100.0% 成功率), 耗时: 217.5秒, 预计剩余: 51.6秒
2025-04-26 08:33:06,788 - INFO - 已完成: 84/99 (84.8%), 成功: 84/84 (100.0% 成功率), 耗时: 226.8秒, 预计剩余: 40.5秒
2025-04-26 08:33:13,354 - INFO - 已完成: 88/99 (88.9%), 成功: 88/88 (100.0% 成功率), 耗时: 233.3秒, 预计剩余: 29.2秒
2025-04-26 08:33:17,773 - INFO - 已完成: 92/99 (92.9%), 成功: 92/92 (100.0% 成功率), 耗时: 237.7秒, 预计剩余: 18.1秒
2025-04-26 08:33:26,012 - INFO - 已完成: 96/99 (97.0%), 成功: 96/96 (100.0% 成功率), 耗时: 246.0秒, 预计剩余: 7.7秒
2025-04-26 08:33:39,741 - INFO - 已完成: 99/99 (100.0%), 成功: 99/99 (100.0% 成功率), 耗时: 259.7秒, 预计剩余: 0.0秒
2025-04-26 08:33:39,755 - INFO - 对接计算完成，总耗时: 259.73秒，平均每个分子: 2.62秒，总成功率: 100.0%
2025-04-26 08:33:39,756 - INFO - 并行对接完成，成功对接 99/99 个分子，结果保存至: /data1/tgy/GA_llm/output_GA/generation_3/generation_3_docked.smi
2025-04-26 08:33:39,766 - INFO - 开始对接结果分析: /data1/tgy/GA_llm/output_GA/generation_3/generation_3_docked.smi
2025-04-26 08:33:40,040 - INFO - 对接结果分析完成，结果保存至: /data1/tgy/GA_llm/output_GA/generation_3/generation_3_stats.txt
2025-04-26 08:33:40,042 - INFO - 
==================== Generation 3 统计信息 ====================
总分子数: 99
所有分子得分均值: -9.3889
Top1得分: -11.1000
Top10得分均值: -10.7800
Top20得分均值: -10.4700
Top50得分均值: -9.9020
Top100得分均值: -9.3889
========================================================================

2025-04-26 08:33:40,044 - INFO - 第 3 代进化完成
2025-04-26 08:33:40,044 - INFO - 第 3 代进化完成，耗时: 279.61秒
2025-04-26 08:33:40,045 - INFO - 结果保存至: /data1/tgy/GA_llm/output_GA/generation_3/generation_3_docked.smi
2025-04-26 08:33:40,045 - INFO - 开始第 4 代进化
2025-04-26 08:33:40,045 - INFO - 开始第 4 代进化
2025-04-26 08:33:40,046 - INFO - 第 4 代种子设置: 基于适应度选择 50 个, 基于多样性选择 4 个
2025-04-26 08:33:40,046 - INFO - 选择种子分子: 根据适应度选择 50 个, 根据多样性选择 4 个
2025-04-26 08:33:40,119 - INFO - 已选择 54 个种子分子，保存至: /data1/tgy/GA_llm/output_GA/generation_4/generation_4_seeds.smi
2025-04-26 08:33:40,120 - INFO - 开始分子交叉: 使用 54 个种子分子生成 50 个新分子
2025-04-26 08:33:51,724 - INFO - 分子交叉完成，生成文件: /data1/tgy/GA_llm/output_GA/generation_4/generation_4_crossover.smi
2025-04-26 08:33:51,725 - INFO - 开始分子变异: 使用 54 个种子分子生成 50 个新分子
2025-04-26 08:33:56,124 - INFO - 分子变异完成，生成文件: /data1/tgy/GA_llm/output_GA/generation_4/generation_4_mutation.smi
2025-04-26 08:33:56,125 - INFO - 合并后分子数量(158)超过预期(100)，随机抽样限制大小
2025-04-26 08:33:56,126 - INFO - 合并交叉和变异结果: 交叉 104 个, 变异 54 个, 合并后 100 个
2025-04-26 08:33:56,126 - INFO - 开始分子过滤: /data1/tgy/GA_llm/output_GA/generation_4/generation_4_merged.smi
2025-04-26 08:33:56,127 - INFO - 执行过滤命令: python /data1/tgy/GA_llm/operations/filter/filter_demo.py --input /data1/tgy/GA_llm/output_GA/generation_4/generation_4_merged.smi --output /data1/tgy/GA_llm/output_GA/generation_4/generation_4_filtered.smi --LipinskiLenientFilter
2025-04-26 08:34:00,721 - INFO - 分子过滤完成，生成文件: /data1/tgy/GA_llm/output_GA/generation_4/generation_4_filtered.smi
2025-04-26 08:34:00,722 - INFO - 开始分子对接: /data1/tgy/GA_llm/output_GA/generation_4/generation_4_filtered.smi, 处理器数量: -1, 模式: multithreading
2025-04-26 08:34:00,722 - INFO - 自动设置使用所有可用的CPU核心: 128
2025-04-26 08:34:00,722 - INFO - 使用并行模式进行对接，处理器数量: 128
2025-04-26 08:34:00,722 - INFO - 共有 99 个分子需要对接
2025-04-26 08:34:00,723 - INFO - 将 99 个分子分为 99 批进行处理，每批大约 1 个分子
2025-04-26 08:34:00,723 - INFO - 使用多线程模式，线程数: 128
2025-04-26 08:35:11,008 - INFO - 已完成: 4/99 (4.0%), 成功: 3/4 (75.0% 成功率), 耗时: 70.3秒, 预计剩余: 1669.3秒
2025-04-26 08:35:23,440 - INFO - 已完成: 8/99 (8.1%), 成功: 7/8 (87.5% 成功率), 耗时: 82.7秒, 预计剩余: 940.9秒
2025-04-26 08:35:43,946 - INFO - 已完成: 12/99 (12.1%), 成功: 11/12 (91.7% 成功率), 耗时: 103.2秒, 预计剩余: 748.4秒
2025-04-26 08:35:52,307 - INFO - 已完成: 16/99 (16.2%), 成功: 15/16 (93.8% 成功率), 耗时: 111.6秒, 预计剩余: 578.8秒
2025-04-26 08:36:08,324 - INFO - 已完成: 20/99 (20.2%), 成功: 19/20 (95.0% 成功率), 耗时: 127.6秒, 预计剩余: 504.0秒
2025-04-26 08:36:15,503 - INFO - 已完成: 24/99 (24.2%), 成功: 23/24 (95.8% 成功率), 耗时: 134.8秒, 预计剩余: 421.2秒
2025-04-26 08:36:23,499 - INFO - 已完成: 28/99 (28.3%), 成功: 27/28 (96.4% 成功率), 耗时: 142.8秒, 预计剩余: 362.0秒
2025-04-26 08:36:25,414 - INFO - 已完成: 32/99 (32.3%), 成功: 31/32 (96.9% 成功率), 耗时: 144.7秒, 预计剩余: 302.9秒
2025-04-26 08:36:32,691 - INFO - 已完成: 36/99 (36.4%), 成功: 35/36 (97.2% 成功率), 耗时: 152.0秒, 预计剩余: 265.9秒
2025-04-26 08:36:42,861 - INFO - 已完成: 40/99 (40.4%), 成功: 39/40 (97.5% 成功率), 耗时: 162.1秒, 预计剩余: 239.2秒
2025-04-26 08:36:57,514 - INFO - 已完成: 44/99 (44.4%), 成功: 43/44 (97.7% 成功率), 耗时: 176.8秒, 预计剩余: 221.0秒
2025-04-26 08:37:23,702 - INFO - 已完成: 48/99 (48.5%), 成功: 47/48 (97.9% 成功率), 耗时: 203.0秒, 预计剩余: 215.7秒
2025-04-26 08:37:33,587 - INFO - 已完成: 52/99 (52.5%), 成功: 51/52 (98.1% 成功率), 耗时: 212.9秒, 预计剩余: 192.4秒
2025-04-26 08:37:40,855 - INFO - 已完成: 56/99 (56.6%), 成功: 55/56 (98.2% 成功率), 耗时: 220.1秒, 预计剩余: 169.0秒
2025-04-26 08:37:46,182 - INFO - 已完成: 60/99 (60.6%), 成功: 59/60 (98.3% 成功率), 耗时: 225.5秒, 预计剩余: 146.5秒
2025-04-26 08:37:50,278 - INFO - 已完成: 64/99 (64.6%), 成功: 63/64 (98.4% 成功率), 耗时: 229.6秒, 预计剩余: 125.5秒
2025-04-26 08:37:59,504 - INFO - 已完成: 68/99 (68.7%), 成功: 67/68 (98.5% 成功率), 耗时: 238.8秒, 预计剩余: 108.9秒
2025-04-26 08:38:04,927 - INFO - 已完成: 72/99 (72.7%), 成功: 71/72 (98.6% 成功率), 耗时: 244.2秒, 预计剩余: 91.6秒
2025-04-26 08:38:11,508 - INFO - 已完成: 76/99 (76.8%), 成功: 75/76 (98.7% 成功率), 耗时: 250.8秒, 预计剩余: 75.9秒
2025-04-26 08:38:19,685 - INFO - 已完成: 80/99 (80.8%), 成功: 79/80 (98.8% 成功率), 耗时: 259.0秒, 预计剩余: 61.5秒
2025-04-26 08:38:34,918 - INFO - 已完成: 84/99 (84.8%), 成功: 83/84 (98.8% 成功率), 耗时: 274.2秒, 预计剩余: 49.0秒
2025-04-26 08:38:55,773 - INFO - 已完成: 88/99 (88.9%), 成功: 87/88 (98.9% 成功率), 耗时: 295.0秒, 预计剩余: 36.9秒
2025-04-26 08:39:02,322 - INFO - 已完成: 92/99 (92.9%), 成功: 91/92 (98.9% 成功率), 耗时: 301.6秒, 预计剩余: 22.9秒
2025-04-26 08:39:08,356 - INFO - 已完成: 96/99 (97.0%), 成功: 95/96 (99.0% 成功率), 耗时: 307.6秒, 预计剩余: 9.6秒
2025-04-26 08:39:20,150 - INFO - 已完成: 99/99 (100.0%), 成功: 98/99 (99.0% 成功率), 耗时: 319.4秒, 预计剩余: 0.0秒
2025-04-26 08:39:20,158 - INFO - 对接计算完成，总耗时: 319.44秒，平均每个分子: 3.23秒，总成功率: 99.0%
2025-04-26 08:39:20,158 - INFO - 并行对接完成，成功对接 98/99 个分子，结果保存至: /data1/tgy/GA_llm/output_GA/generation_4/generation_4_docked.smi
2025-04-26 08:39:20,167 - INFO - 开始对接结果分析: /data1/tgy/GA_llm/output_GA/generation_4/generation_4_docked.smi
2025-04-26 08:39:20,497 - INFO - 对接结果分析完成，结果保存至: /data1/tgy/GA_llm/output_GA/generation_4/generation_4_stats.txt
2025-04-26 08:39:20,499 - INFO - 
==================== Generation 4 统计信息 ====================
总分子数: 98
所有分子得分均值: -9.8459
Top1得分: -11.2000
Top10得分均值: -11.0000
Top20得分均值: -10.7800
Top50得分均值: -10.3100
Top100得分均值: -9.8459
========================================================================

2025-04-26 08:39:20,500 - INFO - 第 4 代进化完成
2025-04-26 08:39:20,500 - INFO - 第 4 代进化完成，耗时: 340.45秒
2025-04-26 08:39:20,501 - INFO - 结果保存至: /data1/tgy/GA_llm/output_GA/generation_4/generation_4_docked.smi
2025-04-26 08:39:20,501 - INFO - 开始第 5 代进化
2025-04-26 08:39:20,501 - INFO - 开始第 5 代进化
2025-04-26 08:39:20,501 - INFO - 第 5 代种子设置: 基于适应度选择 50 个, 基于多样性选择 2 个
2025-04-26 08:39:20,502 - INFO - 选择种子分子: 根据适应度选择 50 个, 根据多样性选择 2 个
2025-04-26 08:39:20,557 - INFO - 已选择 52 个种子分子，保存至: /data1/tgy/GA_llm/output_GA/generation_5/generation_5_seeds.smi
2025-04-26 08:39:20,558 - INFO - 开始分子交叉: 使用 52 个种子分子生成 50 个新分子
2025-04-26 08:39:41,129 - INFO - 分子交叉完成，生成文件: /data1/tgy/GA_llm/output_GA/generation_5/generation_5_crossover.smi
2025-04-26 08:39:41,130 - INFO - 开始分子变异: 使用 52 个种子分子生成 50 个新分子
2025-04-26 08:39:45,737 - INFO - 分子变异完成，生成文件: /data1/tgy/GA_llm/output_GA/generation_5/generation_5_mutation.smi
2025-04-26 08:39:45,738 - INFO - 合并后分子数量(154)超过预期(100)，随机抽样限制大小
2025-04-26 08:39:45,739 - INFO - 合并交叉和变异结果: 交叉 102 个, 变异 52 个, 合并后 100 个
2025-04-26 08:39:45,739 - INFO - 开始分子过滤: /data1/tgy/GA_llm/output_GA/generation_5/generation_5_merged.smi
2025-04-26 08:39:45,739 - INFO - 执行过滤命令: python /data1/tgy/GA_llm/operations/filter/filter_demo.py --input /data1/tgy/GA_llm/output_GA/generation_5/generation_5_merged.smi --output /data1/tgy/GA_llm/output_GA/generation_5/generation_5_filtered.smi --LipinskiLenientFilter
2025-04-26 08:39:50,481 - INFO - 分子过滤完成，生成文件: /data1/tgy/GA_llm/output_GA/generation_5/generation_5_filtered.smi
2025-04-26 08:39:50,481 - INFO - 开始分子对接: /data1/tgy/GA_llm/output_GA/generation_5/generation_5_filtered.smi, 处理器数量: -1, 模式: multithreading
2025-04-26 08:39:50,482 - INFO - 自动设置使用所有可用的CPU核心: 128
2025-04-26 08:39:50,482 - INFO - 使用并行模式进行对接，处理器数量: 128
2025-04-26 08:39:50,482 - INFO - 共有 98 个分子需要对接
2025-04-26 08:39:50,482 - INFO - 将 98 个分子分为 98 批进行处理，每批大约 1 个分子
2025-04-26 08:39:50,482 - INFO - 使用多线程模式，线程数: 128
2025-04-26 08:40:44,855 - INFO - 已完成: 4/98 (4.1%), 成功: 4/4 (100.0% 成功率), 耗时: 54.4秒, 预计剩余: 1277.8秒
2025-04-26 08:40:49,295 - INFO - 已完成: 8/98 (8.2%), 成功: 8/8 (100.0% 成功率), 耗时: 58.8秒, 预计剩余: 661.6秒
2025-04-26 08:40:56,141 - INFO - 已完成: 12/98 (12.2%), 成功: 12/12 (100.0% 成功率), 耗时: 65.7秒, 预计剩余: 470.6秒
2025-04-26 08:41:18,327 - INFO - 已完成: 16/98 (16.3%), 成功: 16/16 (100.0% 成功率), 耗时: 87.8秒, 预计剩余: 450.2秒
2025-04-26 08:41:42,967 - INFO - 已完成: 20/98 (20.4%), 成功: 20/20 (100.0% 成功率), 耗时: 112.5秒, 预计剩余: 438.7秒
2025-04-26 08:41:59,882 - INFO - 已完成: 24/98 (24.5%), 成功: 24/24 (100.0% 成功率), 耗时: 129.4秒, 预计剩余: 399.0秒
2025-04-26 08:42:15,593 - INFO - 已完成: 28/98 (28.6%), 成功: 28/28 (100.0% 成功率), 耗时: 145.1秒, 预计剩余: 362.8秒
2025-04-26 08:42:58,820 - INFO - 已完成: 32/98 (32.7%), 成功: 32/32 (100.0% 成功率), 耗时: 188.3秒, 预计剩余: 388.4秒
2025-04-26 08:43:08,367 - INFO - 已完成: 36/98 (36.7%), 成功: 36/36 (100.0% 成功率), 耗时: 197.9秒, 预计剩余: 340.8秒
2025-04-26 08:43:27,818 - INFO - 已完成: 40/98 (40.8%), 成功: 40/40 (100.0% 成功率), 耗时: 217.3秒, 预计剩余: 315.1秒
2025-04-26 08:43:34,673 - INFO - 已完成: 44/98 (44.9%), 成功: 44/44 (100.0% 成功率), 耗时: 224.2秒, 预计剩余: 275.1秒
2025-04-26 08:43:39,466 - INFO - 已完成: 48/98 (49.0%), 成功: 48/48 (100.0% 成功率), 耗时: 229.0秒, 预计剩余: 238.5秒
2025-04-26 08:43:45,104 - INFO - 已完成: 52/98 (53.1%), 成功: 52/52 (100.0% 成功率), 耗时: 234.6秒, 预计剩余: 207.6秒
2025-04-26 08:43:48,113 - INFO - 已完成: 56/98 (57.1%), 成功: 56/56 (100.0% 成功率), 耗时: 237.6秒, 预计剩余: 178.2秒
2025-04-26 08:43:58,782 - INFO - 已完成: 60/98 (61.2%), 成功: 60/60 (100.0% 成功率), 耗时: 248.3秒, 预计剩余: 157.3秒
2025-04-26 08:44:08,653 - INFO - 已完成: 64/98 (65.3%), 成功: 64/64 (100.0% 成功率), 耗时: 258.2秒, 预计剩余: 137.2秒
2025-04-26 08:44:15,701 - INFO - 已完成: 68/98 (69.4%), 成功: 68/68 (100.0% 成功率), 耗时: 265.2秒, 预计剩余: 117.0秒
2025-04-26 08:44:26,689 - INFO - 已完成: 72/98 (73.5%), 成功: 72/72 (100.0% 成功率), 耗时: 276.2秒, 预计剩余: 99.7秒
2025-04-26 08:44:33,204 - INFO - 已完成: 76/98 (77.6%), 成功: 76/76 (100.0% 成功率), 耗时: 282.7秒, 预计剩余: 81.8秒
2025-04-26 08:44:41,646 - INFO - 已完成: 80/98 (81.6%), 成功: 80/80 (100.0% 成功率), 耗时: 291.2秒, 预计剩余: 65.5秒
2025-04-26 08:44:51,876 - INFO - 已完成: 84/98 (85.7%), 成功: 84/84 (100.0% 成功率), 耗时: 301.4秒, 预计剩余: 50.2秒
2025-04-26 08:44:58,349 - INFO - 已完成: 88/98 (89.8%), 成功: 88/88 (100.0% 成功率), 耗时: 307.9秒, 预计剩余: 35.0秒
2025-04-26 08:45:06,157 - INFO - 已完成: 92/98 (93.9%), 成功: 92/92 (100.0% 成功率), 耗时: 315.7秒, 预计剩余: 20.6秒
2025-04-26 08:45:28,651 - INFO - 已完成: 96/98 (98.0%), 成功: 96/96 (100.0% 成功率), 耗时: 338.2秒, 预计剩余: 7.0秒
2025-04-26 08:45:38,327 - INFO - 已完成: 98/98 (100.0%), 成功: 98/98 (100.0% 成功率), 耗时: 347.8秒, 预计剩余: 0.0秒
2025-04-26 08:45:38,336 - INFO - 对接计算完成，总耗时: 347.85秒，平均每个分子: 3.55秒，总成功率: 100.0%
2025-04-26 08:45:38,337 - INFO - 并行对接完成，成功对接 98/98 个分子，结果保存至: /data1/tgy/GA_llm/output_GA/generation_5/generation_5_docked.smi
2025-04-26 08:45:38,346 - INFO - 开始对接结果分析: /data1/tgy/GA_llm/output_GA/generation_5/generation_5_docked.smi
2025-04-26 08:45:38,619 - INFO - 对接结果分析完成，结果保存至: /data1/tgy/GA_llm/output_GA/generation_5/generation_5_stats.txt
2025-04-26 08:45:38,620 - INFO - 
==================== Generation 5 统计信息 ====================
总分子数: 98
所有分子得分均值: -10.2020
Top1得分: -11.6000
Top10得分均值: -11.1400
Top20得分均值: -11.0150
Top50得分均值: -10.6140
Top100得分均值: -10.2020
========================================================================

2025-04-26 08:45:38,620 - INFO - 第 5 代进化完成
2025-04-26 08:45:38,621 - INFO - 第 5 代进化完成，耗时: 378.12秒
2025-04-26 08:45:38,621 - INFO - 结果保存至: /data1/tgy/GA_llm/output_GA/generation_5/generation_5_docked.smi
